<?xml version="1.0" encoding="ISO-8859-1" ?>
<link_info>
   <banner>TMS320C2000 Linker PC v22.6.1.LTS</banner>
   <copyright>Copyright (c) 1996-2018 Texas Instruments Incorporated</copyright>
   <link_time>0x683a843c</link_time>
   <link_errors>0x0</link_errors>
   <output_file>TP_CONVERTIDORES_DSP.out</output_file>
   <entry_point>
      <name>code_start</name>
      <address>0x0</address>
   </entry_point>
   <input_file_list>
      <input_file id="fl-2">
         <path>.\syscfg\</path>
         <kind>object</kind>
         <file>board.obj</file>
         <name>board.obj</name>
      </input_file>
      <input_file id="fl-3">
         <path>.\syscfg\</path>
         <kind>object</kind>
         <file>c2000ware_libraries.obj</file>
         <name>c2000ware_libraries.obj</name>
      </input_file>
      <input_file id="fl-4">
         <path>.\</path>
         <kind>object</kind>
         <file>main.obj</file>
         <name>main.obj</name>
      </input_file>
      <input_file id="fl-5">
         <path>.\device\</path>
         <kind>object</kind>
         <file>F2837xD_CodeStartBranch.obj</file>
         <name>F2837xD_CodeStartBranch.obj</name>
      </input_file>
      <input_file id="fl-6">
         <path>.\device\</path>
         <kind>object</kind>
         <file>device.obj</file>
         <name>device.obj</name>
      </input_file>
      <input_file id="fl-7">
         <path>.\src\</path>
         <kind>object</kind>
         <file>SignalManager.obj</file>
         <name>SignalManager.obj</name>
      </input_file>
      <input_file id="fl-8">
         <path>.\src\</path>
         <kind>object</kind>
         <file>filtro.obj</file>
         <name>filtro.obj</name>
      </input_file>
      <input_file id="fl-9">
         <path>.\src\</path>
         <kind>object</kind>
         <file>pwm.obj</file>
         <name>pwm.obj</name>
      </input_file>
      <input_file id="fl-e">
         <kind>object</kind>
         <file>&lt;internal&gt;</file>
         <name>&lt;internal&gt;</name>
      </input_file>
      <input_file id="fl-12">
         <path>C:\ti\C2000Ware_5_04_00_00\driverlib\f2837xd\driverlib\ccs\Debug\</path>
         <kind>archive</kind>
         <file>driverlib_eabi.lib</file>
         <name>epwm.obj</name>
      </input_file>
      <input_file id="fl-13">
         <path>C:\ti\C2000Ware_5_04_00_00\driverlib\f2837xd\driverlib\ccs\Debug\</path>
         <kind>archive</kind>
         <file>driverlib_eabi.lib</file>
         <name>gpio.obj</name>
      </input_file>
      <input_file id="fl-14">
         <path>C:\ti\C2000Ware_5_04_00_00\driverlib\f2837xd\driverlib\ccs\Debug\</path>
         <kind>archive</kind>
         <file>driverlib_eabi.lib</file>
         <name>interrupt.obj</name>
      </input_file>
      <input_file id="fl-15">
         <path>C:\ti\C2000Ware_5_04_00_00\driverlib\f2837xd\driverlib\ccs\Debug\</path>
         <kind>archive</kind>
         <file>driverlib_eabi.lib</file>
         <name>sysctl.obj</name>
      </input_file>
      <input_file id="fl-21">
         <path>C:\ti\ccs2011\ccs\tools\compiler\ti-cgt-c2000_22.6.1.LTS\lib\</path>
         <kind>archive</kind>
         <file>rts2800_fpu32_eabi.lib</file>
         <name>s_sinf.c.obj</name>
      </input_file>
      <input_file id="fl-22">
         <path>C:\ti\ccs2011\ccs\tools\compiler\ti-cgt-c2000_22.6.1.LTS\lib\</path>
         <kind>archive</kind>
         <file>rts2800_fpu32_eabi.lib</file>
         <name>s_sin.c.obj</name>
      </input_file>
      <input_file id="fl-23">
         <path>C:\ti\ccs2011\ccs\tools\compiler\ti-cgt-c2000_22.6.1.LTS\lib\</path>
         <kind>archive</kind>
         <file>rts2800_fpu32_eabi.lib</file>
         <name>boot28.asm.obj</name>
      </input_file>
      <input_file id="fl-24">
         <path>C:\ti\ccs2011\ccs\tools\compiler\ti-cgt-c2000_22.6.1.LTS\lib\</path>
         <kind>archive</kind>
         <file>rts2800_fpu32_eabi.lib</file>
         <name>fd_add28.asm.obj</name>
      </input_file>
      <input_file id="fl-25">
         <path>C:\ti\ccs2011\ccs\tools\compiler\ti-cgt-c2000_22.6.1.LTS\lib\</path>
         <kind>archive</kind>
         <file>rts2800_fpu32_eabi.lib</file>
         <name>fd_mpy28.asm.obj</name>
      </input_file>
      <input_file id="fl-26">
         <path>C:\ti\ccs2011\ccs\tools\compiler\ti-cgt-c2000_22.6.1.LTS\lib\</path>
         <kind>archive</kind>
         <file>rts2800_fpu32_eabi.lib</file>
         <name>fd_neg28.asm.obj</name>
      </input_file>
      <input_file id="fl-27">
         <path>C:\ti\ccs2011\ccs\tools\compiler\ti-cgt-c2000_22.6.1.LTS\lib\</path>
         <kind>archive</kind>
         <file>rts2800_fpu32_eabi.lib</file>
         <name>fd_sub28.asm.obj</name>
      </input_file>
      <input_file id="fl-28">
         <path>C:\ti\ccs2011\ccs\tools\compiler\ti-cgt-c2000_22.6.1.LTS\lib\</path>
         <kind>archive</kind>
         <file>rts2800_fpu32_eabi.lib</file>
         <name>fd_toi28.asm.obj</name>
      </input_file>
      <input_file id="fl-29">
         <path>C:\ti\ccs2011\ccs\tools\compiler\ti-cgt-c2000_22.6.1.LTS\lib\</path>
         <kind>archive</kind>
         <file>rts2800_fpu32_eabi.lib</file>
         <name>fs_div28.asm.obj</name>
      </input_file>
      <input_file id="fl-2a">
         <path>C:\ti\ccs2011\ccs\tools\compiler\ti-cgt-c2000_22.6.1.LTS\lib\</path>
         <kind>archive</kind>
         <file>rts2800_fpu32_eabi.lib</file>
         <name>ll_cmp28.asm.obj</name>
      </input_file>
      <input_file id="fl-2b">
         <path>C:\ti\ccs2011\ccs\tools\compiler\ti-cgt-c2000_22.6.1.LTS\lib\</path>
         <kind>archive</kind>
         <file>rts2800_fpu32_eabi.lib</file>
         <name>u_tofd28.asm.obj</name>
      </input_file>
      <input_file id="fl-2c">
         <path>C:\ti\ccs2011\ccs\tools\compiler\ti-cgt-c2000_22.6.1.LTS\lib\</path>
         <kind>archive</kind>
         <file>rts2800_fpu32_eabi.lib</file>
         <name>fd_tofsfpu32.asm.obj</name>
      </input_file>
      <input_file id="fl-2d">
         <path>C:\ti\ccs2011\ccs\tools\compiler\ti-cgt-c2000_22.6.1.LTS\lib\</path>
         <kind>archive</kind>
         <file>rts2800_fpu32_eabi.lib</file>
         <name>fd_div28.asm.obj</name>
      </input_file>
      <input_file id="fl-2e">
         <path>C:\ti\ccs2011\ccs\tools\compiler\ti-cgt-c2000_22.6.1.LTS\lib\</path>
         <kind>archive</kind>
         <file>rts2800_fpu32_eabi.lib</file>
         <name>pre_init.c.obj</name>
      </input_file>
      <input_file id="fl-2f">
         <path>C:\ti\ccs2011\ccs\tools\compiler\ti-cgt-c2000_22.6.1.LTS\lib\</path>
         <kind>archive</kind>
         <file>rts2800_fpu32_eabi.lib</file>
         <name>autoinit.c.obj</name>
      </input_file>
      <input_file id="fl-30">
         <path>C:\ti\ccs2011\ccs\tools\compiler\ti-cgt-c2000_22.6.1.LTS\lib\</path>
         <kind>archive</kind>
         <file>rts2800_fpu32_eabi.lib</file>
         <name>copy_zero_init.c.obj</name>
      </input_file>
      <input_file id="fl-31">
         <path>C:\ti\ccs2011\ccs\tools\compiler\ti-cgt-c2000_22.6.1.LTS\lib\</path>
         <kind>archive</kind>
         <file>rts2800_fpu32_eabi.lib</file>
         <name>copy_decompress_none.c.obj</name>
      </input_file>
      <input_file id="fl-32">
         <path>C:\ti\ccs2011\ccs\tools\compiler\ti-cgt-c2000_22.6.1.LTS\lib\</path>
         <kind>archive</kind>
         <file>rts2800_fpu32_eabi.lib</file>
         <name>copy_decompress_lzss.c.obj</name>
      </input_file>
      <input_file id="fl-33">
         <path>C:\ti\ccs2011\ccs\tools\compiler\ti-cgt-c2000_22.6.1.LTS\lib\</path>
         <kind>archive</kind>
         <file>rts2800_fpu32_eabi.lib</file>
         <name>e_rem_pio2.c.obj</name>
      </input_file>
      <input_file id="fl-34">
         <path>C:\ti\ccs2011\ccs\tools\compiler\ti-cgt-c2000_22.6.1.LTS\lib\</path>
         <kind>archive</kind>
         <file>rts2800_fpu32_eabi.lib</file>
         <name>k_rem_pio2.c.obj</name>
      </input_file>
      <input_file id="fl-35">
         <path>C:\ti\ccs2011\ccs\tools\compiler\ti-cgt-c2000_22.6.1.LTS\lib\</path>
         <kind>archive</kind>
         <file>rts2800_fpu32_eabi.lib</file>
         <name>exit.c.obj</name>
      </input_file>
      <input_file id="fl-36">
         <path>C:\ti\ccs2011\ccs\tools\compiler\ti-cgt-c2000_22.6.1.LTS\lib\</path>
         <kind>archive</kind>
         <file>rts2800_fpu32_eabi.lib</file>
         <name>_lock.c.obj</name>
      </input_file>
      <input_file id="fl-37">
         <path>C:\ti\ccs2011\ccs\tools\compiler\ti-cgt-c2000_22.6.1.LTS\lib\</path>
         <kind>archive</kind>
         <file>rts2800_fpu32_eabi.lib</file>
         <name>args_main.c.obj</name>
      </input_file>
      <input_file id="fl-38">
         <path>C:\ti\ccs2011\ccs\tools\compiler\ti-cgt-c2000_22.6.1.LTS\lib\</path>
         <kind>archive</kind>
         <file>rts2800_fpu32_eabi.lib</file>
         <name>memset.c.obj</name>
      </input_file>
      <input_file id="fl-39">
         <path>C:\ti\ccs2011\ccs\tools\compiler\ti-cgt-c2000_22.6.1.LTS\lib\</path>
         <kind>archive</kind>
         <file>rts2800_fpu32_eabi.lib</file>
         <name>rand.c.obj</name>
      </input_file>
      <input_file id="fl-3a">
         <path>C:\ti\ccs2011\ccs\tools\compiler\ti-cgt-c2000_22.6.1.LTS\lib\</path>
         <kind>archive</kind>
         <file>rts2800_fpu32_eabi.lib</file>
         <name>k_cos.c.obj</name>
      </input_file>
      <input_file id="fl-3b">
         <path>C:\ti\ccs2011\ccs\tools\compiler\ti-cgt-c2000_22.6.1.LTS\lib\</path>
         <kind>archive</kind>
         <file>rts2800_fpu32_eabi.lib</file>
         <name>k_sin.c.obj</name>
      </input_file>
      <input_file id="fl-3c">
         <path>C:\ti\ccs2011\ccs\tools\compiler\ti-cgt-c2000_22.6.1.LTS\lib\</path>
         <kind>archive</kind>
         <file>rts2800_fpu32_eabi.lib</file>
         <name>s_floor.c.obj</name>
      </input_file>
      <input_file id="fl-3d">
         <path>C:\ti\ccs2011\ccs\tools\compiler\ti-cgt-c2000_22.6.1.LTS\lib\</path>
         <kind>archive</kind>
         <file>rts2800_fpu32_eabi.lib</file>
         <name>s_scalbn.c.obj</name>
      </input_file>
      <input_file id="fl-3e">
         <path>C:\ti\ccs2011\ccs\tools\compiler\ti-cgt-c2000_22.6.1.LTS\lib\</path>
         <kind>archive</kind>
         <file>rts2800_fpu32_eabi.lib</file>
         <name>fd_cmp28.asm.obj</name>
      </input_file>
      <input_file id="fl-3f">
         <path>C:\ti\ccs2011\ccs\tools\compiler\ti-cgt-c2000_22.6.1.LTS\lib\</path>
         <kind>archive</kind>
         <file>rts2800_fpu32_eabi.lib</file>
         <name>fd_tol28.asm.obj</name>
      </input_file>
      <input_file id="fl-40">
         <path>C:\ti\ccs2011\ccs\tools\compiler\ti-cgt-c2000_22.6.1.LTS\lib\</path>
         <kind>archive</kind>
         <file>rts2800_fpu32_eabi.lib</file>
         <name>ll_aox28.asm.obj</name>
      </input_file>
      <input_file id="fl-41">
         <path>C:\ti\ccs2011\ccs\tools\compiler\ti-cgt-c2000_22.6.1.LTS\lib\</path>
         <kind>archive</kind>
         <file>rts2800_fpu32_eabi.lib</file>
         <name>i_div28.asm.obj</name>
      </input_file>
      <input_file id="fl-42">
         <path>C:\ti\ccs2011\ccs\tools\compiler\ti-cgt-c2000_22.6.1.LTS\lib\</path>
         <kind>archive</kind>
         <file>rts2800_fpu32_eabi.lib</file>
         <name>l_tofd28.asm.obj</name>
      </input_file>
      <input_file id="fl-43">
         <path>C:\ti\ccs2011\ccs\tools\compiler\ti-cgt-c2000_22.6.1.LTS\lib\</path>
         <kind>archive</kind>
         <file>rts2800_fpu32_eabi.lib</file>
         <name>cpy_tbl.c.obj</name>
      </input_file>
      <input_file id="fl-44">
         <path>C:\ti\ccs2011\ccs\tools\compiler\ti-cgt-c2000_22.6.1.LTS\lib\</path>
         <kind>archive</kind>
         <file>rts2800_fpu32_eabi.lib</file>
         <name>memcpy.c.obj</name>
      </input_file>
      <input_file id="fl-45">
         <path>C:\ti\ccs2011\ccs\tools\compiler\ti-cgt-c2000_22.6.1.LTS\lib\</path>
         <kind>archive</kind>
         <file>rts2800_fpu32_eabi.lib</file>
         <name>startup.c.obj</name>
      </input_file>
      <input_file id="fl-46">
         <path>C:\ti\ccs2011\ccs\tools\compiler\ti-cgt-c2000_22.6.1.LTS\lib\</path>
         <kind>archive</kind>
         <file>rts2800_fpu32_eabi.lib</file>
         <name>errno.c.obj</name>
      </input_file>
      <input_file id="fl-47">
         <path>C:\ti\ccs2011\ccs\tools\compiler\ti-cgt-c2000_22.6.1.LTS\lib\</path>
         <kind>archive</kind>
         <file>rts2800_fpu32_eabi.lib</file>
         <name>s_copysign.c.obj</name>
      </input_file>
   </input_file_list>
   <object_component_list>
      <object_component id="oc-2d">
         <name>codestart</name>
         <load_address>0x0</load_address>
         <run_address>0x0</run_address>
         <size>0x2</size>
         <input_file_ref idref="fl-5"/>
      </object_component>
      <object_component id="oc-23c">
         <name>.text</name>
         <load_address>0x8000</load_address>
         <run_address>0x8000</run_address>
         <size>0x431</size>
         <input_file_ref idref="fl-33"/>
      </object_component>
      <object_component id="oc-10b">
         <name>.text</name>
         <load_address>0x8431</load_address>
         <run_address>0x8431</run_address>
         <size>0x33c</size>
         <input_file_ref idref="fl-2"/>
      </object_component>
      <object_component id="oc-262">
         <name>.text:SysCtl_selectXTAL</name>
         <load_address>0x876d</load_address>
         <run_address>0x876d</run_address>
         <size>0x90</size>
         <input_file_ref idref="fl-15"/>
      </object_component>
      <object_component id="oc-8e">
         <name>.text</name>
         <load_address>0x87fd</load_address>
         <run_address>0x87fd</run_address>
         <size>0x2</size>
         <input_file_ref idref="fl-2e"/>
      </object_component>
      <object_component id="oc-111">
         <name>.text</name>
         <load_address>0x87ff</load_address>
         <run_address>0x87ff</run_address>
         <size>0x1</size>
         <input_file_ref idref="fl-3"/>
      </object_component>
      <object_component id="oc-ff">
         <name>.text</name>
         <load_address>0x8800</load_address>
         <run_address>0x8800</run_address>
         <size>0x3ff</size>
         <input_file_ref idref="fl-6"/>
      </object_component>
      <object_component id="oc-140">
         <name>.text:SysCtl_setClock</name>
         <load_address>0x8bff</load_address>
         <run_address>0x8bff</run_address>
         <size>0x209</size>
         <input_file_ref idref="fl-15"/>
      </object_component>
      <object_component id="oc-117">
         <name>.text</name>
         <load_address>0x8e08</load_address>
         <run_address>0x8e08</run_address>
         <size>0x19c</size>
         <input_file_ref idref="fl-7"/>
      </object_component>
      <object_component id="oc-146">
         <name>.text:SysCtl_getClock</name>
         <load_address>0x8fa4</load_address>
         <run_address>0x8fa4</run_address>
         <size>0x51</size>
         <input_file_ref idref="fl-15"/>
      </object_component>
      <object_component id="oc-1e6">
         <name>.text:SysCtl_isMCDClockFailureDetected</name>
         <load_address>0x8ff5</load_address>
         <run_address>0x8ff5</run_address>
         <size>0xb</size>
         <input_file_ref idref="fl-15"/>
      </object_component>
      <object_component id="oc-242">
         <name>.text</name>
         <load_address>0x9000</load_address>
         <run_address>0x9000</run_address>
         <size>0x113</size>
         <input_file_ref idref="fl-3a"/>
      </object_component>
      <object_component id="oc-2ff">
         <name>.text</name>
         <load_address>0x9113</load_address>
         <run_address>0x9113</run_address>
         <size>0xe8</size>
         <input_file_ref idref="fl-3c"/>
      </object_component>
      <object_component id="oc-1ae">
         <name>.text</name>
         <load_address>0x91fb</load_address>
         <run_address>0x91fb</run_address>
         <size>0xcb</size>
         <input_file_ref idref="fl-22"/>
      </object_component>
      <object_component id="oc-2f9">
         <name>.text</name>
         <load_address>0x92c6</load_address>
         <run_address>0x92c6</run_address>
         <size>0xa9</size>
         <input_file_ref idref="fl-3d"/>
      </object_component>
      <object_component id="oc-1b4">
         <name>.text</name>
         <load_address>0x936f</load_address>
         <run_address>0x936f</run_address>
         <size>0x9c</size>
         <input_file_ref idref="fl-24"/>
      </object_component>
      <object_component id="oc-1a9">
         <name>.text</name>
         <load_address>0x940b</load_address>
         <run_address>0x940b</run_address>
         <size>0x8b</size>
         <input_file_ref idref="fl-2d"/>
      </object_component>
      <object_component id="oc-1ca">
         <name>.text</name>
         <load_address>0x9496</load_address>
         <run_address>0x9496</run_address>
         <size>0x88</size>
         <input_file_ref idref="fl-29"/>
      </object_component>
      <object_component id="oc-1a4">
         <name>.text</name>
         <load_address>0x951e</load_address>
         <run_address>0x951e</run_address>
         <size>0x83</size>
         <input_file_ref idref="fl-25"/>
      </object_component>
      <object_component id="oc-188">
         <name>.text</name>
         <load_address>0x95a1</load_address>
         <run_address>0x95a1</run_address>
         <size>0x79</size>
         <input_file_ref idref="fl-9"/>
      </object_component>
      <object_component id="oc-191">
         <name>.text</name>
         <load_address>0x961a</load_address>
         <run_address>0x961a</run_address>
         <size>0x72</size>
         <input_file_ref idref="fl-8"/>
      </object_component>
      <object_component id="oc-13a">
         <name>.text:SysCtl_getDeviceParametric</name>
         <load_address>0x968c</load_address>
         <run_address>0x968c</run_address>
         <size>0x68</size>
         <input_file_ref idref="fl-15"/>
      </object_component>
      <object_component id="oc-1be">
         <name>.text</name>
         <load_address>0x96f4</load_address>
         <run_address>0x96f4</run_address>
         <size>0x66</size>
         <input_file_ref idref="fl-21"/>
      </object_component>
      <object_component id="oc-1ec">
         <name>.text:SysCtl_selectOscSource</name>
         <load_address>0x975a</load_address>
         <run_address>0x975a</run_address>
         <size>0x48</size>
         <input_file_ref idref="fl-15"/>
      </object_component>
      <object_component id="oc-105">
         <name>.text:Interrupt_initModule</name>
         <load_address>0x97a2</load_address>
         <run_address>0x97a2</run_address>
         <size>0x3d</size>
         <input_file_ref idref="fl-14"/>
      </object_component>
      <object_component id="oc-22b">
         <name>.text</name>
         <load_address>0x97df</load_address>
         <run_address>0x97df</run_address>
         <size>0x21</size>
         <input_file_ref idref="fl-28"/>
      </object_component>
      <object_component id="oc-20e">
         <name>.text:EPWM_isBaseValid</name>
         <load_address>0x9800</load_address>
         <run_address>0x9800</run_address>
         <size>0x3b</size>
         <input_file_ref idref="fl-12"/>
      </object_component>
      <object_component id="oc-165">
         <name>.text:GPIO_setControllerCore</name>
         <load_address>0x983b</load_address>
         <run_address>0x983b</run_address>
         <size>0x37</size>
         <input_file_ref idref="fl-13"/>
      </object_component>
      <object_component id="oc-15f">
         <name>.text:GPIO_setPinConfig</name>
         <load_address>0x9872</load_address>
         <run_address>0x9872</run_address>
         <size>0x37</size>
         <input_file_ref idref="fl-13"/>
      </object_component>
      <object_component id="oc-159">
         <name>.text:GPIO_setQualificationMode</name>
         <load_address>0x98a9</load_address>
         <run_address>0x98a9</run_address>
         <size>0x37</size>
         <input_file_ref idref="fl-13"/>
      </object_component>
      <object_component id="oc-153">
         <name>.text:GPIO_setDirectionMode</name>
         <load_address>0x98e0</load_address>
         <run_address>0x98e0</run_address>
         <size>0x31</size>
         <input_file_ref idref="fl-13"/>
      </object_component>
      <object_component id="oc-20">
         <name>.text:decompress:lzss</name>
         <load_address>0x9911</load_address>
         <run_address>0x9911</run_address>
         <size>0x30</size>
         <input_file_ref idref="fl-32"/>
      </object_component>
      <object_component id="oc-a7">
         <name>.text:__TI_auto_init_nobinit_nopinit</name>
         <load_address>0x9941</load_address>
         <run_address>0x9941</run_address>
         <size>0x2b</size>
         <input_file_ref idref="fl-2f"/>
      </object_component>
      <object_component id="oc-1c4">
         <name>.text</name>
         <load_address>0x996c</load_address>
         <run_address>0x996c</run_address>
         <size>0x2b</size>
         <input_file_ref idref="fl-39"/>
      </object_component>
      <object_component id="oc-291">
         <name>.text</name>
         <load_address>0x9997</load_address>
         <run_address>0x9997</run_address>
         <size>0x2a</size>
         <input_file_ref idref="fl-3e"/>
      </object_component>
      <object_component id="oc-9b">
         <name>.text</name>
         <load_address>0x99c1</load_address>
         <run_address>0x99c1</run_address>
         <size>0x29</size>
         <input_file_ref idref="fl-35"/>
      </object_component>
      <object_component id="oc-2c1">
         <name>.text:CPUTimer_selectClockSource</name>
         <load_address>0x99ea</load_address>
         <run_address>0x99ea</run_address>
         <size>0x28</size>
         <input_file_ref idref="fl-15"/>
      </object_component>
      <object_component id="oc-330">
         <name>.text</name>
         <load_address>0x9a12</load_address>
         <run_address>0x9a12</run_address>
         <size>0x24</size>
         <input_file_ref idref="fl-47"/>
      </object_component>
      <object_component id="oc-1b9">
         <name>.text</name>
         <load_address>0x9a36</load_address>
         <run_address>0x9a36</run_address>
         <size>0x23</size>
         <input_file_ref idref="fl-2c"/>
      </object_component>
      <object_component id="oc-2ee">
         <name>.text</name>
         <load_address>0x9a59</load_address>
         <run_address>0x9a59</run_address>
         <size>0x22</size>
         <input_file_ref idref="fl-41"/>
      </object_component>
      <object_component id="oc-31e">
         <name>.text:CPUTimer_getTimerOverflowStatus</name>
         <load_address>0x9a7b</load_address>
         <run_address>0x9a7b</run_address>
         <size>0x1f</size>
         <input_file_ref idref="fl-15"/>
      </object_component>
      <object_component id="oc-d7">
         <name>.text</name>
         <load_address>0x9a9a</load_address>
         <run_address>0x9a9a</run_address>
         <size>0x1f</size>
         <input_file_ref idref="fl-4"/>
      </object_component>
      <object_component id="oc-284">
         <name>.text</name>
         <load_address>0x9ab9</load_address>
         <run_address>0x9ab9</run_address>
         <size>0x1f</size>
         <input_file_ref idref="fl-3f"/>
      </object_component>
      <object_component id="oc-33">
         <name>.text:Interrupt_initVectorTable</name>
         <load_address>0x9ad8</load_address>
         <run_address>0x9ad8</run_address>
         <size>0x1e</size>
         <input_file_ref idref="fl-14"/>
      </object_component>
      <object_component id="oc-4d">
         <name>.text</name>
         <load_address>0x9af6</load_address>
         <run_address>0x9af6</run_address>
         <size>0x1d</size>
         <input_file_ref idref="fl-44"/>
      </object_component>
      <object_component id="oc-289">
         <name>.text</name>
         <load_address>0x9b13</load_address>
         <run_address>0x9b13</run_address>
         <size>0x1c</size>
         <input_file_ref idref="fl-42"/>
      </object_component>
      <object_component id="oc-2cd">
         <name>.text:CPUTimer_startTimer</name>
         <load_address>0x9b2f</load_address>
         <run_address>0x9b2f</run_address>
         <size>0x1a</size>
         <input_file_ref idref="fl-15"/>
      </object_component>
      <object_component id="oc-14d">
         <name>.text:SysCtl_getLowSpeedClock</name>
         <load_address>0x9b49</load_address>
         <run_address>0x9b49</run_address>
         <size>0x1a</size>
         <input_file_ref idref="fl-15"/>
      </object_component>
      <object_component id="oc-27f">
         <name>.text</name>
         <load_address>0x9b63</load_address>
         <run_address>0x9b63</run_address>
         <size>0x18</size>
         <input_file_ref idref="fl-40"/>
      </object_component>
      <object_component id="oc-312">
         <name>.text:CPUTimer_isBaseValid</name>
         <load_address>0x9b7b</load_address>
         <run_address>0x9b7b</run_address>
         <size>0x17</size>
         <input_file_ref idref="fl-15"/>
      </object_component>
      <object_component id="oc-7d">
         <name>.text</name>
         <load_address>0x9b92</load_address>
         <run_address>0x9b92</run_address>
         <size>0x17</size>
         <input_file_ref idref="fl-23"/>
      </object_component>
      <object_component id="oc-19e">
         <name>.text</name>
         <load_address>0x9ba9</load_address>
         <run_address>0x9ba9</run_address>
         <size>0x17</size>
         <input_file_ref idref="fl-2b"/>
      </object_component>
      <object_component id="oc-17e">
         <name>.text:EPWM_setEmulationMode</name>
         <load_address>0x9bc0</load_address>
         <run_address>0x9bc0</run_address>
         <size>0x16</size>
         <input_file_ref idref="fl-12"/>
      </object_component>
      <object_component id="oc-32">
         <name>.text:Interrupt_defaultHandler</name>
         <load_address>0x9bd6</load_address>
         <run_address>0x9bd6</run_address>
         <size>0x16</size>
         <input_file_ref idref="fl-14"/>
      </object_component>
      <object_component id="oc-2b5">
         <name>.text:CPUTimer_stopTimer</name>
         <load_address>0x9bec</load_address>
         <run_address>0x9bec</run_address>
         <size>0x14</size>
         <input_file_ref idref="fl-15"/>
      </object_component>
      <object_component id="oc-2c7">
         <name>.text:CPUTimer_clearOverflowFlag</name>
         <load_address>0x9c00</load_address>
         <run_address>0x9c00</run_address>
         <size>0x12</size>
         <input_file_ref idref="fl-15"/>
      </object_component>
      <object_component id="oc-2af">
         <name>.text:CPUTimer_disableInterrupt</name>
         <load_address>0x9c12</load_address>
         <run_address>0x9c12</run_address>
         <size>0x12</size>
         <input_file_ref idref="fl-15"/>
      </object_component>
      <object_component id="oc-2bb">
         <name>.text:CPUTimer_setPeriod</name>
         <load_address>0x9c24</load_address>
         <run_address>0x9c24</run_address>
         <size>0x11</size>
         <input_file_ref idref="fl-15"/>
      </object_component>
      <object_component id="oc-2d3">
         <name>.text:SysCtl_pollCpuTimer</name>
         <load_address>0x9c35</load_address>
         <run_address>0x9c35</run_address>
         <size>0xf</size>
         <input_file_ref idref="fl-15"/>
      </object_component>
      <object_component id="oc-1fb">
         <name>.text:GPIO_isPinValid</name>
         <load_address>0x9c44</load_address>
         <run_address>0x9c44</run_address>
         <size>0xe</size>
         <input_file_ref idref="fl-13"/>
      </object_component>
      <object_component id="oc-237">
         <name>.text</name>
         <load_address>0x9c52</load_address>
         <run_address>0x9c52</run_address>
         <size>0xe</size>
         <input_file_ref idref="fl-27"/>
      </object_component>
      <object_component id="oc-55">
         <name>.text:decompress:ZI:__TI_zero_init_nomemset</name>
         <load_address>0x9c60</load_address>
         <run_address>0x9c60</run_address>
         <size>0xd</size>
         <input_file_ref idref="fl-30"/>
      </object_component>
      <object_component id="oc-95">
         <name>.text</name>
         <load_address>0x9c6d</load_address>
         <run_address>0x9c6d</run_address>
         <size>0xc</size>
         <input_file_ref idref="fl-37"/>
      </object_component>
      <object_component id="oc-3e">
         <name>.text:Interrupt_illegalOperationHandler</name>
         <load_address>0x9c79</load_address>
         <run_address>0x9c79</run_address>
         <size>0xa</size>
         <input_file_ref idref="fl-14"/>
      </object_component>
      <object_component id="oc-44">
         <name>.text:Interrupt_nmiHandler</name>
         <load_address>0x9c83</load_address>
         <run_address>0x9c83</run_address>
         <size>0xa</size>
         <input_file_ref idref="fl-14"/>
      </object_component>
      <object_component id="oc-1f2">
         <name>.text:SysCtl_serviceWatchdog</name>
         <load_address>0x9c8d</load_address>
         <run_address>0x9c8d</run_address>
         <size>0x9</size>
         <input_file_ref idref="fl-15"/>
      </object_component>
      <object_component id="oc-127">
         <name>.text</name>
         <load_address>0x9c96</load_address>
         <run_address>0x9c96</run_address>
         <size>0x9</size>
         <input_file_ref idref="fl-36"/>
      </object_component>
      <object_component id="oc-248">
         <name>.text</name>
         <load_address>0x9c9f</load_address>
         <run_address>0x9c9f</run_address>
         <size>0x9</size>
         <input_file_ref idref="fl-26"/>
      </object_component>
      <object_component id="oc-61">
         <name>.text</name>
         <load_address>0x9ca8</load_address>
         <run_address>0x9ca8</run_address>
         <size>0x8</size>
         <input_file_ref idref="fl-5"/>
      </object_component>
      <object_component id="oc-26">
         <name>.text:decompress:none</name>
         <load_address>0x9cb0</load_address>
         <run_address>0x9cb0</run_address>
         <size>0x8</size>
         <input_file_ref idref="fl-31"/>
      </object_component>
      <object_component id="oc-2d9">
         <name>.text:SysCtl_resetMCD</name>
         <load_address>0x9cb8</load_address>
         <run_address>0x9cb8</run_address>
         <size>0x7</size>
         <input_file_ref idref="fl-15"/>
      </object_component>
      <object_component id="oc-ea">
         <name>.text</name>
         <load_address>0x9cbf</load_address>
         <run_address>0x9cbf</run_address>
         <size>0x1</size>
         <input_file_ref idref="fl-45"/>
      </object_component>
      <object_component id="oc-296">
         <name>.text</name>
         <load_address>0xb000</load_address>
         <run_address>0xb000</run_address>
         <size>0x67c</size>
         <input_file_ref idref="fl-34"/>
      </object_component>
      <object_component id="oc-231">
         <name>.text</name>
         <load_address>0xb67c</load_address>
         <run_address>0xb67c</run_address>
         <size>0x125</size>
         <input_file_ref idref="fl-3b"/>
      </object_component>
      <object_component id="oc-178">
         <name>.text:GPIO_setPadConfig</name>
         <load_address>0xb7a1</load_address>
         <run_address>0xb7a1</run_address>
         <size>0x52</size>
         <input_file_ref idref="fl-13"/>
      </object_component>
      <object_component id="oc-170">
         <name>.text:Interrupt_disableGlobal</name>
         <load_address>0xb7f3</load_address>
         <run_address>0xb7f3</run_address>
         <size>0xd</size>
         <input_file_ref idref="fl-14"/>
      </object_component>
      <object_component id="oc-390">
         <name>.cinit..data.load</name>
         <load_address>0x128</load_address>
         <run_address>0x128</run_address>
         <size>0xa</size>
      </object_component>
      <object_component id="oc-38d">
         <name>__TI_handler_table</name>
         <load_address>0x132</load_address>
         <run_address>0x132</run_address>
         <size>0x6</size>
      </object_component>
      <object_component id="oc-38f">
         <name>.cinit..bss.load</name>
         <load_address>0x138</load_address>
         <run_address>0x138</run_address>
         <size>0x4</size>
      </object_component>
      <object_component id="oc-38e">
         <name>__TI_cinit_table</name>
         <load_address>0x13c</load_address>
         <run_address>0x13c</run_address>
         <size>0x8</size>
      </object_component>
      <object_component id="oc-4a">
         <name>.stack</name>
         <uninitialized>true</uninitialized>
         <run_address>0x400</run_address>
         <size>0x0</size>
         <input_file_ref idref="fl-23"/>
      </object_component>
      <object_component id="oc-391">
         <name>.stack</name>
         <uninitialized>true</uninitialized>
         <run_address>0x400</run_address>
         <size>0x0</size>
      </object_component>
      <object_component id="oc-11d">
         <name>.bss</name>
         <uninitialized>true</uninitialized>
         <run_address>0xaeac</run_address>
         <size>0x2</size>
         <input_file_ref idref="fl-4"/>
      </object_component>
      <object_component id="oc-197">
         <name>.bss:sine_table</name>
         <uninitialized>true</uninitialized>
         <run_address>0xade4</run_address>
         <size>0xc8</size>
         <input_file_ref idref="fl-7"/>
      </object_component>
      <object_component id="oc-19b">
         <name>.bss:sineWithNoise_table</name>
         <uninitialized>true</uninitialized>
         <run_address>0xad1c</run_address>
         <size>0xc8</size>
         <input_file_ref idref="fl-7"/>
      </object_component>
      <object_component id="oc-1e5">
         <name>.const:.string</name>
         <load_address>0xa800</load_address>
         <run_address>0xa800</run_address>
         <size>0xc2</size>
         <input_file_ref idref="fl-15"/>
      </object_component>
      <object_component id="oc-214">
         <name>.const:.string</name>
         <load_address>0xa8c2</load_address>
         <run_address>0xa8c2</run_address>
         <size>0xbc</size>
         <input_file_ref idref="fl-12"/>
      </object_component>
      <object_component id="oc-201">
         <name>.const:.string</name>
         <load_address>0xa97e</load_address>
         <run_address>0xa97e</run_address>
         <size>0xbc</size>
         <input_file_ref idref="fl-13"/>
      </object_component>
      <object_component id="oc-2f3">
         <name>.const:ipio2</name>
         <load_address>0xaa3a</load_address>
         <run_address>0xaa3a</run_address>
         <size>0x84</size>
         <input_file_ref idref="fl-34"/>
      </object_component>
      <object_component id="oc-18e">
         <name>.const:firCoeffs</name>
         <load_address>0xaabe</load_address>
         <run_address>0xaabe</run_address>
         <size>0x66</size>
         <input_file_ref idref="fl-7"/>
      </object_component>
      <object_component id="oc-32d">
         <name>.const</name>
         <load_address>0xab24</load_address>
         <run_address>0xab24</run_address>
         <size>0x1c</size>
         <input_file_ref idref="fl-3d"/>
      </object_component>
      <object_component id="oc-28e">
         <name>.const</name>
         <load_address>0xab40</load_address>
         <run_address>0xab40</run_address>
         <size>0x64</size>
         <input_file_ref idref="fl-33"/>
      </object_component>
      <object_component id="oc-177">
         <name>.const:.string</name>
         <load_address>0xaba4</load_address>
         <run_address>0xaba4</run_address>
         <size>0x3e</size>
         <input_file_ref idref="fl-2"/>
      </object_component>
      <object_component id="oc-21d">
         <name>.const:.string</name>
         <load_address>0xabe2</load_address>
         <run_address>0xabe2</run_address>
         <size>0x3e</size>
         <input_file_ref idref="fl-9"/>
      </object_component>
      <object_component id="oc-305">
         <name>.const:PIo2</name>
         <load_address>0xac20</load_address>
         <run_address>0xac20</run_address>
         <size>0x20</size>
         <input_file_ref idref="fl-34"/>
      </object_component>
      <object_component id="oc-29e">
         <name>.const</name>
         <load_address>0xac40</load_address>
         <run_address>0xac40</run_address>
         <size>0x3c</size>
         <input_file_ref idref="fl-3a"/>
      </object_component>
      <object_component id="oc-2eb">
         <name>.const:init_jk</name>
         <load_address>0xac7c</load_address>
         <run_address>0xac7c</run_address>
         <size>0x4</size>
         <input_file_ref idref="fl-34"/>
      </object_component>
      <object_component id="oc-279">
         <name>.const</name>
         <load_address>0xac80</load_address>
         <run_address>0xac80</run_address>
         <size>0x38</size>
         <input_file_ref idref="fl-3b"/>
      </object_component>
      <object_component id="oc-230">
         <name>.const</name>
         <load_address>0xacb8</load_address>
         <run_address>0xacb8</run_address>
         <size>0x4</size>
         <input_file_ref idref="fl-22"/>
      </object_component>
      <object_component id="oc-2f6">
         <name>.const</name>
         <load_address>0xacc0</load_address>
         <run_address>0xacc0</run_address>
         <size>0x2c</size>
         <input_file_ref idref="fl-34"/>
      </object_component>
      <object_component id="oc-14c">
         <name>.const:.string</name>
         <load_address>0xacec</load_address>
         <run_address>0xacec</run_address>
         <size>0x13</size>
         <input_file_ref idref="fl-6"/>
      </object_component>
      <object_component id="oc-1a3">
         <name>.const</name>
         <load_address>0xad00</load_address>
         <run_address>0xad00</run_address>
         <size>0x10</size>
         <input_file_ref idref="fl-7"/>
      </object_component>
      <object_component id="oc-33b">
         <name>.const</name>
         <load_address>0xad10</load_address>
         <run_address>0xad10</run_address>
         <size>0xc</size>
         <input_file_ref idref="fl-3c"/>
      </object_component>
      <object_component id="oc-16b">
         <name>.data</name>
         <load_address>0xaeae</load_address>
         <run_address>0xaeae</run_address>
         <size>0x6</size>
         <input_file_ref idref="fl-6"/>
      </object_component>
      <object_component id="oc-df">
         <name>.data</name>
         <load_address>0xaeb4</load_address>
         <run_address>0xaeb4</run_address>
         <size>0x6</size>
         <input_file_ref idref="fl-35"/>
      </object_component>
      <object_component id="oc-e2">
         <name>.data:_lock</name>
         <load_address>0xaeba</load_address>
         <run_address>0xaeba</run_address>
         <size>0x2</size>
         <input_file_ref idref="fl-36"/>
      </object_component>
      <object_component id="oc-1d6">
         <name>.data:_unlock</name>
         <load_address>0xaebc</load_address>
         <run_address>0xaebc</run_address>
         <size>0x2</size>
         <input_file_ref idref="fl-36"/>
      </object_component>
      <object_component id="oc-253">
         <name>.data</name>
         <load_address>0xaebe</load_address>
         <run_address>0xaebe</run_address>
         <size>0x2</size>
         <input_file_ref idref="fl-39"/>
      </object_component>
      <object_component id="oc-336">
         <name>.data</name>
         <load_address>0xaec0</load_address>
         <run_address>0xaec0</run_address>
         <size>0x1</size>
         <input_file_ref idref="fl-46"/>
      </object_component>
      <object_component id="oc-19a">
         <name>.TI.ramfunc</name>
         <load_address>0x123</load_address>
         <run_address>0x123</run_address>
         <size>0x4</size>
         <input_file_ref idref="fl-15"/>
      </object_component>
      <object_component id="oc-185">
         <name>.debug_types</name>
         <load_address>0x0</load_address>
         <run_address>0x0</run_address>
         <size>0x16bc</size>
         <input_file_ref idref="fl-2"/>
      </object_component>
      <object_component id="oc-187">
         <name>.debug_types</name>
         <load_address>0x0</load_address>
         <run_address>0x0</run_address>
         <size>0x0</size>
         <input_file_ref idref="fl-3"/>
      </object_component>
      <object_component id="oc-121">
         <name>.debug_types</name>
         <load_address>0x16bc</load_address>
         <run_address>0x16bc</run_address>
         <size>0x25e</size>
         <input_file_ref idref="fl-4"/>
      </object_component>
      <object_component id="oc-16f">
         <name>.debug_types</name>
         <load_address>0x191a</load_address>
         <run_address>0x191a</run_address>
         <size>0xe21</size>
         <input_file_ref idref="fl-6"/>
      </object_component>
      <object_component id="oc-1d0">
         <name>.debug_types</name>
         <load_address>0x273b</load_address>
         <run_address>0x273b</run_address>
         <size>0x16a</size>
         <input_file_ref idref="fl-7"/>
      </object_component>
      <object_component id="oc-223">
         <name>.debug_types</name>
         <load_address>0x0</load_address>
         <run_address>0x0</run_address>
         <size>0x0</size>
         <input_file_ref idref="fl-8"/>
      </object_component>
      <object_component id="oc-21f">
         <name>.debug_types</name>
         <load_address>0x0</load_address>
         <run_address>0x0</run_address>
         <size>0x0</size>
         <input_file_ref idref="fl-9"/>
      </object_component>
      <object_component id="oc-216">
         <name>.debug_types</name>
         <load_address>0x28a5</load_address>
         <run_address>0x28a5</run_address>
         <size>0x296</size>
         <input_file_ref idref="fl-12"/>
      </object_component>
      <object_component id="oc-203">
         <name>.debug_types</name>
         <load_address>0x2b3b</load_address>
         <run_address>0x2b3b</run_address>
         <size>0x2c4</size>
         <input_file_ref idref="fl-13"/>
      </object_component>
      <object_component id="oc-68">
         <name>.debug_types</name>
         <load_address>0x0</load_address>
         <run_address>0x0</run_address>
         <size>0x0</size>
         <input_file_ref idref="fl-14"/>
      </object_component>
      <object_component id="oc-1e4">
         <name>.debug_types</name>
         <load_address>0x2dff</load_address>
         <run_address>0x2dff</run_address>
         <size>0x21d</size>
         <input_file_ref idref="fl-15"/>
      </object_component>
      <object_component id="oc-252">
         <name>.debug_types</name>
         <load_address>0x301c</load_address>
         <run_address>0x301c</run_address>
         <size>0x5e</size>
         <input_file_ref idref="fl-21"/>
      </object_component>
      <object_component id="oc-24e">
         <name>.debug_types</name>
         <load_address>0x307a</load_address>
         <run_address>0x307a</run_address>
         <size>0x9e</size>
         <input_file_ref idref="fl-22"/>
      </object_component>
      <object_component id="oc-a6">
         <name>.debug_types</name>
         <load_address>0x0</load_address>
         <run_address>0x0</run_address>
         <size>0x0</size>
         <input_file_ref idref="fl-2e"/>
      </object_component>
      <object_component id="oc-f1">
         <name>.debug_types</name>
         <load_address>0x3118</load_address>
         <run_address>0x3118</run_address>
         <size>0x4e8</size>
         <input_file_ref idref="fl-2f"/>
      </object_component>
      <object_component id="oc-75">
         <name>.debug_types</name>
         <load_address>0x3600</load_address>
         <run_address>0x3600</run_address>
         <size>0x1f3</size>
         <input_file_ref idref="fl-30"/>
      </object_component>
      <object_component id="oc-54">
         <name>.debug_types</name>
         <load_address>0x0</load_address>
         <run_address>0x0</run_address>
         <size>0x0</size>
         <input_file_ref idref="fl-31"/>
      </object_component>
      <object_component id="oc-4c">
         <name>.debug_types</name>
         <load_address>0x37f3</load_address>
         <run_address>0x37f3</run_address>
         <size>0x191</size>
         <input_file_ref idref="fl-32"/>
      </object_component>
      <object_component id="oc-29d">
         <name>.debug_types</name>
         <load_address>0x3984</load_address>
         <run_address>0x3984</run_address>
         <size>0xcb</size>
         <input_file_ref idref="fl-33"/>
      </object_component>
      <object_component id="oc-309">
         <name>.debug_types</name>
         <load_address>0x3a4f</load_address>
         <run_address>0x3a4f</run_address>
         <size>0x187</size>
         <input_file_ref idref="fl-34"/>
      </object_component>
      <object_component id="oc-e6">
         <name>.debug_types</name>
         <load_address>0x3bd6</load_address>
         <run_address>0x3bd6</run_address>
         <size>0x90</size>
         <input_file_ref idref="fl-35"/>
      </object_component>
      <object_component id="oc-12f">
         <name>.debug_types</name>
         <load_address>0x3c66</load_address>
         <run_address>0x3c66</run_address>
         <size>0x2f</size>
         <input_file_ref idref="fl-36"/>
      </object_component>
      <object_component id="oc-de">
         <name>.debug_types</name>
         <load_address>0x3c95</load_address>
         <run_address>0x3c95</run_address>
         <size>0xe1</size>
         <input_file_ref idref="fl-37"/>
      </object_component>
      <object_component id="oc-257">
         <name>.debug_types</name>
         <load_address>0x3d76</load_address>
         <run_address>0x3d76</run_address>
         <size>0x2f</size>
         <input_file_ref idref="fl-39"/>
      </object_component>
      <object_component id="oc-2a2">
         <name>.debug_types</name>
         <load_address>0x0</load_address>
         <run_address>0x0</run_address>
         <size>0x0</size>
         <input_file_ref idref="fl-3a"/>
      </object_component>
      <object_component id="oc-27d">
         <name>.debug_types</name>
         <load_address>0x0</load_address>
         <run_address>0x0</run_address>
         <size>0x0</size>
         <input_file_ref idref="fl-3b"/>
      </object_component>
      <object_component id="oc-33f">
         <name>.debug_types</name>
         <load_address>0x0</load_address>
         <run_address>0x0</run_address>
         <size>0x0</size>
         <input_file_ref idref="fl-3c"/>
      </object_component>
      <object_component id="oc-33a">
         <name>.debug_types</name>
         <load_address>0x0</load_address>
         <run_address>0x0</run_address>
         <size>0x0</size>
         <input_file_ref idref="fl-3d"/>
      </object_component>
      <object_component id="oc-70">
         <name>.debug_types</name>
         <load_address>0x3da5</load_address>
         <run_address>0x3da5</run_address>
         <size>0xb8</size>
         <input_file_ref idref="fl-44"/>
      </object_component>
      <object_component id="oc-134">
         <name>.debug_types</name>
         <load_address>0x0</load_address>
         <run_address>0x0</run_address>
         <size>0x0</size>
         <input_file_ref idref="fl-45"/>
      </object_component>
      <object_component id="oc-34d">
         <name>.debug_types</name>
         <load_address>0x0</load_address>
         <run_address>0x0</run_address>
         <size>0x0</size>
         <input_file_ref idref="fl-46"/>
      </object_component>
      <object_component id="oc-34a">
         <name>.debug_types</name>
         <load_address>0x0</load_address>
         <run_address>0x0</run_address>
         <size>0x0</size>
         <input_file_ref idref="fl-47"/>
      </object_component>
      <object_component id="oc-10d">
         <name>.debug_info</name>
         <load_address>0x0</load_address>
         <run_address>0x0</run_address>
         <size>0x1b60</size>
         <input_file_ref idref="fl-2"/>
      </object_component>
      <object_component id="oc-113">
         <name>.debug_info</name>
         <load_address>0x1b60</load_address>
         <run_address>0x1b60</run_address>
         <size>0x162</size>
         <input_file_ref idref="fl-3"/>
      </object_component>
      <object_component id="oc-11e">
         <name>.debug_info</name>
         <load_address>0x1cc2</load_address>
         <run_address>0x1cc2</run_address>
         <size>0xff</size>
         <input_file_ref idref="fl-4"/>
      </object_component>
      <object_component id="oc-d8">
         <name>.debug_info</name>
         <load_address>0x1dc1</load_address>
         <run_address>0x1dc1</run_address>
         <size>0x1f5</size>
         <input_file_ref idref="fl-4"/>
      </object_component>
      <object_component id="oc-30">
         <name>.debug_info</name>
         <load_address>0x1fb6</load_address>
         <run_address>0x1fb6</run_address>
         <size>0x12f</size>
         <input_file_ref idref="fl-5"/>
      </object_component>
      <object_component id="oc-62">
         <name>.debug_info</name>
         <load_address>0x20e5</load_address>
         <run_address>0x20e5</run_address>
         <size>0x130</size>
         <input_file_ref idref="fl-5"/>
      </object_component>
      <object_component id="oc-16c">
         <name>.debug_info</name>
         <load_address>0x2215</load_address>
         <run_address>0x2215</run_address>
         <size>0x17a</size>
         <input_file_ref idref="fl-6"/>
      </object_component>
      <object_component id="oc-100">
         <name>.debug_info</name>
         <load_address>0x238f</load_address>
         <run_address>0x238f</run_address>
         <size>0x1cd1</size>
         <input_file_ref idref="fl-6"/>
      </object_component>
      <object_component id="oc-18f">
         <name>.debug_info</name>
         <load_address>0x4060</load_address>
         <run_address>0x4060</run_address>
         <size>0x112</size>
         <input_file_ref idref="fl-7"/>
      </object_component>
      <object_component id="oc-198">
         <name>.debug_info</name>
         <load_address>0x4172</load_address>
         <run_address>0x4172</run_address>
         <size>0x114</size>
         <input_file_ref idref="fl-7"/>
      </object_component>
      <object_component id="oc-19c">
         <name>.debug_info</name>
         <load_address>0x4286</load_address>
         <run_address>0x4286</run_address>
         <size>0x126</size>
         <input_file_ref idref="fl-7"/>
      </object_component>
      <object_component id="oc-118">
         <name>.debug_info</name>
         <load_address>0x43ac</load_address>
         <run_address>0x43ac</run_address>
         <size>0x89d</size>
         <input_file_ref idref="fl-7"/>
      </object_component>
      <object_component id="oc-194">
         <name>.debug_info</name>
         <load_address>0x4c49</load_address>
         <run_address>0x4c49</run_address>
         <size>0x247</size>
         <input_file_ref idref="fl-8"/>
      </object_component>
      <object_component id="oc-18b">
         <name>.debug_info</name>
         <load_address>0x4e90</load_address>
         <run_address>0x4e90</run_address>
         <size>0x47e</size>
         <input_file_ref idref="fl-9"/>
      </object_component>
      <object_component id="oc-211">
         <name>.debug_info</name>
         <load_address>0x530e</load_address>
         <run_address>0x530e</run_address>
         <size>0x20b</size>
         <input_file_ref idref="fl-12"/>
      </object_component>
      <object_component id="oc-181">
         <name>.debug_info</name>
         <load_address>0x5519</load_address>
         <run_address>0x5519</run_address>
         <size>0x263</size>
         <input_file_ref idref="fl-12"/>
      </object_component>
      <object_component id="oc-1fe">
         <name>.debug_info</name>
         <load_address>0x577c</load_address>
         <run_address>0x577c</run_address>
         <size>0x205</size>
         <input_file_ref idref="fl-13"/>
      </object_component>
      <object_component id="oc-155">
         <name>.debug_info</name>
         <load_address>0x5981</load_address>
         <run_address>0x5981</run_address>
         <size>0x27d</size>
         <input_file_ref idref="fl-13"/>
      </object_component>
      <object_component id="oc-179">
         <name>.debug_info</name>
         <load_address>0x5bfe</load_address>
         <run_address>0x5bfe</run_address>
         <size>0x266</size>
         <input_file_ref idref="fl-13"/>
      </object_component>
      <object_component id="oc-15b">
         <name>.debug_info</name>
         <load_address>0x5e64</load_address>
         <run_address>0x5e64</run_address>
         <size>0x2ae</size>
         <input_file_ref idref="fl-13"/>
      </object_component>
      <object_component id="oc-166">
         <name>.debug_info</name>
         <load_address>0x6112</load_address>
         <run_address>0x6112</run_address>
         <size>0x296</size>
         <input_file_ref idref="fl-13"/>
      </object_component>
      <object_component id="oc-160">
         <name>.debug_info</name>
         <load_address>0x63a8</load_address>
         <run_address>0x63a8</run_address>
         <size>0x24f</size>
         <input_file_ref idref="fl-13"/>
      </object_component>
      <object_component id="oc-171">
         <name>.debug_info</name>
         <load_address>0x65f7</load_address>
         <run_address>0x65f7</run_address>
         <size>0x200</size>
         <input_file_ref idref="fl-14"/>
      </object_component>
      <object_component id="oc-107">
         <name>.debug_info</name>
         <load_address>0x67f7</load_address>
         <run_address>0x67f7</run_address>
         <size>0x20f</size>
         <input_file_ref idref="fl-14"/>
      </object_component>
      <object_component id="oc-39">
         <name>.debug_info</name>
         <load_address>0x6a06</load_address>
         <run_address>0x6a06</run_address>
         <size>0x21c</size>
         <input_file_ref idref="fl-14"/>
      </object_component>
      <object_component id="oc-3f">
         <name>.debug_info</name>
         <load_address>0x6c22</load_address>
         <run_address>0x6c22</run_address>
         <size>0x202</size>
         <input_file_ref idref="fl-14"/>
      </object_component>
      <object_component id="oc-46">
         <name>.debug_info</name>
         <load_address>0x6e24</load_address>
         <run_address>0x6e24</run_address>
         <size>0x1e8</size>
         <input_file_ref idref="fl-14"/>
      </object_component>
      <object_component id="oc-34">
         <name>.debug_info</name>
         <load_address>0x700c</load_address>
         <run_address>0x700c</run_address>
         <size>0x20c</size>
         <input_file_ref idref="fl-14"/>
      </object_component>
      <object_component id="oc-1f5">
         <name>.debug_info</name>
         <load_address>0x7218</load_address>
         <run_address>0x7218</run_address>
         <size>0x1f2</size>
         <input_file_ref idref="fl-15"/>
      </object_component>
      <object_component id="oc-1e9">
         <name>.debug_info</name>
         <load_address>0x740a</load_address>
         <run_address>0x740a</run_address>
         <size>0x20e</size>
         <input_file_ref idref="fl-15"/>
      </object_component>
      <object_component id="oc-2dc">
         <name>.debug_info</name>
         <load_address>0x7618</load_address>
         <run_address>0x7618</run_address>
         <size>0x1e4</size>
         <input_file_ref idref="fl-15"/>
      </object_component>
      <object_component id="oc-316">
         <name>.debug_info</name>
         <load_address>0x77fc</load_address>
         <run_address>0x77fc</run_address>
         <size>0x217</size>
         <input_file_ref idref="fl-15"/>
      </object_component>
      <object_component id="oc-2ca">
         <name>.debug_info</name>
         <load_address>0x7a13</load_address>
         <run_address>0x7a13</run_address>
         <size>0x244</size>
         <input_file_ref idref="fl-15"/>
      </object_component>
      <object_component id="oc-2b2">
         <name>.debug_info</name>
         <load_address>0x7c57</load_address>
         <run_address>0x7c57</run_address>
         <size>0x242</size>
         <input_file_ref idref="fl-15"/>
      </object_component>
      <object_component id="oc-2b8">
         <name>.debug_info</name>
         <load_address>0x7e99</load_address>
         <run_address>0x7e99</run_address>
         <size>0x24a</size>
         <input_file_ref idref="fl-15"/>
      </object_component>
      <object_component id="oc-2d0">
         <name>.debug_info</name>
         <load_address>0x80e3</load_address>
         <run_address>0x80e3</run_address>
         <size>0x24d</size>
         <input_file_ref idref="fl-15"/>
      </object_component>
      <object_component id="oc-2bf">
         <name>.debug_info</name>
         <load_address>0x8330</load_address>
         <run_address>0x8330</run_address>
         <size>0x24e</size>
         <input_file_ref idref="fl-15"/>
      </object_component>
      <object_component id="oc-321">
         <name>.debug_info</name>
         <load_address>0x857e</load_address>
         <run_address>0x857e</run_address>
         <size>0x258</size>
         <input_file_ref idref="fl-15"/>
      </object_component>
      <object_component id="oc-2c4">
         <name>.debug_info</name>
         <load_address>0x87d6</load_address>
         <run_address>0x87d6</run_address>
         <size>0x27c</size>
         <input_file_ref idref="fl-15"/>
      </object_component>
      <object_component id="oc-2d7">
         <name>.debug_info</name>
         <load_address>0x8a52</load_address>
         <run_address>0x8a52</run_address>
         <size>0x241</size>
         <input_file_ref idref="fl-15"/>
      </object_component>
      <object_component id="oc-14a">
         <name>.debug_info</name>
         <load_address>0x8c93</load_address>
         <run_address>0x8c93</run_address>
         <size>0x277</size>
         <input_file_ref idref="fl-15"/>
      </object_component>
      <object_component id="oc-144">
         <name>.debug_info</name>
         <load_address>0x8f0a</load_address>
         <run_address>0x8f0a</run_address>
         <size>0x519</size>
         <input_file_ref idref="fl-15"/>
      </object_component>
      <object_component id="oc-266">
         <name>.debug_info</name>
         <load_address>0x9423</load_address>
         <run_address>0x9423</run_address>
         <size>0x3ba</size>
         <input_file_ref idref="fl-15"/>
      </object_component>
      <object_component id="oc-1f0">
         <name>.debug_info</name>
         <load_address>0x97dd</load_address>
         <run_address>0x97dd</run_address>
         <size>0x243</size>
         <input_file_ref idref="fl-15"/>
      </object_component>
      <object_component id="oc-151">
         <name>.debug_info</name>
         <load_address>0x9a20</load_address>
         <run_address>0x9a20</run_address>
         <size>0x251</size>
         <input_file_ref idref="fl-15"/>
      </object_component>
      <object_component id="oc-13e">
         <name>.debug_info</name>
         <load_address>0x9c71</load_address>
         <run_address>0x9c71</run_address>
         <size>0x241</size>
         <input_file_ref idref="fl-15"/>
      </object_component>
      <object_component id="oc-1c1">
         <name>.debug_info</name>
         <load_address>0x9eb2</load_address>
         <run_address>0x9eb2</run_address>
         <size>0x17f</size>
         <input_file_ref idref="fl-21"/>
      </object_component>
      <object_component id="oc-1b0">
         <name>.debug_info</name>
         <load_address>0xa031</load_address>
         <run_address>0xa031</run_address>
         <size>0x238</size>
         <input_file_ref idref="fl-22"/>
      </object_component>
      <object_component id="oc-80">
         <name>.debug_info</name>
         <load_address>0xa269</load_address>
         <run_address>0xa269</run_address>
         <size>0x158</size>
         <input_file_ref idref="fl-23"/>
      </object_component>
      <object_component id="oc-1b7">
         <name>.debug_info</name>
         <load_address>0xa3c1</load_address>
         <run_address>0xa3c1</run_address>
         <size>0x127</size>
         <input_file_ref idref="fl-24"/>
      </object_component>
      <object_component id="oc-1a5">
         <name>.debug_info</name>
         <load_address>0xa4e8</load_address>
         <run_address>0xa4e8</run_address>
         <size>0x127</size>
         <input_file_ref idref="fl-25"/>
      </object_component>
      <object_component id="oc-24a">
         <name>.debug_info</name>
         <load_address>0xa60f</load_address>
         <run_address>0xa60f</run_address>
         <size>0x127</size>
         <input_file_ref idref="fl-26"/>
      </object_component>
      <object_component id="oc-239">
         <name>.debug_info</name>
         <load_address>0xa736</load_address>
         <run_address>0xa736</run_address>
         <size>0x13b</size>
         <input_file_ref idref="fl-27"/>
      </object_component>
      <object_component id="oc-22d">
         <name>.debug_info</name>
         <load_address>0xa871</load_address>
         <run_address>0xa871</run_address>
         <size>0x127</size>
         <input_file_ref idref="fl-28"/>
      </object_component>
      <object_component id="oc-1cb">
         <name>.debug_info</name>
         <load_address>0xa998</load_address>
         <run_address>0xa998</run_address>
         <size>0x127</size>
         <input_file_ref idref="fl-29"/>
      </object_component>
      <object_component id="oc-19f">
         <name>.debug_info</name>
         <load_address>0xaabf</load_address>
         <run_address>0xaabf</run_address>
         <size>0x12b</size>
         <input_file_ref idref="fl-2b"/>
      </object_component>
      <object_component id="oc-1bc">
         <name>.debug_info</name>
         <load_address>0xabea</load_address>
         <run_address>0xabea</run_address>
         <size>0x12b</size>
         <input_file_ref idref="fl-2c"/>
      </object_component>
      <object_component id="oc-1aa">
         <name>.debug_info</name>
         <load_address>0xad15</load_address>
         <run_address>0xad15</run_address>
         <size>0x127</size>
         <input_file_ref idref="fl-2d"/>
      </object_component>
      <object_component id="oc-90">
         <name>.debug_info</name>
         <load_address>0xae3c</load_address>
         <run_address>0xae3c</run_address>
         <size>0x14d</size>
         <input_file_ref idref="fl-2e"/>
      </object_component>
      <object_component id="oc-ab">
         <name>.debug_info</name>
         <load_address>0xaf89</load_address>
         <run_address>0xaf89</run_address>
         <size>0x1bf</size>
         <input_file_ref idref="fl-2f"/>
      </object_component>
      <object_component id="oc-58">
         <name>.debug_info</name>
         <load_address>0xb148</load_address>
         <run_address>0xb148</run_address>
         <size>0x1b6</size>
         <input_file_ref idref="fl-30"/>
      </object_component>
      <object_component id="oc-28">
         <name>.debug_info</name>
         <load_address>0xb2fe</load_address>
         <run_address>0xb2fe</run_address>
         <size>0x1b7</size>
         <input_file_ref idref="fl-31"/>
      </object_component>
      <object_component id="oc-22">
         <name>.debug_info</name>
         <load_address>0xb4b5</load_address>
         <run_address>0xb4b5</run_address>
         <size>0x219</size>
         <input_file_ref idref="fl-32"/>
      </object_component>
      <object_component id="oc-28f">
         <name>.debug_info</name>
         <load_address>0xb6ce</load_address>
         <run_address>0xb6ce</run_address>
         <size>0x210</size>
         <input_file_ref idref="fl-33"/>
      </object_component>
      <object_component id="oc-23d">
         <name>.debug_info</name>
         <load_address>0xb8de</load_address>
         <run_address>0xb8de</run_address>
         <size>0x76d</size>
         <input_file_ref idref="fl-33"/>
      </object_component>
      <object_component id="oc-2ec">
         <name>.debug_info</name>
         <load_address>0xc04b</load_address>
         <run_address>0xc04b</run_address>
         <size>0x110</size>
         <input_file_ref idref="fl-34"/>
      </object_component>
      <object_component id="oc-2f7">
         <name>.debug_info</name>
         <load_address>0xc15b</load_address>
         <run_address>0xc15b</run_address>
         <size>0x166</size>
         <input_file_ref idref="fl-34"/>
      </object_component>
      <object_component id="oc-306">
         <name>.debug_info</name>
         <load_address>0xc2c1</load_address>
         <run_address>0xc2c1</run_address>
         <size>0x10b</size>
         <input_file_ref idref="fl-34"/>
      </object_component>
      <object_component id="oc-2f4">
         <name>.debug_info</name>
         <load_address>0xc3cc</load_address>
         <run_address>0xc3cc</run_address>
         <size>0x10c</size>
         <input_file_ref idref="fl-34"/>
      </object_component>
      <object_component id="oc-297">
         <name>.debug_info</name>
         <load_address>0xc4d8</load_address>
         <run_address>0xc4d8</run_address>
         <size>0x823</size>
         <input_file_ref idref="fl-34"/>
      </object_component>
      <object_component id="oc-e0">
         <name>.debug_info</name>
         <load_address>0xccfb</load_address>
         <run_address>0xccfb</run_address>
         <size>0x19e</size>
         <input_file_ref idref="fl-35"/>
      </object_component>
      <object_component id="oc-9c">
         <name>.debug_info</name>
         <load_address>0xce99</load_address>
         <run_address>0xce99</run_address>
         <size>0x1a9</size>
         <input_file_ref idref="fl-35"/>
      </object_component>
      <object_component id="oc-e3">
         <name>.debug_info</name>
         <load_address>0xd042</load_address>
         <run_address>0xd042</run_address>
         <size>0x107</size>
         <input_file_ref idref="fl-36"/>
      </object_component>
      <object_component id="oc-1d7">
         <name>.debug_info</name>
         <load_address>0xd149</load_address>
         <run_address>0xd149</run_address>
         <size>0x10b</size>
         <input_file_ref idref="fl-36"/>
      </object_component>
      <object_component id="oc-12a">
         <name>.debug_info</name>
         <load_address>0xd254</load_address>
         <run_address>0xd254</run_address>
         <size>0x203</size>
         <input_file_ref idref="fl-36"/>
      </object_component>
      <object_component id="oc-96">
         <name>.debug_info</name>
         <load_address>0xd457</load_address>
         <run_address>0xd457</run_address>
         <size>0x15d</size>
         <input_file_ref idref="fl-37"/>
      </object_component>
      <object_component id="oc-254">
         <name>.debug_info</name>
         <load_address>0xd5b4</load_address>
         <run_address>0xd5b4</run_address>
         <size>0x104</size>
         <input_file_ref idref="fl-39"/>
      </object_component>
      <object_component id="oc-1c7">
         <name>.debug_info</name>
         <load_address>0xd6b8</load_address>
         <run_address>0xd6b8</run_address>
         <size>0x198</size>
         <input_file_ref idref="fl-39"/>
      </object_component>
      <object_component id="oc-29f">
         <name>.debug_info</name>
         <load_address>0xd850</load_address>
         <run_address>0xd850</run_address>
         <size>0x193</size>
         <input_file_ref idref="fl-3a"/>
      </object_component>
      <object_component id="oc-243">
         <name>.debug_info</name>
         <load_address>0xd9e3</load_address>
         <run_address>0xd9e3</run_address>
         <size>0x350</size>
         <input_file_ref idref="fl-3a"/>
      </object_component>
      <object_component id="oc-27a">
         <name>.debug_info</name>
         <load_address>0xdd33</load_address>
         <run_address>0xdd33</run_address>
         <size>0x195</size>
         <input_file_ref idref="fl-3b"/>
      </object_component>
      <object_component id="oc-232">
         <name>.debug_info</name>
         <load_address>0xdec8</load_address>
         <run_address>0xdec8</run_address>
         <size>0x3a9</size>
         <input_file_ref idref="fl-3b"/>
      </object_component>
      <object_component id="oc-33c">
         <name>.debug_info</name>
         <load_address>0xe271</load_address>
         <run_address>0xe271</run_address>
         <size>0x107</size>
         <input_file_ref idref="fl-3c"/>
      </object_component>
      <object_component id="oc-302">
         <name>.debug_info</name>
         <load_address>0xe378</load_address>
         <run_address>0xe378</run_address>
         <size>0x235</size>
         <input_file_ref idref="fl-3c"/>
      </object_component>
      <object_component id="oc-32e">
         <name>.debug_info</name>
         <load_address>0xe5ad</load_address>
         <run_address>0xe5ad</run_address>
         <size>0x146</size>
         <input_file_ref idref="fl-3d"/>
      </object_component>
      <object_component id="oc-2fa">
         <name>.debug_info</name>
         <load_address>0xe6f3</load_address>
         <run_address>0xe6f3</run_address>
         <size>0x208</size>
         <input_file_ref idref="fl-3d"/>
      </object_component>
      <object_component id="oc-294">
         <name>.debug_info</name>
         <load_address>0xe8fb</load_address>
         <run_address>0xe8fb</run_address>
         <size>0x131</size>
         <input_file_ref idref="fl-3e"/>
      </object_component>
      <object_component id="oc-285">
         <name>.debug_info</name>
         <load_address>0xea2c</load_address>
         <run_address>0xea2c</run_address>
         <size>0x127</size>
         <input_file_ref idref="fl-3f"/>
      </object_component>
      <object_component id="oc-280">
         <name>.debug_info</name>
         <load_address>0xeb53</load_address>
         <run_address>0xeb53</run_address>
         <size>0x1a5</size>
         <input_file_ref idref="fl-40"/>
      </object_component>
      <object_component id="oc-2f1">
         <name>.debug_info</name>
         <load_address>0xecf8</load_address>
         <run_address>0xecf8</run_address>
         <size>0x163</size>
         <input_file_ref idref="fl-41"/>
      </object_component>
      <object_component id="oc-28a">
         <name>.debug_info</name>
         <load_address>0xee5b</load_address>
         <run_address>0xee5b</run_address>
         <size>0x12b</size>
         <input_file_ref idref="fl-42"/>
      </object_component>
      <object_component id="oc-50">
         <name>.debug_info</name>
         <load_address>0xef86</load_address>
         <run_address>0xef86</run_address>
         <size>0x19b</size>
         <input_file_ref idref="fl-44"/>
      </object_component>
      <object_component id="oc-ec">
         <name>.debug_info</name>
         <load_address>0xf121</load_address>
         <run_address>0xf121</run_address>
         <size>0x147</size>
         <input_file_ref idref="fl-45"/>
      </object_component>
      <object_component id="oc-337">
         <name>.debug_info</name>
         <load_address>0xf268</load_address>
         <run_address>0xf268</run_address>
         <size>0x106</size>
         <input_file_ref idref="fl-46"/>
      </object_component>
      <object_component id="oc-334">
         <name>.debug_info</name>
         <load_address>0xf36e</load_address>
         <run_address>0xf36e</run_address>
         <size>0x189</size>
         <input_file_ref idref="fl-47"/>
      </object_component>
      <object_component id="oc-397">
         <name>.debug_info</name>
         <load_address>0xf4f7</load_address>
         <run_address>0xf4f7</run_address>
         <size>0xcf</size>
      </object_component>
      <object_component id="oc-10f">
         <name>.debug_line</name>
         <load_address>0x0</load_address>
         <run_address>0x0</run_address>
         <size>0x39a</size>
         <input_file_ref idref="fl-2"/>
      </object_component>
      <object_component id="oc-218">
         <name>.debug_line</name>
         <load_address>0x39a</load_address>
         <run_address>0x39a</run_address>
         <size>0x128</size>
         <input_file_ref idref="fl-2"/>
      </object_component>
      <object_component id="oc-112">
         <name>.debug_line</name>
         <load_address>0x4c2</load_address>
         <run_address>0x4c2</run_address>
         <size>0x4f</size>
         <input_file_ref idref="fl-3"/>
      </object_component>
      <object_component id="oc-21b">
         <name>.debug_line</name>
         <load_address>0x511</load_address>
         <run_address>0x511</run_address>
         <size>0x21</size>
         <input_file_ref idref="fl-3"/>
      </object_component>
      <object_component id="oc-1d2">
         <name>.debug_line</name>
         <load_address>0x532</load_address>
         <run_address>0x532</run_address>
         <size>0x2e</size>
         <input_file_ref idref="fl-4"/>
      </object_component>
      <object_component id="oc-db">
         <name>.debug_line</name>
         <load_address>0x560</load_address>
         <run_address>0x560</run_address>
         <size>0x53</size>
         <input_file_ref idref="fl-4"/>
      </object_component>
      <object_component id="oc-1d4">
         <name>.debug_line</name>
         <load_address>0x5b3</load_address>
         <run_address>0x5b3</run_address>
         <size>0x246</size>
         <input_file_ref idref="fl-4"/>
      </object_component>
      <object_component id="oc-2e">
         <name>.debug_line</name>
         <load_address>0x7f9</load_address>
         <run_address>0x7f9</run_address>
         <size>0x55</size>
         <input_file_ref idref="fl-5"/>
      </object_component>
      <object_component id="oc-65">
         <name>.debug_line</name>
         <load_address>0x84e</load_address>
         <run_address>0x84e</run_address>
         <size>0x5d</size>
         <input_file_ref idref="fl-5"/>
      </object_component>
      <object_component id="oc-208">
         <name>.debug_line</name>
         <load_address>0x8ab</load_address>
         <run_address>0x8ab</run_address>
         <size>0x37</size>
         <input_file_ref idref="fl-6"/>
      </object_component>
      <object_component id="oc-103">
         <name>.debug_line</name>
         <load_address>0x8e2</load_address>
         <run_address>0x8e2</run_address>
         <size>0x3fd</size>
         <input_file_ref idref="fl-6"/>
      </object_component>
      <object_component id="oc-20a">
         <name>.debug_line</name>
         <load_address>0xcdf</load_address>
         <run_address>0xcdf</run_address>
         <size>0xa5</size>
         <input_file_ref idref="fl-6"/>
      </object_component>
      <object_component id="oc-221">
         <name>.debug_line</name>
         <load_address>0xd84</load_address>
         <run_address>0xd84</run_address>
         <size>0x3b</size>
         <input_file_ref idref="fl-7"/>
      </object_component>
      <object_component id="oc-225">
         <name>.debug_line</name>
         <load_address>0xdbf</load_address>
         <run_address>0xdbf</run_address>
         <size>0x3b</size>
         <input_file_ref idref="fl-7"/>
      </object_component>
      <object_component id="oc-227">
         <name>.debug_line</name>
         <load_address>0xdfa</load_address>
         <run_address>0xdfa</run_address>
         <size>0x3b</size>
         <input_file_ref idref="fl-7"/>
      </object_component>
      <object_component id="oc-11c">
         <name>.debug_line</name>
         <load_address>0xe35</load_address>
         <run_address>0xe35</run_address>
         <size>0x1a1</size>
         <input_file_ref idref="fl-7"/>
      </object_component>
      <object_component id="oc-25a">
         <name>.debug_line</name>
         <load_address>0xfd6</load_address>
         <run_address>0xfd6</run_address>
         <size>0x85</size>
         <input_file_ref idref="fl-7"/>
      </object_component>
      <object_component id="oc-196">
         <name>.debug_line</name>
         <load_address>0x105b</load_address>
         <run_address>0x105b</run_address>
         <size>0x9a</size>
         <input_file_ref idref="fl-8"/>
      </object_component>
      <object_component id="oc-276">
         <name>.debug_line</name>
         <load_address>0x10f5</load_address>
         <run_address>0x10f5</run_address>
         <size>0x9b</size>
         <input_file_ref idref="fl-8"/>
      </object_component>
      <object_component id="oc-18d">
         <name>.debug_line</name>
         <load_address>0x1190</load_address>
         <run_address>0x1190</run_address>
         <size>0x113</size>
         <input_file_ref idref="fl-9"/>
      </object_component>
      <object_component id="oc-273">
         <name>.debug_line</name>
         <load_address>0x12a3</load_address>
         <run_address>0x12a3</run_address>
         <size>0xa4</size>
         <input_file_ref idref="fl-9"/>
      </object_component>
      <object_component id="oc-210">
         <name>.debug_line</name>
         <load_address>0x1347</load_address>
         <run_address>0x1347</run_address>
         <size>0x9c</size>
         <input_file_ref idref="fl-12"/>
      </object_component>
      <object_component id="oc-180">
         <name>.debug_line</name>
         <load_address>0x13e3</load_address>
         <run_address>0x13e3</run_address>
         <size>0x98</size>
         <input_file_ref idref="fl-12"/>
      </object_component>
      <object_component id="oc-270">
         <name>.debug_line</name>
         <load_address>0x147b</load_address>
         <run_address>0x147b</run_address>
         <size>0xe6</size>
         <input_file_ref idref="fl-12"/>
      </object_component>
      <object_component id="oc-1fc">
         <name>.debug_line</name>
         <load_address>0x1561</load_address>
         <run_address>0x1561</run_address>
         <size>0x98</size>
         <input_file_ref idref="fl-13"/>
      </object_component>
      <object_component id="oc-154">
         <name>.debug_line</name>
         <load_address>0x15f9</load_address>
         <run_address>0x15f9</run_address>
         <size>0xa2</size>
         <input_file_ref idref="fl-13"/>
      </object_component>
      <object_component id="oc-17c">
         <name>.debug_line</name>
         <load_address>0x169b</load_address>
         <run_address>0x169b</run_address>
         <size>0xb1</size>
         <input_file_ref idref="fl-13"/>
      </object_component>
      <object_component id="oc-15a">
         <name>.debug_line</name>
         <load_address>0x174c</load_address>
         <run_address>0x174c</run_address>
         <size>0x9f</size>
         <input_file_ref idref="fl-13"/>
      </object_component>
      <object_component id="oc-16a">
[...]
      <handler>
         <index>0x0</index>
         <name>__TI_zero_init</name>
      </handler>
      <handler>
         <index>0x1</index>
         <name>__TI_decompress_lzss</name>
      </handler>
      <handler>
         <index>0x2</index>
         <name>__TI_decompress_none</name>
      </handler>
   </handler_table>
   <symbol_table>
      <symbol id="sm-1">
         <name>__TI_CINIT_Base</name>
         <value>0x13c</value>
      </symbol>
      <symbol id="sm-2">
         <name>__TI_CINIT_Limit</name>
         <value>0x144</value>
      </symbol>
      <symbol id="sm-3">
         <name>__TI_CINIT_Warm</name>
         <value>0x144</value>
      </symbol>
      <symbol id="sm-4">
         <name>__TI_Handler_Table_Base</name>
         <value>0x132</value>
      </symbol>
      <symbol id="sm-5">
         <name>__TI_Handler_Table_Limit</name>
         <value>0x138</value>
      </symbol>
      <symbol id="sm-6">
         <name>__TI_STACK_SIZE</name>
         <value>0x100</value>
      </symbol>
      <symbol id="sm-7">
         <name>__TI_STACK_END</name>
         <value>0x500</value>
      </symbol>
      <symbol id="sm-8">
         <name>__TI_pprof_out_hndl</name>
         <value>0xffffffff</value>
      </symbol>
      <symbol id="sm-9">
         <name>__TI_prof_data_start</name>
         <value>0xffffffff</value>
      </symbol>
      <symbol id="sm-a">
         <name>__TI_prof_data_size</name>
         <value>0xffffffff</value>
      </symbol>
      <symbol id="sm-6d">
         <name>PinMux_init</name>
         <value>0x865f</value>
         <object_component_ref idref="oc-10b"/>
      </symbol>
      <symbol id="sm-6e">
         <name>Led_Blink_init</name>
         <value>0x873b</value>
         <object_component_ref idref="oc-10b"/>
      </symbol>
      <symbol id="sm-6f">
         <name>Board_init</name>
         <value>0x8654</value>
         <object_component_ref idref="oc-10b"/>
      </symbol>
      <symbol id="sm-70">
         <name>GPIO_init</name>
         <value>0x8738</value>
         <object_component_ref idref="oc-10b"/>
      </symbol>
      <symbol id="sm-71">
         <name>SYNC_init</name>
         <value>0x874f</value>
         <object_component_ref idref="oc-10b"/>
      </symbol>
      <symbol id="sm-72">
         <name>EPWM_init</name>
         <value>0x8682</value>
         <object_component_ref idref="oc-10b"/>
      </symbol>
      <symbol id="sm-7f">
         <name>C2000Ware_libraries_init</name>
         <value>0x87ff</value>
         <object_component_ref idref="oc-111"/>
      </symbol>
      <symbol id="sm-92">
         <name>Signal</name>
         <value>0xaeac</value>
         <object_component_ref idref="oc-11d"/>
      </symbol>
      <symbol id="sm-93">
         <name>main</name>
         <value>0x9a9a</value>
         <object_component_ref idref="oc-d7"/>
      </symbol>
      <symbol id="sm-a2">
         <name>code_start</name>
         <value>0x0</value>
         <object_component_ref idref="oc-2d"/>
      </symbol>
      <symbol id="sm-d4">
         <name>Device_enableAllPeripherals</name>
         <value>0x88f0</value>
         <object_component_ref idref="oc-ff"/>
      </symbol>
      <symbol id="sm-d5">
         <name>Device_initGPIO</name>
         <value>0x89db</value>
         <object_component_ref idref="oc-ff"/>
      </symbol>
      <symbol id="sm-d6">
         <name>Example_Fail</name>
         <value>0xaeb2</value>
         <object_component_ref idref="oc-16b"/>
      </symbol>
      <symbol id="sm-d7">
         <name>Example_setResultFail</name>
         <value>0x8bf9</value>
         <object_component_ref idref="oc-ff"/>
      </symbol>
      <symbol id="sm-d8">
         <name>Device_bootCPU2</name>
         <value>0x8a73</value>
         <object_component_ref idref="oc-ff"/>
      </symbol>
      <symbol id="sm-d9">
         <name>Device_init</name>
         <value>0x88ae</value>
         <object_component_ref idref="oc-ff"/>
      </symbol>
      <symbol id="sm-da">
         <name>Example_Result</name>
         <value>0xaeae</value>
         <object_component_ref idref="oc-16b"/>
      </symbol>
      <symbol id="sm-db">
         <name>Device_enableUnbondedGPIOPullups</name>
         <value>0x8a2c</value>
         <object_component_ref idref="oc-ff"/>
      </symbol>
      <symbol id="sm-dc">
         <name>__error__</name>
         <value>0x8bed</value>
         <object_component_ref idref="oc-ff"/>
      </symbol>
      <symbol id="sm-dd">
         <name>Example_setResultPass</name>
         <value>0x8bf4</value>
         <object_component_ref idref="oc-ff"/>
      </symbol>
      <symbol id="sm-de">
         <name>Device_configureTMXAnalogTrim</name>
         <value>0x8a42</value>
         <object_component_ref idref="oc-ff"/>
      </symbol>
      <symbol id="sm-df">
         <name>Device_enableUnbondedGPIOPullupsFor176Pin</name>
         <value>0x89fc</value>
         <object_component_ref idref="oc-ff"/>
      </symbol>
      <symbol id="sm-e0">
         <name>Example_done</name>
         <value>0x8bfe</value>
         <object_component_ref idref="oc-ff"/>
      </symbol>
      <symbol id="sm-e1">
         <name>Example_PassCount</name>
         <value>0xaeb0</value>
         <object_component_ref idref="oc-16b"/>
      </symbol>
      <symbol id="sm-e2">
         <name>Device_enableUnbondedGPIOPullupsFor100Pin</name>
         <value>0x8a0f</value>
         <object_component_ref idref="oc-ff"/>
      </symbol>
      <symbol id="sm-112">
         <name>SignalManager_ConfigAdc</name>
         <value>0x8e48</value>
         <object_component_ref idref="oc-117"/>
      </symbol>
      <symbol id="sm-113">
         <name>firCoeffs</name>
         <value>0xaabe</value>
         <object_component_ref idref="oc-18e"/>
      </symbol>
      <symbol id="sm-114">
         <name>sineWithNoise_table</name>
         <value>0xad1c</value>
         <object_component_ref idref="oc-19b"/>
      </symbol>
      <symbol id="sm-115">
         <name>SignalManager_ConfigPwm</name>
         <value>0x8e21</value>
         <object_component_ref idref="oc-117"/>
      </symbol>
      <symbol id="sm-116">
         <name>SignalManager_TestSineWithNoise</name>
         <value>0x8eb6</value>
         <object_component_ref idref="oc-117"/>
      </symbol>
      <symbol id="sm-117">
         <name>SignalManager_Init</name>
         <value>0x8e08</value>
         <object_component_ref idref="oc-117"/>
      </symbol>
      <symbol id="sm-118">
         <name>SignalManager_TestSineNoisePwm</name>
         <value>0x8e82</value>
         <object_component_ref idref="oc-117"/>
      </symbol>
      <symbol id="sm-119">
         <name>sine_table</name>
         <value>0xade4</value>
         <object_component_ref idref="oc-197"/>
      </symbol>
      <symbol id="sm-11a">
         <name>SignalManager_ConfigFir</name>
         <value>0x8e4c</value>
         <object_component_ref idref="oc-117"/>
      </symbol>
      <symbol id="sm-11b">
         <name>SignalManager_TestSinePwm</name>
         <value>0x8e57</value>
         <object_component_ref idref="oc-117"/>
      </symbol>
      <symbol id="sm-12f">
         <name>FIR_Update</name>
         <value>0x963e</value>
         <object_component_ref idref="oc-191"/>
      </symbol>
      <symbol id="sm-130">
         <name>FIR_Init</name>
         <value>0x961a</value>
         <object_component_ref idref="oc-191"/>
      </symbol>
      <symbol id="sm-147">
         <name>pwmDuty</name>
         <value>0x9602</value>
         <object_component_ref idref="oc-188"/>
      </symbol>
      <symbol id="sm-148">
         <name>pwmSetFreq</name>
         <value>0x9616</value>
         <object_component_ref idref="oc-188"/>
      </symbol>
      <symbol id="sm-149">
         <name>pwmInit</name>
         <value>0x95fe</value>
         <object_component_ref idref="oc-188"/>
      </symbol>
      <symbol id="sm-14a">
         <name>pwmDutyB</name>
         <value>0x960c</value>
         <object_component_ref idref="oc-188"/>
      </symbol>
      <symbol id="sm-165">
         <name>EPWM_setEmulationMode</name>
         <value>0x9bc0</value>
         <object_component_ref idref="oc-17e"/>
      </symbol>
      <symbol id="sm-1a7">
         <name>GPIO_setQualificationMode</name>
         <value>0x98a9</value>
         <object_component_ref idref="oc-159"/>
      </symbol>
      <symbol id="sm-1a8">
         <name>GPIO_setPadConfig</name>
         <value>0xb7a1</value>
         <object_component_ref idref="oc-178"/>
      </symbol>
      <symbol id="sm-1a9">
         <name>GPIO_setDirectionMode</name>
         <value>0x98e0</value>
         <object_component_ref idref="oc-153"/>
      </symbol>
      <symbol id="sm-1aa">
         <name>GPIO_setPinConfig</name>
         <value>0x9872</value>
         <object_component_ref idref="oc-15f"/>
      </symbol>
      <symbol id="sm-1ab">
         <name>GPIO_setControllerCore</name>
         <value>0x983b</value>
         <object_component_ref idref="oc-165"/>
      </symbol>
      <symbol id="sm-1e5">
         <name>Interrupt_defaultHandler</name>
         <value>0x9bd6</value>
         <object_component_ref idref="oc-32"/>
      </symbol>
      <symbol id="sm-1e6">
         <name>Interrupt_initModule</name>
         <value>0x97a2</value>
         <object_component_ref idref="oc-105"/>
      </symbol>
      <symbol id="sm-1e7">
         <name>Interrupt_nmiHandler</name>
         <value>0x9c83</value>
         <object_component_ref idref="oc-44"/>
      </symbol>
      <symbol id="sm-1e8">
         <name>Interrupt_initVectorTable</name>
         <value>0x9ad8</value>
         <object_component_ref idref="oc-33"/>
      </symbol>
      <symbol id="sm-1e9">
         <name>Interrupt_illegalOperationHandler</name>
         <value>0x9c79</value>
         <object_component_ref idref="oc-3e"/>
      </symbol>
      <symbol id="sm-2c2">
         <name>SysCtl_delay</name>
         <value>0x123</value>
         <object_component_ref idref="oc-19a"/>
      </symbol>
      <symbol id="sm-2c3">
         <name>SysCtl_getDeviceParametric</name>
         <value>0x968c</value>
         <object_component_ref idref="oc-13a"/>
      </symbol>
      <symbol id="sm-2c4">
         <name>SysCtl_selectXTAL</name>
         <value>0x876d</value>
         <object_component_ref idref="oc-262"/>
      </symbol>
      <symbol id="sm-2c5">
         <name>SysCtl_selectOscSource</name>
         <value>0x975a</value>
         <object_component_ref idref="oc-1ec"/>
      </symbol>
      <symbol id="sm-2c6">
         <name>SysCtl_getLowSpeedClock</name>
         <value>0x9b49</value>
         <object_component_ref idref="oc-14d"/>
      </symbol>
      <symbol id="sm-2c7">
         <name>SysCtl_setClock</name>
         <value>0x8bff</value>
         <object_component_ref idref="oc-140"/>
      </symbol>
      <symbol id="sm-2c8">
         <name>SysCtl_getClock</name>
         <value>0x8fa4</value>
         <object_component_ref idref="oc-146"/>
      </symbol>
      <symbol id="sm-2d6">
         <name>sinf</name>
         <value>0x96f4</value>
         <object_component_ref idref="oc-1be"/>
      </symbol>
      <symbol id="sm-2f0">
         <name>sin</name>
         <value>0x91fb</value>
         <object_component_ref idref="oc-1ae"/>
      </symbol>
      <symbol id="sm-2f1">
         <name>sinl</name>
         <value>0x91fb</value>
         <object_component_ref idref="oc-1ae"/>
      </symbol>
      <symbol id="sm-2fb">
         <name>_c_int00</name>
         <value>0x9b92</value>
         <object_component_ref idref="oc-7d"/>
      </symbol>
      <symbol id="sm-2fc">
         <name>__stack</name>
         <value>0x400</value>
         <object_component_ref idref="oc-4a"/>
      </symbol>
      <symbol id="sm-313">
         <name>__c28xabi_addd</name>
         <value>0x936f</value>
         <object_component_ref idref="oc-1b4"/>
      </symbol>
      <symbol id="sm-321">
         <name>__c28xabi_mpyd</name>
         <value>0x951e</value>
         <object_component_ref idref="oc-1a4"/>
      </symbol>
      <symbol id="sm-32a">
         <name>__c28xabi_negd</name>
         <value>0x9c9f</value>
         <object_component_ref idref="oc-248"/>
      </symbol>
      <symbol id="sm-332">
         <name>__c28xabi_subd</name>
         <value>0x9c52</value>
         <object_component_ref idref="oc-237"/>
      </symbol>
      <symbol id="sm-33d">
         <name>__c28xabi_dtoi</name>
         <value>0x97df</value>
         <object_component_ref idref="oc-22b"/>
      </symbol>
      <symbol id="sm-34a">
         <name>__c28xabi_divf</name>
         <value>0x9496</value>
         <object_component_ref idref="oc-1ca"/>
      </symbol>
      <symbol id="sm-358">
         <name>__c28xabi_utod</name>
         <value>0x9ba9</value>
         <object_component_ref idref="oc-19e"/>
      </symbol>
      <symbol id="sm-364">
         <name>__c28xabi_dtof</name>
         <value>0x9a36</value>
         <object_component_ref idref="oc-1b9"/>
      </symbol>
      <symbol id="sm-377">
         <name>__c28xabi_divd</name>
         <value>0x940b</value>
         <object_component_ref idref="oc-1a9"/>
      </symbol>
      <symbol id="sm-384">
         <name>_system_pre_init</name>
         <value>0x87fd</value>
         <object_component_ref idref="oc-8e"/>
      </symbol>
      <symbol id="sm-393">
         <name>__TI_auto_init_nobinit_nopinit</name>
         <value>0x9941</value>
         <object_component_ref idref="oc-a7"/>
      </symbol>
      <symbol id="sm-3a2">
         <name>__TI_zero_init_nomemset</name>
         <value>0x9c60</value>
         <object_component_ref idref="oc-55"/>
      </symbol>
      <symbol id="sm-3af">
         <name>__TI_decompress_none</name>
         <value>0x9cb0</value>
         <object_component_ref idref="oc-26"/>
      </symbol>
      <symbol id="sm-3c3">
         <name>__TI_decompress_lzss</name>
         <value>0x9911</value>
         <object_component_ref idref="oc-20"/>
      </symbol>
      <symbol id="sm-3fe">
         <name>__rem_pio2</name>
         <value>0x8000</value>
         <object_component_ref idref="oc-23c"/>
      </symbol>
      <symbol id="sm-46f">
         <name>__kernel_rem_pio2</name>
         <value>0xb000</value>
         <object_component_ref idref="oc-296"/>
      </symbol>
      <symbol id="sm-485">
         <name>C$$EXIT</name>
         <value>0x99c1</value>
         <object_component_ref idref="oc-9b"/>
      </symbol>
      <symbol id="sm-486">
         <name>abort</name>
         <value>0x99c1</value>
         <object_component_ref idref="oc-9b"/>
      </symbol>
      <symbol id="sm-487">
         <name>exit</name>
         <value>0x99c3</value>
         <object_component_ref idref="oc-9b"/>
      </symbol>
      <symbol id="sm-488">
         <name>__TI_dtors_ptr</name>
         <value>0xaeb8</value>
         <object_component_ref idref="oc-df"/>
      </symbol>
      <symbol id="sm-489">
         <name>__TI_cleanup_ptr</name>
         <value>0xaeb6</value>
         <object_component_ref idref="oc-df"/>
      </symbol>
      <symbol id="sm-48a">
         <name>__TI_enable_exit_profile_output</name>
         <value>0xaeb4</value>
         <object_component_ref idref="oc-df"/>
      </symbol>
      <symbol id="sm-4a1">
         <name>_nop</name>
         <value>0x9c9e</value>
         <object_component_ref idref="oc-127"/>
      </symbol>
      <symbol id="sm-4a2">
         <name>_lock</name>
         <value>0xaeba</value>
         <object_component_ref idref="oc-e2"/>
      </symbol>
      <symbol id="sm-4a3">
         <name>_unlock</name>
         <value>0xaebc</value>
         <object_component_ref idref="oc-1d6"/>
      </symbol>
      <symbol id="sm-4a4">
         <name>_register_lock</name>
         <value>0x9c9a</value>
         <object_component_ref idref="oc-127"/>
      </symbol>
      <symbol id="sm-4a5">
         <name>_register_unlock</name>
         <value>0x9c96</value>
         <object_component_ref idref="oc-127"/>
      </symbol>
      <symbol id="sm-4b4">
         <name>_args_main</name>
         <value>0x9c6d</value>
         <object_component_ref idref="oc-95"/>
      </symbol>
      <symbol id="sm-4c8">
         <name>rand</name>
         <value>0x997c</value>
         <object_component_ref idref="oc-1c4"/>
      </symbol>
      <symbol id="sm-4c9">
         <name>srand</name>
         <value>0x996c</value>
         <object_component_ref idref="oc-1c4"/>
      </symbol>
      <symbol id="sm-4eb">
         <name>__kernel_cos</name>
         <value>0x9000</value>
         <object_component_ref idref="oc-242"/>
      </symbol>
      <symbol id="sm-50e">
         <name>__kernel_sin</name>
         <value>0xb67c</value>
         <object_component_ref idref="oc-231"/>
      </symbol>
      <symbol id="sm-531">
         <name>floorl</name>
         <value>0x9113</value>
         <object_component_ref idref="oc-2ff"/>
      </symbol>
      <symbol id="sm-532">
         <name>floor</name>
         <value>0x9113</value>
         <object_component_ref idref="oc-2ff"/>
      </symbol>
      <symbol id="sm-554">
         <name>scalbn</name>
         <value>0x92c6</value>
         <object_component_ref idref="oc-2f9"/>
      </symbol>
      <symbol id="sm-555">
         <name>scalbnl</name>
         <value>0x92c6</value>
         <object_component_ref idref="oc-2f9"/>
      </symbol>
      <symbol id="sm-556">
         <name>ldexpl</name>
         <value>0x92c6</value>
         <object_component_ref idref="oc-2f9"/>
      </symbol>
      <symbol id="sm-557">
         <name>ldexp</name>
         <value>0x92c6</value>
         <object_component_ref idref="oc-2f9"/>
      </symbol>
      <symbol id="sm-563">
         <name>__c28xabi_cmpd</name>
         <value>0x9997</value>
         <object_component_ref idref="oc-291"/>
      </symbol>
      <symbol id="sm-56e">
         <name>__c28xabi_dtol</name>
         <value>0x9ab9</value>
         <object_component_ref idref="oc-284"/>
      </symbol>
      <symbol id="sm-576">
         <name>__c28xabi_orll</name>
         <value>0x9b6b</value>
         <object_component_ref idref="oc-27f"/>
      </symbol>
      <symbol id="sm-577">
         <name>__c28xabi_xorll</name>
         <value>0x9b73</value>
         <object_component_ref idref="oc-27f"/>
      </symbol>
      <symbol id="sm-578">
         <name>__c28xabi_andll</name>
         <value>0x9b63</value>
         <object_component_ref idref="oc-27f"/>
      </symbol>
      <symbol id="sm-582">
         <name>__c28xabi_modi</name>
         <value>0x9a6a</value>
         <object_component_ref idref="oc-2ee"/>
      </symbol>
      <symbol id="sm-583">
         <name>__c28xabi_divi</name>
         <value>0x9a59</value>
         <object_component_ref idref="oc-2ee"/>
      </symbol>
      <symbol id="sm-58f">
         <name>__c28xabi_ltod</name>
         <value>0x9b13</value>
         <object_component_ref idref="oc-289"/>
      </symbol>
      <symbol id="sm-5a2">
         <name>memcpy</name>
         <value>0x9af6</value>
         <object_component_ref idref="oc-4d"/>
      </symbol>
      <symbol id="sm-5af">
         <name>_system_post_cinit</name>
         <value>0x9cbf</value>
         <object_component_ref idref="oc-ea"/>
      </symbol>
      <symbol id="sm-5ba">
         <name>errno</name>
         <value>0xaec0</value>
         <object_component_ref idref="oc-336"/>
      </symbol>
      <symbol id="sm-5c8">
         <name>copysign</name>
         <value>0x9a12</value>
         <object_component_ref idref="oc-330"/>
      </symbol>
      <symbol id="sm-5c9">
         <name>copysignl</name>
         <value>0x9a12</value>
         <object_component_ref idref="oc-330"/>
      </symbol>
      <symbol id="sm-5cb">
         <name>__c_args__</name>
         <value>0x0</value>
      </symbol>
   </symbol_table>
   <title>Link successful</title>
</link_info>
