******************************************************************************
             TMS320C2000 Linker PC v22.6.1                     
******************************************************************************
>> Linked Sun Jun  1 17:30:44 2025

OUTPUT FILE NAME:   <TP_CONVERTIDORES_DSP.out>
ENTRY POINT SYMBOL: "code_start"  address: 00000000


MEMORY CONFIGURATION

         name            origin    length      used     unused   attr    fill
----------------------  --------  ---------  --------  --------  ----  --------
PAGE 0:
  BEGIN                 00000000   00000002  00000002  00000000  RWIX
  RAMM0                 00000123   000002dd  00000020  000002bd  RWIX
  RAMLS0                00008000   00000800  000007ff  00000001  RWIX
  RAMLS1                00008800   00000800  00000800  00000000  RWIX
  RAMLS2                00009000   00000800  000007fb  00000005  RWIX
  RAMLS3                00009800   00000800  00000800  00000000  RWIX
  RAMLS4                0000a000   00000800  00000234  000005cc  RWIX
  RAMD0                 0000b000   00000800  00000800  00000000  RWIX
  FLASHA                00080002   00001ffe  00000000  00001ffe  RWIX
  FLASHB                00082000   00002000  00000000  00002000  RWIX
  FLASHC                00084000   00002000  00000000  00002000  RWIX
  FLASHD                00086000   00002000  00000000  00002000  RWIX
  FLASHE                00088000   00008000  00000000  00008000  RWIX
  FLASHF                00090000   00008000  00000000  00008000  RWIX
  FLASHG                00098000   00008000  00000000  00008000  RWIX
  FLASHH                000a0000   00008000  00000000  00008000  RWIX
  FLASHI                000a8000   00008000  00000000  00008000  RWIX
  FLASHJ                000b0000   00008000  00000000  00008000  RWIX
  FLASHK                000b8000   00002000  00000000  00002000  RWIX
  FLASHL                000ba000   00002000  00000000  00002000  RWIX
  FLASHM                000bc000   00002000  00000000  00002000  RWIX
  FLASHN                000be000   00001ff0  00000000  00001ff0  RWIX
  RESET                 003fffc0   00000002  00000000  00000002  RWIX

PAGE 1:
  BOOT_RSVD             00000002   00000121  00000000  00000121  RWIX
  RAMM1                 00000400   000003f8  00000100  000002f8  RWIX
  RAMLS5                0000a800   00000800  0000079e  00000062  RWIX
  RAMD1                 0000b800   00000800  00000000  00000800  RWIX
  RAMGS0                0000c000   00001000  00000000  00001000  RWIX
  RAMGS1                0000d000   00001000  00000000  00001000  RWIX
  RAMGS2                0000e000   00001000  00000000  00001000  RWIX
  RAMGS3                0000f000   00001000  00000000  00001000  RWIX
  RAMGS4                00010000   00001000  00000000  00001000  RWIX
  RAMGS5                00011000   00001000  00000000  00001000  RWIX
  RAMGS6                00012000   00001000  00000000  00001000  RWIX
  RAMGS7                00013000   00001000  00000000  00001000  RWIX
  RAMGS8                00014000   00001000  00000000  00001000  RWIX
  RAMGS9                00015000   00001000  00000000  00001000  RWIX
  RAMGS10               00016000   00001000  00000000  00001000  RWIX
  RAMGS11               00017000   00001000  00000000  00001000  RWIX
  RAMGS12               00018000   00001000  00000000  00001000  RWIX
  RAMGS13               00019000   00001000  00000000  00001000  RWIX
  RAMGS14               0001a000   00001000  00000000  00001000  RWIX
  RAMGS15               0001b000   00000ff8  00000000  00000ff8  RWIX
  CPU2TOCPU1RAM         0003f800   00000400  00000000  00000400  RWIX
  CPU1TOCPU2RAM         0003fc00   00000400  00000000  00000400  RWIX
  CANA_MSG_RAM          00049000   00000800  00000000  00000800  RWIX
  CANB_MSG_RAM          0004b000   00000800  00000000  00000800  RWIX


SECTION ALLOCATION MAP

 output                                  attributes/
section   page    origin      length       input sections
--------  ----  ----------  ----------   ----------------
codestart 
*          0    00000000    00000002     
                  00000000    00000002     F2837xD_CodeStartBranch.obj (codestart)

.cinit     0    00000128    0000001c     
                  00000128    0000000a     (.cinit..data.load) [load image, compression = lzss]
                  00000132    00000006     (__TI_handler_table)
                  00000138    00000004     (.cinit..bss.load) [load image, compression = zero_init]
                  0000013c    00000008     (__TI_cinit_table)

.reset     0    003fffc0    00000000     DSECT

.stack     1    00000400    00000100     UNINITIALIZED
                  00000400    00000100     --HOLE--

.bss       1    0000adf8    00000193     UNINITIALIZED
                  0000adf8    000000c8     SignalManager.obj (.bss:sineWithNoise_table)
                  0000aec0    000000c8     SignalManager.obj (.bss:sine_table)
                  0000af88    00000002     main.obj (.bss)
                  0000af8a    00000001     adc.obj (.bss)

.init_array 
*          0    00000123    00000000     UNINITIALIZED

.const     1    0000a800    000005f8     
                  0000a800    000000c2     driverlib_eabi.lib : sysctl.obj (.const:.string)
                  0000a8c2    000000bc                        : epwm.obj (.const:.string)
                  0000a97e    000000bc                        : gpio.obj (.const:.string)
                  0000aa3a    00000084     rts2800_fpu32_eabi.lib : k_rem_pio2.c.obj (.const:ipio2)
                  0000aabe    0000007c     board.obj (.const:.string)
                  0000ab3a    00000066     SignalManager.obj (.const:firCoeffs)
                  0000aba0    00000020     rts2800_fpu32_eabi.lib : k_rem_pio2.c.obj (.const:PIo2)
                  0000abc0    00000064                            : e_rem_pio2.c.obj (.const)
                  0000ac24    0000005d     driverlib_eabi.lib : adc.obj (.const:.string)
                  0000ac81    00000001     --HOLE-- [fill = 0]
                  0000ac82    0000003e     pwm.obj (.const:.string)
                  0000acc0    0000003d     adc.obj (.const:.string)
                  0000acfd    00000003     --HOLE-- [fill = 0]
                  0000ad00    0000003c     rts2800_fpu32_eabi.lib : k_cos.c.obj (.const)
                  0000ad3c    00000004                            : k_rem_pio2.c.obj (.const:init_jk)
                  0000ad40    00000038                            : k_sin.c.obj (.const)
                  0000ad78    00000004                            : s_sin.c.obj (.const)
                  0000ad7c    00000004     --HOLE-- [fill = 0]
                  0000ad80    0000002c                            : k_rem_pio2.c.obj (.const)
                  0000adac    00000013     device.obj (.const:.string)
                  0000adbf    00000001     --HOLE-- [fill = 0]
                  0000adc0    0000001c     rts2800_fpu32_eabi.lib : s_scalbn.c.obj (.const)
                  0000addc    00000010     SignalManager.obj (.const)
                  0000adec    0000000c     rts2800_fpu32_eabi.lib : s_floor.c.obj (.const)

.data      1    0000af8c    00000013     UNINITIALIZED
                  0000af8c    00000006     device.obj (.data)
                  0000af92    00000006     rts2800_fpu32_eabi.lib : exit.c.obj (.data)
                  0000af98    00000002                            : _lock.c.obj (.data:_lock)
                  0000af9a    00000002                            : _lock.c.obj (.data:_unlock)
                  0000af9c    00000002                            : rand.c.obj (.data)
                  0000af9e    00000001                            : errno.c.obj (.data)

.TI.ramfunc 
*          0    00000123    00000004     
                  00000123    00000004     driverlib_eabi.lib : sysctl.obj (.TI.ramfunc)

GETBUFFER 
*          0    0003f800    00000000     DSECT

GETWRITEIDX 
*          0    0003f800    00000000     DSECT

PUTREADIDX 
*          0    0003f800    00000000     DSECT

.text.1    0    00008000    000007ff     
                  00008000    0000062e     board.obj (.text)
                  0000862e    0000019c     SignalManager.obj (.text)
                  000087ca    00000031     driverlib_eabi.lib : gpio.obj (.text:GPIO_setDirectionMode)
                  000087fb    00000002     rts2800_fpu32_eabi.lib : pre_init.c.obj (.text)
                  000087fd    00000001     c2000ware_libraries.obj (.text)
                  000087fe    00000001     rts2800_fpu32_eabi.lib : startup.c.obj (.text)

.text.2    0    00008800    00000800     
                  00008800    00000431     rts2800_fpu32_eabi.lib : e_rem_pio2.c.obj (.text)
                  00008c31    00000209     driverlib_eabi.lib : sysctl.obj (.text:SysCtl_setClock)
                  00008e3a    00000113     rts2800_fpu32_eabi.lib : k_cos.c.obj (.text)
                  00008f4d    000000a9                            : s_scalbn.c.obj (.text)
                  00008ff6    0000000a     driverlib_eabi.lib : interrupt.obj (.text:Interrupt_illegalOperationHandler)

.text.3    0    00009000    000007fb     
                  00009000    000003ff     device.obj (.text)
                  000093ff    000000e8     rts2800_fpu32_eabi.lib : s_floor.c.obj (.text)
                  000094e7    000000cb                            : s_sin.c.obj (.text)
                  000095b2    000000bd     adc.obj (.text)
                  0000966f    0000009c     rts2800_fpu32_eabi.lib : fd_add28.asm.obj (.text)
                  0000970b    00000090     driverlib_eabi.lib : sysctl.obj (.text:SysCtl_selectXTAL)
                  0000979b    00000060                        : adc.obj (.text:ADC_setOffsetTrim)

.text.4    0    00009800    00000800     
                  00009800    0000008b     rts2800_fpu32_eabi.lib : fd_div28.asm.obj (.text)
                  0000988b    00000088                            : fs_div28.asm.obj (.text)
                  00009913    00000083                            : fd_mpy28.asm.obj (.text)
                  00009996    00000079     pwm.obj (.text)
                  00009a0f    00000072     filtro.obj (.text)
                  00009a81    0000006f     driverlib_eabi.lib : adc.obj (.text:ADC_setINLTrim)
                  00009af0    00000068                        : sysctl.obj (.text:SysCtl_getDeviceParametric)
                  00009b58    00000066     rts2800_fpu32_eabi.lib : s_sinf.c.obj (.text)
                  00009bbe    00000051     driverlib_eabi.lib : sysctl.obj (.text:SysCtl_getClock)
                  00009c0f    00000050     adc.obj (.text:retain)
                  00009c5f    00000048     driverlib_eabi.lib : sysctl.obj (.text:SysCtl_selectOscSource)
                  00009ca7    0000003d                        : interrupt.obj (.text:Interrupt_initModule)
                  00009ce4    0000003b                        : epwm.obj (.text:EPWM_isBaseValid)
                  00009d1f    00000037                        : gpio.obj (.text:GPIO_setControllerCore)
                  00009d56    00000037                        : gpio.obj (.text:GPIO_setPinConfig)
                  00009d8d    00000037                        : gpio.obj (.text:GPIO_setQualificationMode)
                  00009dc4    00000037                        : interrupt.obj (.text:Interrupt_enable)
                  00009dfb    00000031     main.obj (.text)
                  00009e2c    00000030     rts2800_fpu32_eabi.lib : copy_decompress_lzss.c.obj (.text:decompress:lzss)
                  00009e5c    0000002f     driverlib_eabi.lib : adc.obj (.text:ADC_setMode)
                  00009e8b    0000002b     rts2800_fpu32_eabi.lib : autoinit.c.obj (.text:__TI_auto_init_nobinit_nopinit)
                  00009eb6    0000002b                            : rand.c.obj (.text)
                  00009ee1    0000002a                            : fd_cmp28.asm.obj (.text)
                  00009f0b    00000029                            : exit.c.obj (.text)
                  00009f34    00000028     driverlib_eabi.lib : sysctl.obj (.text:CPUTimer_selectClockSource)
                  00009f5c    00000024     rts2800_fpu32_eabi.lib : s_copysign.c.obj (.text)
                  00009f80    00000023                            : fd_tofsfpu32.asm.obj (.text)
                  00009fa3    00000022                            : i_div28.asm.obj (.text)
                  00009fc5    00000021                            : fd_toi28.asm.obj (.text)
                  00009fe6    0000001a     driverlib_eabi.lib : sysctl.obj (.text:CPUTimer_startTimer)

.text.5    0    0000a000    00000234     
                  0000a000    0000001f     driverlib_eabi.lib : sysctl.obj (.text:CPUTimer_getTimerOverflowStatus)
                  0000a01f    0000001f     rts2800_fpu32_eabi.lib : fd_tol28.asm.obj (.text)
                  0000a03e    0000001e     driverlib_eabi.lib : interrupt.obj (.text:Interrupt_initVectorTable)
                  0000a05c    0000001d     rts2800_fpu32_eabi.lib : memcpy.c.obj (.text)
                  0000a079    0000001c                            : l_tofd28.asm.obj (.text)
                  0000a095    0000001b     driverlib_eabi.lib : adc.obj (.text:ADC_isBaseValid)
                  0000a0b0    0000001a                        : sysctl.obj (.text:SysCtl_getLowSpeedClock)
                  0000a0ca    00000018     rts2800_fpu32_eabi.lib : ll_aox28.asm.obj (.text)
                  0000a0e2    00000017     driverlib_eabi.lib : sysctl.obj (.text:CPUTimer_isBaseValid)
                  0000a0f9    00000017     rts2800_fpu32_eabi.lib : boot28.asm.obj (.text)
                  0000a110    00000017                            : u_tofd28.asm.obj (.text)
                  0000a127    00000016     driverlib_eabi.lib : epwm.obj (.text:EPWM_setEmulationMode)
                  0000a13d    00000016                        : interrupt.obj (.text:Interrupt_defaultHandler)
                  0000a153    00000014                        : sysctl.obj (.text:CPUTimer_stopTimer)
                  0000a167    00000012                        : sysctl.obj (.text:CPUTimer_clearOverflowFlag)
                  0000a179    00000012                        : sysctl.obj (.text:CPUTimer_disableInterrupt)
                  0000a18b    00000011                        : sysctl.obj (.text:CPUTimer_setPeriod)
                  0000a19c    0000000f                        : sysctl.obj (.text:SysCtl_pollCpuTimer)
                  0000a1ab    0000000e                        : gpio.obj (.text:GPIO_isPinValid)
                  0000a1b9    0000000e     rts2800_fpu32_eabi.lib : fd_sub28.asm.obj (.text)
                  0000a1c7    0000000d     driverlib_eabi.lib : interrupt.obj (.text:Interrupt_enableGlobal)
                  0000a1d4    0000000d     rts2800_fpu32_eabi.lib : copy_zero_init.c.obj (.text:decompress:ZI:__TI_zero_init_nomemset)
                  0000a1e1    0000000c                            : args_main.c.obj (.text)
                  0000a1ed    0000000b     driverlib_eabi.lib : sysctl.obj (.text:SysCtl_isMCDClockFailureDetected)
                  0000a1f8    0000000a                        : interrupt.obj (.text:Interrupt_nmiHandler)
                  0000a202    00000009                        : sysctl.obj (.text:SysCtl_serviceWatchdog)
                  0000a20b    00000009     rts2800_fpu32_eabi.lib : _lock.c.obj (.text)
                  0000a214    00000009                            : fd_neg28.asm.obj (.text)
                  0000a21d    00000008     F2837xD_CodeStartBranch.obj (.text)
                  0000a225    00000008     rts2800_fpu32_eabi.lib : copy_decompress_none.c.obj (.text:decompress:none)
                  0000a22d    00000007     driverlib_eabi.lib : sysctl.obj (.text:SysCtl_resetMCD)

.text.6    0    0000b000    00000800     
                  0000b000    0000067c     rts2800_fpu32_eabi.lib : k_rem_pio2.c.obj (.text)
                  0000b67c    00000125                            : k_sin.c.obj (.text)
                  0000b7a1    00000052     driverlib_eabi.lib : gpio.obj (.text:GPIO_setPadConfig)
                  0000b7f3    0000000d                        : interrupt.obj (.text:Interrupt_disableGlobal)

MODULE SUMMARY

       Module                        code    ro data   rw data
       ------                        ----    -------   -------
    .\
       main.obj                      49      0         2      
    +--+-----------------------------+-------+---------+---------+
       Total:                        49      0         2      
                                                              
    .\device\
       device.obj                    1023    19        6      
       F2837xD_CodeStartBranch.obj   10      0         0      
    +--+-----------------------------+-------+---------+---------+
       Total:                        1033    19        6      
                                                              
    .\src\
       SignalManager.obj             412     118       400    
       adc.obj                       269     61        1      
       pwm.obj                       121     62        0      
       filtro.obj                    114     0         0      
    +--+-----------------------------+-------+---------+---------+
       Total:                        916     241       401    
                                                              
    .\syscfg\
       board.obj                     1582    124       0      
       c2000ware_libraries.obj       1       0         0      
    +--+-----------------------------+-------+---------+---------+
       Total:                        1583    124       0      
                                                              
    C:\ti\C2000Ware_5_04_00_00\driverlib\f2837xd\driverlib\ccs\Debug\driverlib_eabi.lib
       sysctl.obj                    1187    194       0      
       gpio.obj                      310     188       0      
       adc.obj                       281     93        0      
       epwm.obj                      81      188       0      
       interrupt.obj                 214     0         0      
    +--+-----------------------------+-------+---------+---------+
       Total:                        2073    663       0      
                                                              
    C:\ti\ccs2011\ccs\tools\compiler\ti-cgt-c2000_22.6.1.LTS\lib\rts2800_fpu32_eabi.lib
       k_rem_pio2.c.obj              1660    212       0      
       e_rem_pio2.c.obj              1073    100       0      
       k_sin.c.obj                   293     56        0      
       k_cos.c.obj                   275     60        0      
       s_floor.c.obj                 232     12        0      
       s_sin.c.obj                   203     4         0      
       s_scalbn.c.obj                169     28        0      
       fd_add28.asm.obj              156     0         0      
       fd_div28.asm.obj              139     0         0      
       fs_div28.asm.obj              136     0         0      
       fd_mpy28.asm.obj              131     0         0      
       s_sinf.c.obj                  102     0         0      
       copy_decompress_lzss.c.obj    48      0         0      
       exit.c.obj                    41      0         6      
       rand.c.obj                    43      0         2      
       autoinit.c.obj                43      0         0      
       fd_cmp28.asm.obj              42      0         0      
       s_copysign.c.obj              36      0         0      
       fd_tofsfpu32.asm.obj          35      0         0      
       i_div28.asm.obj               34      0         0      
       fd_toi28.asm.obj              33      0         0      
       fd_tol28.asm.obj              31      0         0      
       memcpy.c.obj                  29      0         0      
       l_tofd28.asm.obj              28      0         0      
       ll_aox28.asm.obj              24      0         0      
       boot28.asm.obj                23      0         0      
       u_tofd28.asm.obj              23      0         0      
       fd_sub28.asm.obj              14      0         0      
       _lock.c.obj                   9       0         4      
       copy_zero_init.c.obj          13      0         0      
       args_main.c.obj               12      0         0      
       fd_neg28.asm.obj              9       0         0      
       copy_decompress_none.c.obj    8       0         0      
       pre_init.c.obj                2       0         0      
       errno.c.obj                   0       0         1      
       startup.c.obj                 1       0         0      
    +--+-----------------------------+-------+---------+---------+
       Total:                        5150    472       13     
                                                              
       Stack:                        0       0         256    
       Linker Generated:             0       28        0      
    +--+-----------------------------+-------+---------+---------+
       Grand Total:                  10804   1547      678    


LINKER GENERATED COPY TABLES

__TI_cinit_table @ 0000013c records: 2, size/record: 4, table size: 8
	.data: load addr=00000128, load size=0000000a bytes, run addr=0000af8c, run size=00000013 bytes, compression=lzss
	.bss: load addr=00000138, load size=00000004 bytes, run addr=0000adf8, run size=00000193 bytes, compression=zero_init


LINKER GENERATED HANDLER TABLE

__TI_handler_table @ 00000132 records: 3, size/record: 2, table size: 6
	index: 0, handler: __TI_zero_init
	index: 1, handler: __TI_decompress_lzss
	index: 2, handler: __TI_decompress_none


GLOBAL DATA SYMBOLS: SORTED BY DATA PAGE

address     data page           name
--------    ----------------    ----
00000400      10 (00000400)     __stack

0000ab3a     2ac (0000ab00)     firCoeffs

0000adf8     2b7 (0000adc0)     sineWithNoise_table

0000aec0     2bb (0000aec0)     sine_table

0000af88     2be (0000af80)     Signal
0000af8a     2be (0000af80)     sensorTemp
0000af8c     2be (0000af80)     Example_Result
0000af8e     2be (0000af80)     Example_PassCount
0000af90     2be (0000af80)     Example_Fail
0000af92     2be (0000af80)     __TI_enable_exit_profile_output
0000af94     2be (0000af80)     __TI_cleanup_ptr
0000af96     2be (0000af80)     __TI_dtors_ptr
0000af98     2be (0000af80)     _lock
0000af9a     2be (0000af80)     _unlock
0000af9e     2be (0000af80)     errno


GLOBAL SYMBOLS: SORTED ALPHABETICALLY BY Name 

page  address   name                                     
----  -------   ----                                     
0     000084d9  ADC_Sine_init                            
0     000084d6  ADC_init                                 
0     00009a81  ADC_setINLTrim                           
0     00009e5c  ADC_setMode                              
0     0000979b  ADC_setOffsetTrim                        
0     000084a4  Board_init                               
0     00009f0b  C$$EXIT                                  
0     000087fd  C2000Ware_libraries_init                 
0     00009273  Device_bootCPU2                          
0     00009242  Device_configureTMXAnalogTrim            
0     000090f0  Device_enableAllPeripherals              
0     0000922c  Device_enableUnbondedGPIOPullups         
0     0000920f  Device_enableUnbondedGPIOPullupsFor100Pin
0     000091fc  Device_enableUnbondedGPIOPullupsFor176Pin
0     000090ae  Device_init                              
0     000091db  Device_initGPIO                          
0     00008522  EPWM_init                                
0     0000a127  EPWM_setEmulationMode                    
1     0000af90  Example_Fail                             
1     0000af8e  Example_PassCount                        
1     0000af8c  Example_Result                           
0     000093fe  Example_done                             
0     000093f9  Example_setResultFail                    
0     000093f4  Example_setResultPass                    
0     00009a0f  FIR_Init                                 
0     00009a33  FIR_Update                               
0     000085ec  GPIO_init                                
0     00009d1f  GPIO_setControllerCore                   
0     000087ca  GPIO_setDirectionMode                    
0     0000b7a1  GPIO_setPadConfig                        
0     00009d56  GPIO_setPinConfig                        
0     00009d8d  GPIO_setQualificationMode                
0     00008603  INTERRUPT_init                           
0     00009c0f  INT_ADC_Sine_1_ISR                       
0     0000a13d  Interrupt_defaultHandler                 
0     00009dc4  Interrupt_enable                         
0     00008ff6  Interrupt_illegalOperationHandler        
0     00009ca7  Interrupt_initModule                     
0     0000a03e  Interrupt_initVectorTable                
0     0000a1f8  Interrupt_nmiHandler                     
0     000085ef  Led_Blink_init                           
0     000084b3  PinMux_init                              
0     00008610  SYNC_init                                
1     0000af88  Signal                                   
0     0000866e  SignalManager_ConfigAdc                  
0     00008672  SignalManager_ConfigFir                  
0     00008647  SignalManager_ConfigPwm                  
0     0000862e  SignalManager_Init                       
0     000086a8  SignalManager_TestSineNoisePwm           
0     0000867d  SignalManager_TestSinePwm                
0     000086dc  SignalManager_TestSineWithNoise          
0     00000123  SysCtl_delay                             
0     00009bbe  SysCtl_getClock                          
0     00009af0  SysCtl_getDeviceParametric               
0     0000a0b0  SysCtl_getLowSpeedClock                  
0     00009c5f  SysCtl_selectOscSource                   
0     0000970b  SysCtl_selectXTAL                        
0     00008c31  SysCtl_setClock                          
0     0000013c  __TI_CINIT_Base                          
0     00000144  __TI_CINIT_Limit                         
0     00000144  __TI_CINIT_Warm                          
0     00000132  __TI_Handler_Table_Base                  
0     00000138  __TI_Handler_Table_Limit                 
1     00000500  __TI_STACK_END                           
abs   00000100  __TI_STACK_SIZE                          
0     00009e8b  __TI_auto_init_nobinit_nopinit           
1     0000af94  __TI_cleanup_ptr                         
0     00009e2c  __TI_decompress_lzss                     
0     0000a225  __TI_decompress_none                     
1     0000af96  __TI_dtors_ptr                           
1     0000af92  __TI_enable_exit_profile_output          
abs   ffffffff  __TI_pprof_out_hndl                      
abs   ffffffff  __TI_prof_data_size                      
abs   ffffffff  __TI_prof_data_start                     
0     0000a1d4  __TI_zero_init_nomemset                  
0     0000966f  __c28xabi_addd                           
0     0000a0ca  __c28xabi_andll                          
0     00009ee1  __c28xabi_cmpd                           
0     00009800  __c28xabi_divd                           
0     0000988b  __c28xabi_divf                           
0     00009fa3  __c28xabi_divi                           
0     00009f80  __c28xabi_dtof                           
0     00009fc5  __c28xabi_dtoi                           
0     0000a01f  __c28xabi_dtol                           
0     0000a079  __c28xabi_ltod                           
0     00009fb4  __c28xabi_modi                           
0     00009913  __c28xabi_mpyd                           
0     0000a214  __c28xabi_negd                           
0     0000a0d2  __c28xabi_orll                           
0     0000a1b9  __c28xabi_subd                           
0     0000a110  __c28xabi_utod                           
0     0000a0da  __c28xabi_xorll                          
n/a   UNDEFED   __c_args__                               
0     000093ed  __error__                                
0     00008e3a  __kernel_cos                             
0     0000b000  __kernel_rem_pio2                        
0     0000b67c  __kernel_sin                             
0     00008800  __rem_pio2                               
1     00000400  __stack                                  
0     0000a1e1  _args_main                               
0     0000a0f9  _c_int00                                 
1     0000af98  _lock                                    
0     0000a213  _nop                                     
0     0000a20f  _register_lock                           
0     0000a20b  _register_unlock                         
0     000087fe  _system_post_cinit                       
0     000087fb  _system_pre_init                         
1     0000af9a  _unlock                                  
0     00009f0b  abort                                    
0     00000000  code_start                               
0     00009f5c  copysign                                 
0     00009f5c  copysignl                                
1     0000af9e  errno                                    
0     00009f0d  exit                                     
1     0000ab3a  firCoeffs                                
0     000093ff  floor                                    
0     000093ff  floorl                                   
0     00008f4d  ldexp                                    
0     00008f4d  ldexpl                                   
0     00009e02  main                                     
0     0000a05c  memcpy                                   
0     000099f7  pwmDuty                                  
0     00009a01  pwmDutyB                                 
0     000099f3  pwmInit                                  
0     00009a0b  pwmSetFreq                               
0     00009ec6  rand                                     
0     00008f4d  scalbn                                   
0     00008f4d  scalbnl                                  
1     0000af8a  sensorTemp                               
0     000094e7  sin                                      
1     0000adf8  sineWithNoise_table                      
1     0000aec0  sine_table                               
0     00009b58  sinf                                     
0     000094e7  sinl                                     
0     00009eb6  srand                                    


GLOBAL SYMBOLS: SORTED BY Symbol Address 

page  address   name                                     
----  -------   ----                                     
0     00000000  code_start                               
0     00000123  SysCtl_delay                             
0     00000132  __TI_Handler_Table_Base                  
0     00000138  __TI_Handler_Table_Limit                 
0     0000013c  __TI_CINIT_Base                          
0     00000144  __TI_CINIT_Limit                         
0     00000144  __TI_CINIT_Warm                          
0     000084a4  Board_init                               
0     000084b3  PinMux_init                              
0     000084d6  ADC_init                                 
0     000084d9  ADC_Sine_init                            
0     00008522  EPWM_init                                
0     000085ec  GPIO_init                                
0     000085ef  Led_Blink_init                           
0     00008603  INTERRUPT_init                           
0     00008610  SYNC_init                                
0     0000862e  SignalManager_Init                       
0     00008647  SignalManager_ConfigPwm                  
0     0000866e  SignalManager_ConfigAdc                  
0     00008672  SignalManager_ConfigFir                  
0     0000867d  SignalManager_TestSinePwm                
0     000086a8  SignalManager_TestSineNoisePwm           
0     000086dc  SignalManager_TestSineWithNoise          
0     000087ca  GPIO_setDirectionMode                    
0     000087fb  _system_pre_init                         
0     000087fd  C2000Ware_libraries_init                 
0     000087fe  _system_post_cinit                       
0     00008800  __rem_pio2                               
0     00008c31  SysCtl_setClock                          
0     00008e3a  __kernel_cos                             
0     00008f4d  ldexp                                    
0     00008f4d  ldexpl                                   
0     00008f4d  scalbn                                   
0     00008f4d  scalbnl                                  
0     00008ff6  Interrupt_illegalOperationHandler        
0     000090ae  Device_init                              
0     000090f0  Device_enableAllPeripherals              
0     000091db  Device_initGPIO                          
0     000091fc  Device_enableUnbondedGPIOPullupsFor176Pin
0     0000920f  Device_enableUnbondedGPIOPullupsFor100Pin
0     0000922c  Device_enableUnbondedGPIOPullups         
0     00009242  Device_configureTMXAnalogTrim            
0     00009273  Device_bootCPU2                          
0     000093ed  __error__                                
0     000093f4  Example_setResultPass                    
0     000093f9  Example_setResultFail                    
0     000093fe  Example_done                             
0     000093ff  floor                                    
0     000093ff  floorl                                   
0     000094e7  sin                                      
0     000094e7  sinl                                     
0     0000966f  __c28xabi_addd                           
0     0000970b  SysCtl_selectXTAL                        
0     0000979b  ADC_setOffsetTrim                        
0     00009800  __c28xabi_divd                           
0     0000988b  __c28xabi_divf                           
0     00009913  __c28xabi_mpyd                           
0     000099f3  pwmInit                                  
0     000099f7  pwmDuty                                  
0     00009a01  pwmDutyB                                 
0     00009a0b  pwmSetFreq                               
0     00009a0f  FIR_Init                                 
0     00009a33  FIR_Update                               
0     00009a81  ADC_setINLTrim                           
0     00009af0  SysCtl_getDeviceParametric               
0     00009b58  sinf                                     
0     00009bbe  SysCtl_getClock                          
0     00009c0f  INT_ADC_Sine_1_ISR                       
0     00009c5f  SysCtl_selectOscSource                   
0     00009ca7  Interrupt_initModule                     
0     00009d1f  GPIO_setControllerCore                   
0     00009d56  GPIO_setPinConfig                        
0     00009d8d  GPIO_setQualificationMode                
0     00009dc4  Interrupt_enable                         
0     00009e02  main                                     
0     00009e2c  __TI_decompress_lzss                     
0     00009e5c  ADC_setMode                              
0     00009e8b  __TI_auto_init_nobinit_nopinit           
0     00009eb6  srand                                    
0     00009ec6  rand                                     
0     00009ee1  __c28xabi_cmpd                           
0     00009f0b  C$$EXIT                                  
0     00009f0b  abort                                    
0     00009f0d  exit                                     
0     00009f5c  copysign                                 
0     00009f5c  copysignl                                
0     00009f80  __c28xabi_dtof                           
0     00009fa3  __c28xabi_divi                           
0     00009fb4  __c28xabi_modi                           
0     00009fc5  __c28xabi_dtoi                           
0     0000a01f  __c28xabi_dtol                           
0     0000a03e  Interrupt_initVectorTable                
0     0000a05c  memcpy                                   
0     0000a079  __c28xabi_ltod                           
0     0000a0b0  SysCtl_getLowSpeedClock                  
0     0000a0ca  __c28xabi_andll                          
0     0000a0d2  __c28xabi_orll                           
0     0000a0da  __c28xabi_xorll                          
0     0000a0f9  _c_int00                                 
0     0000a110  __c28xabi_utod                           
0     0000a127  EPWM_setEmulationMode                    
0     0000a13d  Interrupt_defaultHandler                 
0     0000a1b9  __c28xabi_subd                           
0     0000a1d4  __TI_zero_init_nomemset                  
0     0000a1e1  _args_main                               
0     0000a1f8  Interrupt_nmiHandler                     
0     0000a20b  _register_unlock                         
0     0000a20f  _register_lock                           
0     0000a213  _nop                                     
0     0000a214  __c28xabi_negd                           
0     0000a225  __TI_decompress_none                     
0     0000b000  __kernel_rem_pio2                        
0     0000b67c  __kernel_sin                             
0     0000b7a1  GPIO_setPadConfig                        
1     00000400  __stack                                  
1     00000500  __TI_STACK_END                           
1     0000ab3a  firCoeffs                                
1     0000adf8  sineWithNoise_table                      
1     0000aec0  sine_table                               
1     0000af88  Signal                                   
1     0000af8a  sensorTemp                               
1     0000af8c  Example_Result                           
1     0000af8e  Example_PassCount                        
1     0000af90  Example_Fail                             
1     0000af92  __TI_enable_exit_profile_output          
1     0000af94  __TI_cleanup_ptr                         
1     0000af96  __TI_dtors_ptr                           
1     0000af98  _lock                                    
1     0000af9a  _unlock                                  
1     0000af9e  errno                                    
abs   00000100  __TI_STACK_SIZE                          
abs   ffffffff  __TI_pprof_out_hndl                      
abs   ffffffff  __TI_prof_data_size                      
abs   ffffffff  __TI_prof_data_start                     
n/a   UNDEFED   __c_args__                               

[135 symbols]
