******************************************************************************
             TMS320C2000 Linker PC v22.6.1                     
******************************************************************************
>> Linked Sat May 17 17:58:50 2025

OUTPUT FILE NAME:   <TP_CONVERTIDORES_DSP.out>
ENTRY POINT SYMBOL: "code_start"  address: 00000000


MEMORY CONFIGURATION

         name            origin    length      used     unused   attr    fill
----------------------  --------  ---------  --------  --------  ----  --------
PAGE 0:
  BEGIN                 00000000   00000002  00000002  00000000  RWIX
  RAMM0                 00000123   000002dd  00000020  000002bd  RWIX
  RAMLS0                00008000   00000800  00000800  00000000  RWIX
  RAMLS1                00008800   00000800  00000800  00000000  RWIX
  RAMLS2                00009000   00000800  00000800  00000000  RWIX
  RAMLS3                00009800   00000800  000002d0  00000530  RWIX
  RAMLS4                0000a000   00000800  00000000  00000800  RWIX
  RAMD0                 0000b000   00000800  00000800  00000000  RWIX
  FLASHA                00080002   00001ffe  00000000  00001ffe  RWIX
  FLASHB                00082000   00002000  00000000  00002000  RWIX
  FLASHC                00084000   00002000  00000000  00002000  RWIX
  FLASHD                00086000   00002000  00000000  00002000  RWIX
  FLASHE                00088000   00008000  00000000  00008000  RWIX
  FLASHF                00090000   00008000  00000000  00008000  RWIX
  FLASHG                00098000   00008000  00000000  00008000  RWIX
  FLASHH                000a0000   00008000  00000000  00008000  RWIX
  FLASHI                000a8000   00008000  00000000  00008000  RWIX
  FLASHJ                000b0000   00008000  00000000  00008000  RWIX
  FLASHK                000b8000   00002000  00000000  00002000  RWIX
  FLASHL                000ba000   00002000  00000000  00002000  RWIX
  FLASHM                000bc000   00002000  00000000  00002000  RWIX
  FLASHN                000be000   00001ff0  00000000  00001ff0  RWIX
  RESET                 003fffc0   00000002  00000000  00000002  RWIX

PAGE 1:
  BOOT_RSVD             00000002   00000121  00000000  00000121  RWIX
  RAMM1                 00000400   000003f8  00000100  000002f8  RWIX
  RAMLS5                0000a800   00000800  00000593  0000026d  RWIX
  RAMD1                 0000b800   00000800  00000000  00000800  RWIX
  RAMGS0                0000c000   00001000  00000000  00001000  RWIX
  RAMGS1                0000d000   00001000  00000000  00001000  RWIX
  RAMGS2                0000e000   00001000  00000000  00001000  RWIX
  RAMGS3                0000f000   00001000  00000000  00001000  RWIX
  RAMGS4                00010000   00001000  00000000  00001000  RWIX
  RAMGS5                00011000   00001000  00000000  00001000  RWIX
  RAMGS6                00012000   00001000  00000000  00001000  RWIX
  RAMGS7                00013000   00001000  00000000  00001000  RWIX
  RAMGS8                00014000   00001000  00000000  00001000  RWIX
  RAMGS9                00015000   00001000  00000000  00001000  RWIX
  RAMGS10               00016000   00001000  00000000  00001000  RWIX
  RAMGS11               00017000   00001000  00000000  00001000  RWIX
  RAMGS12               00018000   00001000  00000000  00001000  RWIX
  RAMGS13               00019000   00001000  00000000  00001000  RWIX
  RAMGS14               0001a000   00001000  00000000  00001000  RWIX
  RAMGS15               0001b000   00000ff8  00000000  00000ff8  RWIX
  CPU2TOCPU1RAM         0003f800   00000400  00000000  00000400  RWIX
  CPU1TOCPU2RAM         0003fc00   00000400  00000000  00000400  RWIX
  CANA_MSG_RAM          00049000   00000800  00000000  00000800  RWIX
  CANB_MSG_RAM          0004b000   00000800  00000000  00000800  RWIX


SECTION ALLOCATION MAP

 output                                  attributes/
section   page    origin      length       input sections
--------  ----  ----------  ----------   ----------------
codestart 
*          0    00000000    00000002     
                  00000000    00000002     F2837xD_CodeStartBranch.obj (codestart)

.cinit     0    00000128    0000001c     
                  00000128    0000000a     (.cinit..data.load) [load image, compression = lzss]
                  00000132    00000006     (__TI_handler_table)
                  00000138    00000004     (.cinit..bss.load) [load image, compression = zero_init]
                  0000013c    00000008     (__TI_cinit_table)

.reset     0    003fffc0    00000000     DSECT

.stack     1    00000400    00000100     UNINITIALIZED
                  00000400    00000100     --HOLE--

.bss       1    0000acb8    000000ca     UNINITIALIZED
                  0000acb8    000000c8     SignalManager.obj (.bss:sine_table)
                  0000ad80    00000002     main.obj (.bss)

.init_array 
*          0    00000123    00000000     UNINITIALIZED

.const     1    0000a800    000004b8     
                  0000a800    000000c2     driverlib_eabi.lib : sysctl.obj (.const:.string)
                  0000a8c2    000000bc                        : epwm.obj (.const:.string)
                  0000a97e    000000bc                        : gpio.obj (.const:.string)
                  0000aa3a    00000084     rts2800_fpu32_eabi.lib : k_rem_pio2.c.obj (.const:ipio2)
                  0000aabe    00000002     --HOLE-- [fill = 0]
                  0000aac0    00000064                            : e_rem_pio2.c.obj (.const)
                  0000ab24    0000003e     board.obj (.const:.string)
                  0000ab62    0000003e     pwm.obj (.const:.string)
                  0000aba0    00000020     rts2800_fpu32_eabi.lib : k_rem_pio2.c.obj (.const:PIo2)
                  0000abc0    0000003c                            : k_cos.c.obj (.const)
                  0000abfc    00000004                            : k_rem_pio2.c.obj (.const:init_jk)
                  0000ac00    00000038                            : k_sin.c.obj (.const)
                  0000ac38    00000004                            : s_sin.c.obj (.const)
                  0000ac3c    00000004     --HOLE-- [fill = 0]
                  0000ac40    0000002c                            : k_rem_pio2.c.obj (.const)
                  0000ac6c    00000013     device.obj (.const:.string)
                  0000ac7f    00000001     --HOLE-- [fill = 0]
                  0000ac80    0000001c     rts2800_fpu32_eabi.lib : s_scalbn.c.obj (.const)
                  0000ac9c    00000010     SignalManager.obj (.const)
                  0000acac    0000000c     rts2800_fpu32_eabi.lib : s_floor.c.obj (.const)

.data      1    0000ad82    00000011     UNINITIALIZED
                  0000ad82    00000006     device.obj (.data)
                  0000ad88    00000006     rts2800_fpu32_eabi.lib : exit.c.obj (.data)
                  0000ad8e    00000002                            : _lock.c.obj (.data:_lock)
                  0000ad90    00000002                            : _lock.c.obj (.data:_unlock)
                  0000ad92    00000001                            : errno.c.obj (.data)

.TI.ramfunc 
*          0    00000123    00000004     
                  00000123    00000004     driverlib_eabi.lib : sysctl.obj (.TI.ramfunc)

GETBUFFER 
*          0    0003f800    00000000     DSECT

GETWRITEIDX 
*          0    0003f800    00000000     DSECT

PUTREADIDX 
*          0    0003f800    00000000     DSECT

.text.1    0    00008000    00000800     
                  00008000    00000431     rts2800_fpu32_eabi.lib : e_rem_pio2.c.obj (.text)
                  00008431    0000033b     board.obj (.text)
                  0000876c    00000090     driverlib_eabi.lib : sysctl.obj (.text:SysCtl_selectXTAL)
                  000087fc    00000002     rts2800_fpu32_eabi.lib : pre_init.c.obj (.text)
                  000087fe    00000001     c2000ware_libraries.obj (.text)
                  000087ff    00000001     rts2800_fpu32_eabi.lib : startup.c.obj (.text)

.text.2    0    00008800    00000800     
                  00008800    000003ff     device.obj (.text)
                  00008bff    00000209     driverlib_eabi.lib : sysctl.obj (.text:SysCtl_setClock)
                  00008e08    00000113     rts2800_fpu32_eabi.lib : k_cos.c.obj (.text)
                  00008f1b    000000cb                            : s_sin.c.obj (.text)
                  00008fe6    0000001a     driverlib_eabi.lib : sysctl.obj (.text:CPUTimer_startTimer)

.text.3    0    00009000    00000800     
                  00009000    000000e8     rts2800_fpu32_eabi.lib : s_floor.c.obj (.text)
                  000090e8    000000bf     SignalManager.obj (.text)
                  000091a7    000000a9     rts2800_fpu32_eabi.lib : s_scalbn.c.obj (.text)
                  00009250    0000009c                            : fd_add28.asm.obj (.text)
                  000092ec    0000008b                            : fd_div28.asm.obj (.text)
                  00009377    00000088                            : fs_div28.asm.obj (.text)
                  000093ff    00000083                            : fd_mpy28.asm.obj (.text)
                  00009482    0000006f     pwm.obj (.text)
                  000094f1    00000068     driverlib_eabi.lib : sysctl.obj (.text:SysCtl_getDeviceParametric)
                  00009559    00000051                        : sysctl.obj (.text:SysCtl_getClock)
                  000095aa    00000048                        : sysctl.obj (.text:SysCtl_selectOscSource)
                  000095f2    0000003d                        : interrupt.obj (.text:Interrupt_initModule)
                  0000962f    0000003b                        : epwm.obj (.text:EPWM_isBaseValid)
                  0000966a    00000037                        : gpio.obj (.text:GPIO_setControllerCore)
                  000096a1    00000037                        : gpio.obj (.text:GPIO_setPinConfig)
                  000096d8    00000037                        : gpio.obj (.text:GPIO_setQualificationMode)
                  0000970f    00000031                        : gpio.obj (.text:GPIO_setDirectionMode)
                  00009740    00000030     rts2800_fpu32_eabi.lib : copy_decompress_lzss.c.obj (.text:decompress:lzss)
                  00009770    0000002b                            : autoinit.c.obj (.text:__TI_auto_init_nobinit_nopinit)
                  0000979b    0000002a                            : fd_cmp28.asm.obj (.text)
                  000097c5    00000029                            : exit.c.obj (.text)
                  000097ee    00000012     driverlib_eabi.lib : sysctl.obj (.text:CPUTimer_clearOverflowFlag)

.text.4    0    00009800    000002d0     
                  00009800    00000028     driverlib_eabi.lib : sysctl.obj (.text:CPUTimer_selectClockSource)
                  00009828    00000024     rts2800_fpu32_eabi.lib : s_copysign.c.obj (.text)
                  0000984c    00000023                            : fd_tofsfpu32.asm.obj (.text)
                  0000986f    00000022                            : i_div28.asm.obj (.text)
                  00009891    00000021                            : fd_toi28.asm.obj (.text)
                  000098b2    0000001f     driverlib_eabi.lib : sysctl.obj (.text:CPUTimer_getTimerOverflowStatus)
                  000098d1    0000001f     rts2800_fpu32_eabi.lib : fd_tol28.asm.obj (.text)
                  000098f0    0000001e     driverlib_eabi.lib : interrupt.obj (.text:Interrupt_initVectorTable)
                  0000990e    0000001d     rts2800_fpu32_eabi.lib : memcpy.c.obj (.text)
                  0000992b    0000001c                            : l_tofd28.asm.obj (.text)
                  00009947    0000001a     driverlib_eabi.lib : sysctl.obj (.text:SysCtl_getLowSpeedClock)
                  00009961    0000001a     main.obj (.text)
                  0000997b    00000018     rts2800_fpu32_eabi.lib : ll_aox28.asm.obj (.text)
                  00009993    00000017     driverlib_eabi.lib : sysctl.obj (.text:CPUTimer_isBaseValid)
                  000099aa    00000017     rts2800_fpu32_eabi.lib : boot28.asm.obj (.text)
                  000099c1    00000017                            : u_tofd28.asm.obj (.text)
                  000099d8    00000016     driverlib_eabi.lib : epwm.obj (.text:EPWM_setEmulationMode)
                  000099ee    00000016                        : interrupt.obj (.text:Interrupt_defaultHandler)
                  00009a04    00000014                        : sysctl.obj (.text:CPUTimer_stopTimer)
                  00009a18    00000012                        : sysctl.obj (.text:CPUTimer_disableInterrupt)
                  00009a2a    00000011                        : sysctl.obj (.text:CPUTimer_setPeriod)
                  00009a3b    0000000f                        : sysctl.obj (.text:SysCtl_pollCpuTimer)
                  00009a4a    0000000e                        : gpio.obj (.text:GPIO_isPinValid)
                  00009a58    0000000e     rts2800_fpu32_eabi.lib : fd_sub28.asm.obj (.text)
                  00009a66    0000000d                            : copy_zero_init.c.obj (.text:decompress:ZI:__TI_zero_init_nomemset)
                  00009a73    0000000c                            : args_main.c.obj (.text)
                  00009a7f    0000000b     driverlib_eabi.lib : sysctl.obj (.text:SysCtl_isMCDClockFailureDetected)
                  00009a8a    0000000a                        : interrupt.obj (.text:Interrupt_illegalOperationHandler)
                  00009a94    0000000a                        : interrupt.obj (.text:Interrupt_nmiHandler)
                  00009a9e    00000009                        : sysctl.obj (.text:SysCtl_serviceWatchdog)
                  00009aa7    00000009     rts2800_fpu32_eabi.lib : _lock.c.obj (.text)
                  00009ab0    00000009                            : fd_neg28.asm.obj (.text)
                  00009ab9    00000008     F2837xD_CodeStartBranch.obj (.text)
                  00009ac1    00000008     rts2800_fpu32_eabi.lib : copy_decompress_none.c.obj (.text:decompress:none)
                  00009ac9    00000007     driverlib_eabi.lib : sysctl.obj (.text:SysCtl_resetMCD)

.text.5    0    0000b000    00000800     
                  0000b000    0000067c     rts2800_fpu32_eabi.lib : k_rem_pio2.c.obj (.text)
                  0000b67c    00000125                            : k_sin.c.obj (.text)
                  0000b7a1    00000052     driverlib_eabi.lib : gpio.obj (.text:GPIO_setPadConfig)
                  0000b7f3    0000000d                        : interrupt.obj (.text:Interrupt_disableGlobal)

MODULE SUMMARY

       Module                        code   ro data   rw data
       ------                        ----   -------   -------
    .\
       main.obj                      26     0         2      
    +--+-----------------------------+------+---------+---------+
       Total:                        26     0         2      
                                                             
    .\device\
       device.obj                    1023   19        6      
       F2837xD_CodeStartBranch.obj   10     0         0      
    +--+-----------------------------+------+---------+---------+
       Total:                        1033   19        6      
                                                             
    .\src\
       SignalManager.obj             191    16        200    
       pwm.obj                       111    62        0      
    +--+-----------------------------+------+---------+---------+
       Total:                        302    78        200    
                                                             
    .\syscfg\
       board.obj                     827    62        0      
       c2000ware_libraries.obj       1      0         0      
    +--+-----------------------------+------+---------+---------+
       Total:                        828    62        0      
                                                             
    C:\ti\C2000Ware_5_04_00_00\driverlib\f2837xd\driverlib\ccs\Debug\driverlib_eabi.lib
       sysctl.obj                    1187   194       0      
       gpio.obj                      310    188       0      
       epwm.obj                      81     188       0      
       interrupt.obj                 146    0         0      
    +--+-----------------------------+------+---------+---------+
       Total:                        1724   570       0      
                                                             
    C:\ti\ccs2011\ccs\tools\compiler\ti-cgt-c2000_22.6.1.LTS\lib\rts2800_fpu32_eabi.lib
       k_rem_pio2.c.obj              1660   212       0      
       e_rem_pio2.c.obj              1073   100       0      
       k_sin.c.obj                   293    56        0      
       k_cos.c.obj                   275    60        0      
       s_floor.c.obj                 232    12        0      
       s_sin.c.obj                   203    4         0      
       s_scalbn.c.obj                169    28        0      
       fd_add28.asm.obj              156    0         0      
       fd_div28.asm.obj              139    0         0      
       fs_div28.asm.obj              136    0         0      
       fd_mpy28.asm.obj              131    0         0      
       copy_decompress_lzss.c.obj    48     0         0      
       exit.c.obj                    41     0         6      
       autoinit.c.obj                43     0         0      
       fd_cmp28.asm.obj              42     0         0      
       s_copysign.c.obj              36     0         0      
       fd_tofsfpu32.asm.obj          35     0         0      
       i_div28.asm.obj               34     0         0      
       fd_toi28.asm.obj              33     0         0      
       fd_tol28.asm.obj              31     0         0      
       memcpy.c.obj                  29     0         0      
       l_tofd28.asm.obj              28     0         0      
       ll_aox28.asm.obj              24     0         0      
       boot28.asm.obj                23     0         0      
       u_tofd28.asm.obj              23     0         0      
       fd_sub28.asm.obj              14     0         0      
       _lock.c.obj                   9      0         4      
       copy_zero_init.c.obj          13     0         0      
       args_main.c.obj               12     0         0      
       fd_neg28.asm.obj              9      0         0      
       copy_decompress_none.c.obj    8      0         0      
       pre_init.c.obj                2      0         0      
       errno.c.obj                   0      0         1      
       startup.c.obj                 1      0         0      
    +--+-----------------------------+------+---------+---------+
       Total:                        5005   472       11     
                                                             
       Stack:                        0      0         256    
       Linker Generated:             0      28        0      
    +--+-----------------------------+------+---------+---------+
       Grand Total:                  8918   1229      475    


LINKER GENERATED COPY TABLES

__TI_cinit_table @ 0000013c records: 2, size/record: 4, table size: 8
	.data: load addr=00000128, load size=0000000a bytes, run addr=0000ad82, run size=00000011 bytes, compression=lzss
	.bss: load addr=00000138, load size=00000004 bytes, run addr=0000acb8, run size=000000ca bytes, compression=zero_init


LINKER GENERATED HANDLER TABLE

__TI_handler_table @ 00000132 records: 3, size/record: 2, table size: 6
	index: 0, handler: __TI_zero_init
	index: 1, handler: __TI_decompress_lzss
	index: 2, handler: __TI_decompress_none


GLOBAL DATA SYMBOLS: SORTED BY DATA PAGE

address     data page           name
--------    ----------------    ----
00000400      10 (00000400)     __stack

0000acb8     2b2 (0000ac80)     sine_table

0000ad80     2b6 (0000ad80)     Signal
0000ad82     2b6 (0000ad80)     Example_Result
0000ad84     2b6 (0000ad80)     Example_PassCount
0000ad86     2b6 (0000ad80)     Example_Fail
0000ad88     2b6 (0000ad80)     __TI_enable_exit_profile_output
0000ad8a     2b6 (0000ad80)     __TI_cleanup_ptr
0000ad8c     2b6 (0000ad80)     __TI_dtors_ptr
0000ad8e     2b6 (0000ad80)     _lock
0000ad90     2b6 (0000ad80)     _unlock
0000ad92     2b6 (0000ad80)     errno


GLOBAL SYMBOLS: SORTED ALPHABETICALLY BY Name 

page  address   name                                     
----  -------   ----                                     
0     00008654  Board_init                               
0     000097c5  C$$EXIT                                  
0     000087fe  C2000Ware_libraries_init                 
0     00008a73  Device_bootCPU2                          
0     00008a42  Device_configureTMXAnalogTrim            
0     000088f0  Device_enableAllPeripherals              
0     00008a2c  Device_enableUnbondedGPIOPullups         
0     00008a0f  Device_enableUnbondedGPIOPullupsFor100Pin
0     000089fc  Device_enableUnbondedGPIOPullupsFor176Pin
0     000088ae  Device_init                              
0     000089db  Device_initGPIO                          
0     00008682  EPWM_init                                
0     000099d8  EPWM_setEmulationMode                    
1     0000ad86  Example_Fail                             
1     0000ad84  Example_PassCount                        
1     0000ad82  Example_Result                           
0     00008bfe  Example_done                             
0     00008bf9  Example_setResultFail                    
0     00008bf4  Example_setResultPass                    
0     00008737  GPIO_init                                
0     0000966a  GPIO_setControllerCore                   
0     0000970f  GPIO_setDirectionMode                    
0     0000b7a1  GPIO_setPadConfig                        
0     000096a1  GPIO_setPinConfig                        
0     000096d8  GPIO_setQualificationMode                
0     000099ee  Interrupt_defaultHandler                 
0     00009a8a  Interrupt_illegalOperationHandler        
0     000095f2  Interrupt_initModule                     
0     000098f0  Interrupt_initVectorTable                
0     00009a94  Interrupt_nmiHandler                     
0     0000873a  Led_Blink_init                           
0     0000865f  PinMux_init                              
0     0000874e  SYNC_init                                
1     0000ad80  Signal                                   
0     00009126  SignalManager_ConfigAdc                  
0     0000912a  SignalManager_ConfigFir                  
0     000090ff  SignalManager_ConfigPwm                  
0     000090e8  SignalManager_Init                       
0     0000912e  SignalManager_TestSinePwm                
0     00000123  SysCtl_delay                             
0     00009559  SysCtl_getClock                          
0     000094f1  SysCtl_getDeviceParametric               
0     00009947  SysCtl_getLowSpeedClock                  
0     000095aa  SysCtl_selectOscSource                   
0     0000876c  SysCtl_selectXTAL                        
0     00008bff  SysCtl_setClock                          
0     0000013c  __TI_CINIT_Base                          
0     00000144  __TI_CINIT_Limit                         
0     00000144  __TI_CINIT_Warm                          
0     00000132  __TI_Handler_Table_Base                  
0     00000138  __TI_Handler_Table_Limit                 
1     00000500  __TI_STACK_END                           
abs   00000100  __TI_STACK_SIZE                          
0     00009770  __TI_auto_init_nobinit_nopinit           
1     0000ad8a  __TI_cleanup_ptr                         
0     00009740  __TI_decompress_lzss                     
0     00009ac1  __TI_decompress_none                     
1     0000ad8c  __TI_dtors_ptr                           
1     0000ad88  __TI_enable_exit_profile_output          
abs   ffffffff  __TI_pprof_out_hndl                      
abs   ffffffff  __TI_prof_data_size                      
abs   ffffffff  __TI_prof_data_start                     
0     00009a66  __TI_zero_init_nomemset                  
0     00009250  __c28xabi_addd                           
0     0000997b  __c28xabi_andll                          
0     0000979b  __c28xabi_cmpd                           
0     000092ec  __c28xabi_divd                           
0     00009377  __c28xabi_divf                           
0     0000986f  __c28xabi_divi                           
0     0000984c  __c28xabi_dtof                           
0     00009891  __c28xabi_dtoi                           
0     000098d1  __c28xabi_dtol                           
0     0000992b  __c28xabi_ltod                           
0     00009880  __c28xabi_modi                           
0     000093ff  __c28xabi_mpyd                           
0     00009ab0  __c28xabi_negd                           
0     00009983  __c28xabi_orll                           
0     00009a58  __c28xabi_subd                           
0     000099c1  __c28xabi_utod                           
0     0000998b  __c28xabi_xorll                          
n/a   UNDEFED   __c_args__                               
0     00008bed  __error__                                
0     00008e08  __kernel_cos                             
0     0000b000  __kernel_rem_pio2                        
0     0000b67c  __kernel_sin                             
0     00008000  __rem_pio2                               
1     00000400  __stack                                  
0     00009a73  _args_main                               
0     000099aa  _c_int00                                 
1     0000ad8e  _lock                                    
0     00009aaf  _nop                                     
0     00009aab  _register_lock                           
0     00009aa7  _register_unlock                         
0     000087ff  _system_post_cinit                       
0     000087fc  _system_pre_init                         
1     0000ad90  _unlock                                  
0     000097c5  abort                                    
0     00000000  code_start                               
0     00009828  copysign                                 
0     00009828  copysignl                                
1     0000ad92  errno                                    
0     000097c7  exit                                     
0     00009000  floor                                    
0     00009000  floorl                                   
0     000091a7  ldexp                                    
0     000091a7  ldexpl                                   
0     00009961  main                                     
0     0000990e  memcpy                                   
0     000094e3  pwmDuty                                  
0     000094df  pwmInit                                  
0     000094ed  pwmSetFreq                               
0     000091a7  scalbn                                   
0     000091a7  scalbnl                                  
0     00008f1b  sin                                      
1     0000acb8  sine_table                               
0     00008f1b  sinl                                     


GLOBAL SYMBOLS: SORTED BY Symbol Address 

page  address   name                                     
----  -------   ----                                     
0     00000000  code_start                               
0     00000123  SysCtl_delay                             
0     00000132  __TI_Handler_Table_Base                  
0     00000138  __TI_Handler_Table_Limit                 
0     0000013c  __TI_CINIT_Base                          
0     00000144  __TI_CINIT_Limit                         
0     00000144  __TI_CINIT_Warm                          
0     00008000  __rem_pio2                               
0     00008654  Board_init                               
0     0000865f  PinMux_init                              
0     00008682  EPWM_init                                
0     00008737  GPIO_init                                
0     0000873a  Led_Blink_init                           
0     0000874e  SYNC_init                                
0     0000876c  SysCtl_selectXTAL                        
0     000087fc  _system_pre_init                         
0     000087fe  C2000Ware_libraries_init                 
0     000087ff  _system_post_cinit                       
0     000088ae  Device_init                              
0     000088f0  Device_enableAllPeripherals              
0     000089db  Device_initGPIO                          
0     000089fc  Device_enableUnbondedGPIOPullupsFor176Pin
0     00008a0f  Device_enableUnbondedGPIOPullupsFor100Pin
0     00008a2c  Device_enableUnbondedGPIOPullups         
0     00008a42  Device_configureTMXAnalogTrim            
0     00008a73  Device_bootCPU2                          
0     00008bed  __error__                                
0     00008bf4  Example_setResultPass                    
0     00008bf9  Example_setResultFail                    
0     00008bfe  Example_done                             
0     00008bff  SysCtl_setClock                          
0     00008e08  __kernel_cos                             
0     00008f1b  sin                                      
0     00008f1b  sinl                                     
0     00009000  floor                                    
0     00009000  floorl                                   
0     000090e8  SignalManager_Init                       
0     000090ff  SignalManager_ConfigPwm                  
0     00009126  SignalManager_ConfigAdc                  
0     0000912a  SignalManager_ConfigFir                  
0     0000912e  SignalManager_TestSinePwm                
0     000091a7  ldexp                                    
0     000091a7  ldexpl                                   
0     000091a7  scalbn                                   
0     000091a7  scalbnl                                  
0     00009250  __c28xabi_addd                           
0     000092ec  __c28xabi_divd                           
0     00009377  __c28xabi_divf                           
0     000093ff  __c28xabi_mpyd                           
0     000094df  pwmInit                                  
0     000094e3  pwmDuty                                  
0     000094ed  pwmSetFreq                               
0     000094f1  SysCtl_getDeviceParametric               
0     00009559  SysCtl_getClock                          
0     000095aa  SysCtl_selectOscSource                   
0     000095f2  Interrupt_initModule                     
0     0000966a  GPIO_setControllerCore                   
0     000096a1  GPIO_setPinConfig                        
0     000096d8  GPIO_setQualificationMode                
0     0000970f  GPIO_setDirectionMode                    
0     00009740  __TI_decompress_lzss                     
0     00009770  __TI_auto_init_nobinit_nopinit           
0     0000979b  __c28xabi_cmpd                           
0     000097c5  C$$EXIT                                  
0     000097c5  abort                                    
0     000097c7  exit                                     
0     00009828  copysign                                 
0     00009828  copysignl                                
0     0000984c  __c28xabi_dtof                           
0     0000986f  __c28xabi_divi                           
0     00009880  __c28xabi_modi                           
0     00009891  __c28xabi_dtoi                           
0     000098d1  __c28xabi_dtol                           
0     000098f0  Interrupt_initVectorTable                
0     0000990e  memcpy                                   
0     0000992b  __c28xabi_ltod                           
0     00009947  SysCtl_getLowSpeedClock                  
0     00009961  main                                     
0     0000997b  __c28xabi_andll                          
0     00009983  __c28xabi_orll                           
0     0000998b  __c28xabi_xorll                          
0     000099aa  _c_int00                                 
0     000099c1  __c28xabi_utod                           
0     000099d8  EPWM_setEmulationMode                    
0     000099ee  Interrupt_defaultHandler                 
0     00009a58  __c28xabi_subd                           
0     00009a66  __TI_zero_init_nomemset                  
0     00009a73  _args_main                               
0     00009a8a  Interrupt_illegalOperationHandler        
0     00009a94  Interrupt_nmiHandler                     
0     00009aa7  _register_unlock                         
0     00009aab  _register_lock                           
0     00009aaf  _nop                                     
0     00009ab0  __c28xabi_negd                           
0     00009ac1  __TI_decompress_none                     
0     0000b000  __kernel_rem_pio2                        
0     0000b67c  __kernel_sin                             
0     0000b7a1  GPIO_setPadConfig                        
1     00000400  __stack                                  
1     00000500  __TI_STACK_END                           
1     0000acb8  sine_table                               
1     0000ad80  Signal                                   
1     0000ad82  Example_Result                           
1     0000ad84  Example_PassCount                        
1     0000ad86  Example_Fail                             
1     0000ad88  __TI_enable_exit_profile_output          
1     0000ad8a  __TI_cleanup_ptr                         
1     0000ad8c  __TI_dtors_ptr                           
1     0000ad8e  _lock                                    
1     0000ad90  _unlock                                  
1     0000ad92  errno                                    
abs   00000100  __TI_STACK_SIZE                          
abs   ffffffff  __TI_pprof_out_hndl                      
abs   ffffffff  __TI_prof_data_size                      
abs   ffffffff  __TI_prof_data_start                     
n/a   UNDEFED   __c_args__                               

[116 symbols]
