<?xml version="1.0" encoding="ISO-8859-1" ?>
<link_info>
   <banner>TMS320C2000 Linker PC v22.6.1.LTS</banner>
   <copyright>Copyright (c) 1996-2018 Texas Instruments Incorporated</copyright>
   <link_time>0x683cb874</link_time>
   <link_errors>0x0</link_errors>
   <output_file>TP_CONVERTIDORES_DSP.out</output_file>
   <entry_point>
      <name>code_start</name>
      <address>0x0</address>
   </entry_point>
   <input_file_list>
      <input_file id="fl-2">
         <path>.\syscfg\</path>
         <kind>object</kind>
         <file>board.obj</file>
         <name>board.obj</name>
      </input_file>
      <input_file id="fl-3">
         <path>.\syscfg\</path>
         <kind>object</kind>
         <file>c2000ware_libraries.obj</file>
         <name>c2000ware_libraries.obj</name>
      </input_file>
      <input_file id="fl-4">
         <path>.\</path>
         <kind>object</kind>
         <file>main.obj</file>
         <name>main.obj</name>
      </input_file>
      <input_file id="fl-5">
         <path>.\device\</path>
         <kind>object</kind>
         <file>F2837xD_CodeStartBranch.obj</file>
         <name>F2837xD_CodeStartBranch.obj</name>
      </input_file>
      <input_file id="fl-6">
         <path>.\device\</path>
         <kind>object</kind>
         <file>device.obj</file>
         <name>device.obj</name>
      </input_file>
      <input_file id="fl-7">
         <path>.\src\</path>
         <kind>object</kind>
         <file>SignalManager.obj</file>
         <name>SignalManager.obj</name>
      </input_file>
      <input_file id="fl-8">
         <path>.\src\</path>
         <kind>object</kind>
         <file>adc.obj</file>
         <name>adc.obj</name>
      </input_file>
      <input_file id="fl-9">
         <path>.\src\</path>
         <kind>object</kind>
         <file>filtro.obj</file>
         <name>filtro.obj</name>
      </input_file>
      <input_file id="fl-a">
         <path>.\src\</path>
         <kind>object</kind>
         <file>pwm.obj</file>
         <name>pwm.obj</name>
      </input_file>
      <input_file id="fl-f">
         <kind>object</kind>
         <file>&lt;internal&gt;</file>
         <name>&lt;internal&gt;</name>
      </input_file>
      <input_file id="fl-13">
         <path>C:\ti\C2000Ware_5_04_00_00\driverlib\f2837xd\driverlib\ccs\Debug\</path>
         <kind>archive</kind>
         <file>driverlib_eabi.lib</file>
         <name>adc.obj</name>
      </input_file>
      <input_file id="fl-14">
         <path>C:\ti\C2000Ware_5_04_00_00\driverlib\f2837xd\driverlib\ccs\Debug\</path>
         <kind>archive</kind>
         <file>driverlib_eabi.lib</file>
         <name>epwm.obj</name>
      </input_file>
      <input_file id="fl-15">
         <path>C:\ti\C2000Ware_5_04_00_00\driverlib\f2837xd\driverlib\ccs\Debug\</path>
         <kind>archive</kind>
         <file>driverlib_eabi.lib</file>
         <name>gpio.obj</name>
      </input_file>
      <input_file id="fl-16">
         <path>C:\ti\C2000Ware_5_04_00_00\driverlib\f2837xd\driverlib\ccs\Debug\</path>
         <kind>archive</kind>
         <file>driverlib_eabi.lib</file>
         <name>interrupt.obj</name>
      </input_file>
      <input_file id="fl-17">
         <path>C:\ti\C2000Ware_5_04_00_00\driverlib\f2837xd\driverlib\ccs\Debug\</path>
         <kind>archive</kind>
         <file>driverlib_eabi.lib</file>
         <name>sysctl.obj</name>
      </input_file>
      <input_file id="fl-23">
         <path>C:\ti\ccs2011\ccs\tools\compiler\ti-cgt-c2000_22.6.1.LTS\lib\</path>
         <kind>archive</kind>
         <file>rts2800_fpu32_eabi.lib</file>
         <name>s_sinf.c.obj</name>
      </input_file>
      <input_file id="fl-24">
         <path>C:\ti\ccs2011\ccs\tools\compiler\ti-cgt-c2000_22.6.1.LTS\lib\</path>
         <kind>archive</kind>
         <file>rts2800_fpu32_eabi.lib</file>
         <name>s_sin.c.obj</name>
      </input_file>
      <input_file id="fl-25">
         <path>C:\ti\ccs2011\ccs\tools\compiler\ti-cgt-c2000_22.6.1.LTS\lib\</path>
         <kind>archive</kind>
         <file>rts2800_fpu32_eabi.lib</file>
         <name>boot28.asm.obj</name>
      </input_file>
      <input_file id="fl-26">
         <path>C:\ti\ccs2011\ccs\tools\compiler\ti-cgt-c2000_22.6.1.LTS\lib\</path>
         <kind>archive</kind>
         <file>rts2800_fpu32_eabi.lib</file>
         <name>fd_add28.asm.obj</name>
      </input_file>
      <input_file id="fl-27">
         <path>C:\ti\ccs2011\ccs\tools\compiler\ti-cgt-c2000_22.6.1.LTS\lib\</path>
         <kind>archive</kind>
         <file>rts2800_fpu32_eabi.lib</file>
         <name>fd_mpy28.asm.obj</name>
      </input_file>
      <input_file id="fl-28">
         <path>C:\ti\ccs2011\ccs\tools\compiler\ti-cgt-c2000_22.6.1.LTS\lib\</path>
         <kind>archive</kind>
         <file>rts2800_fpu32_eabi.lib</file>
         <name>fd_neg28.asm.obj</name>
      </input_file>
      <input_file id="fl-29">
         <path>C:\ti\ccs2011\ccs\tools\compiler\ti-cgt-c2000_22.6.1.LTS\lib\</path>
         <kind>archive</kind>
         <file>rts2800_fpu32_eabi.lib</file>
         <name>fd_sub28.asm.obj</name>
      </input_file>
      <input_file id="fl-2a">
         <path>C:\ti\ccs2011\ccs\tools\compiler\ti-cgt-c2000_22.6.1.LTS\lib\</path>
         <kind>archive</kind>
         <file>rts2800_fpu32_eabi.lib</file>
         <name>fd_toi28.asm.obj</name>
      </input_file>
      <input_file id="fl-2b">
         <path>C:\ti\ccs2011\ccs\tools\compiler\ti-cgt-c2000_22.6.1.LTS\lib\</path>
         <kind>archive</kind>
         <file>rts2800_fpu32_eabi.lib</file>
         <name>fs_div28.asm.obj</name>
      </input_file>
      <input_file id="fl-2c">
         <path>C:\ti\ccs2011\ccs\tools\compiler\ti-cgt-c2000_22.6.1.LTS\lib\</path>
         <kind>archive</kind>
         <file>rts2800_fpu32_eabi.lib</file>
         <name>ll_cmp28.asm.obj</name>
      </input_file>
      <input_file id="fl-2d">
         <path>C:\ti\ccs2011\ccs\tools\compiler\ti-cgt-c2000_22.6.1.LTS\lib\</path>
         <kind>archive</kind>
         <file>rts2800_fpu32_eabi.lib</file>
         <name>u_tofd28.asm.obj</name>
      </input_file>
      <input_file id="fl-2e">
         <path>C:\ti\ccs2011\ccs\tools\compiler\ti-cgt-c2000_22.6.1.LTS\lib\</path>
         <kind>archive</kind>
         <file>rts2800_fpu32_eabi.lib</file>
         <name>fd_tofsfpu32.asm.obj</name>
      </input_file>
      <input_file id="fl-2f">
         <path>C:\ti\ccs2011\ccs\tools\compiler\ti-cgt-c2000_22.6.1.LTS\lib\</path>
         <kind>archive</kind>
         <file>rts2800_fpu32_eabi.lib</file>
         <name>fd_div28.asm.obj</name>
      </input_file>
      <input_file id="fl-30">
         <path>C:\ti\ccs2011\ccs\tools\compiler\ti-cgt-c2000_22.6.1.LTS\lib\</path>
         <kind>archive</kind>
         <file>rts2800_fpu32_eabi.lib</file>
         <name>pre_init.c.obj</name>
      </input_file>
      <input_file id="fl-31">
         <path>C:\ti\ccs2011\ccs\tools\compiler\ti-cgt-c2000_22.6.1.LTS\lib\</path>
         <kind>archive</kind>
         <file>rts2800_fpu32_eabi.lib</file>
         <name>autoinit.c.obj</name>
      </input_file>
      <input_file id="fl-32">
         <path>C:\ti\ccs2011\ccs\tools\compiler\ti-cgt-c2000_22.6.1.LTS\lib\</path>
         <kind>archive</kind>
         <file>rts2800_fpu32_eabi.lib</file>
         <name>copy_zero_init.c.obj</name>
      </input_file>
      <input_file id="fl-33">
         <path>C:\ti\ccs2011\ccs\tools\compiler\ti-cgt-c2000_22.6.1.LTS\lib\</path>
         <kind>archive</kind>
         <file>rts2800_fpu32_eabi.lib</file>
         <name>copy_decompress_none.c.obj</name>
      </input_file>
      <input_file id="fl-34">
         <path>C:\ti\ccs2011\ccs\tools\compiler\ti-cgt-c2000_22.6.1.LTS\lib\</path>
         <kind>archive</kind>
         <file>rts2800_fpu32_eabi.lib</file>
         <name>copy_decompress_lzss.c.obj</name>
      </input_file>
      <input_file id="fl-35">
         <path>C:\ti\ccs2011\ccs\tools\compiler\ti-cgt-c2000_22.6.1.LTS\lib\</path>
         <kind>archive</kind>
         <file>rts2800_fpu32_eabi.lib</file>
         <name>e_rem_pio2.c.obj</name>
      </input_file>
      <input_file id="fl-36">
         <path>C:\ti\ccs2011\ccs\tools\compiler\ti-cgt-c2000_22.6.1.LTS\lib\</path>
         <kind>archive</kind>
         <file>rts2800_fpu32_eabi.lib</file>
         <name>k_rem_pio2.c.obj</name>
      </input_file>
      <input_file id="fl-37">
         <path>C:\ti\ccs2011\ccs\tools\compiler\ti-cgt-c2000_22.6.1.LTS\lib\</path>
         <kind>archive</kind>
         <file>rts2800_fpu32_eabi.lib</file>
         <name>exit.c.obj</name>
      </input_file>
      <input_file id="fl-38">
         <path>C:\ti\ccs2011\ccs\tools\compiler\ti-cgt-c2000_22.6.1.LTS\lib\</path>
         <kind>archive</kind>
         <file>rts2800_fpu32_eabi.lib</file>
         <name>_lock.c.obj</name>
      </input_file>
      <input_file id="fl-39">
         <path>C:\ti\ccs2011\ccs\tools\compiler\ti-cgt-c2000_22.6.1.LTS\lib\</path>
         <kind>archive</kind>
         <file>rts2800_fpu32_eabi.lib</file>
         <name>args_main.c.obj</name>
      </input_file>
      <input_file id="fl-3a">
         <path>C:\ti\ccs2011\ccs\tools\compiler\ti-cgt-c2000_22.6.1.LTS\lib\</path>
         <kind>archive</kind>
         <file>rts2800_fpu32_eabi.lib</file>
         <name>memset.c.obj</name>
      </input_file>
      <input_file id="fl-3b">
         <path>C:\ti\ccs2011\ccs\tools\compiler\ti-cgt-c2000_22.6.1.LTS\lib\</path>
         <kind>archive</kind>
         <file>rts2800_fpu32_eabi.lib</file>
         <name>rand.c.obj</name>
      </input_file>
      <input_file id="fl-3c">
         <path>C:\ti\ccs2011\ccs\tools\compiler\ti-cgt-c2000_22.6.1.LTS\lib\</path>
         <kind>archive</kind>
         <file>rts2800_fpu32_eabi.lib</file>
         <name>k_cos.c.obj</name>
      </input_file>
      <input_file id="fl-3d">
         <path>C:\ti\ccs2011\ccs\tools\compiler\ti-cgt-c2000_22.6.1.LTS\lib\</path>
         <kind>archive</kind>
         <file>rts2800_fpu32_eabi.lib</file>
         <name>k_sin.c.obj</name>
      </input_file>
      <input_file id="fl-3e">
         <path>C:\ti\ccs2011\ccs\tools\compiler\ti-cgt-c2000_22.6.1.LTS\lib\</path>
         <kind>archive</kind>
         <file>rts2800_fpu32_eabi.lib</file>
         <name>s_floor.c.obj</name>
      </input_file>
      <input_file id="fl-3f">
         <path>C:\ti\ccs2011\ccs\tools\compiler\ti-cgt-c2000_22.6.1.LTS\lib\</path>
         <kind>archive</kind>
         <file>rts2800_fpu32_eabi.lib</file>
         <name>s_scalbn.c.obj</name>
      </input_file>
      <input_file id="fl-40">
         <path>C:\ti\ccs2011\ccs\tools\compiler\ti-cgt-c2000_22.6.1.LTS\lib\</path>
         <kind>archive</kind>
         <file>rts2800_fpu32_eabi.lib</file>
         <name>fd_cmp28.asm.obj</name>
      </input_file>
      <input_file id="fl-41">
         <path>C:\ti\ccs2011\ccs\tools\compiler\ti-cgt-c2000_22.6.1.LTS\lib\</path>
         <kind>archive</kind>
         <file>rts2800_fpu32_eabi.lib</file>
         <name>fd_tol28.asm.obj</name>
      </input_file>
      <input_file id="fl-42">
         <path>C:\ti\ccs2011\ccs\tools\compiler\ti-cgt-c2000_22.6.1.LTS\lib\</path>
         <kind>archive</kind>
         <file>rts2800_fpu32_eabi.lib</file>
         <name>ll_aox28.asm.obj</name>
      </input_file>
      <input_file id="fl-43">
         <path>C:\ti\ccs2011\ccs\tools\compiler\ti-cgt-c2000_22.6.1.LTS\lib\</path>
         <kind>archive</kind>
         <file>rts2800_fpu32_eabi.lib</file>
         <name>i_div28.asm.obj</name>
      </input_file>
      <input_file id="fl-44">
         <path>C:\ti\ccs2011\ccs\tools\compiler\ti-cgt-c2000_22.6.1.LTS\lib\</path>
         <kind>archive</kind>
         <file>rts2800_fpu32_eabi.lib</file>
         <name>l_tofd28.asm.obj</name>
      </input_file>
      <input_file id="fl-45">
         <path>C:\ti\ccs2011\ccs\tools\compiler\ti-cgt-c2000_22.6.1.LTS\lib\</path>
         <kind>archive</kind>
         <file>rts2800_fpu32_eabi.lib</file>
         <name>cpy_tbl.c.obj</name>
      </input_file>
      <input_file id="fl-46">
         <path>C:\ti\ccs2011\ccs\tools\compiler\ti-cgt-c2000_22.6.1.LTS\lib\</path>
         <kind>archive</kind>
         <file>rts2800_fpu32_eabi.lib</file>
         <name>memcpy.c.obj</name>
      </input_file>
      <input_file id="fl-47">
         <path>C:\ti\ccs2011\ccs\tools\compiler\ti-cgt-c2000_22.6.1.LTS\lib\</path>
         <kind>archive</kind>
         <file>rts2800_fpu32_eabi.lib</file>
         <name>startup.c.obj</name>
      </input_file>
      <input_file id="fl-48">
         <path>C:\ti\ccs2011\ccs\tools\compiler\ti-cgt-c2000_22.6.1.LTS\lib\</path>
         <kind>archive</kind>
         <file>rts2800_fpu32_eabi.lib</file>
         <name>errno.c.obj</name>
      </input_file>
      <input_file id="fl-49">
         <path>C:\ti\ccs2011\ccs\tools\compiler\ti-cgt-c2000_22.6.1.LTS\lib\</path>
         <kind>archive</kind>
         <file>rts2800_fpu32_eabi.lib</file>
         <name>s_copysign.c.obj</name>
      </input_file>
   </input_file_list>
   <object_component_list>
      <object_component id="oc-2d">
         <name>codestart</name>
         <load_address>0x0</load_address>
         <run_address>0x0</run_address>
         <size>0x2</size>
         <input_file_ref idref="fl-5"/>
      </object_component>
      <object_component id="oc-33">
         <name>.text</name>
         <load_address>0x8000</load_address>
         <run_address>0x8000</run_address>
         <size>0x62e</size>
         <input_file_ref idref="fl-2"/>
      </object_component>
      <object_component id="oc-1fb">
         <name>.text</name>
         <load_address>0x862e</load_address>
         <run_address>0x862e</run_address>
         <size>0x19c</size>
         <input_file_ref idref="fl-7"/>
      </object_component>
      <object_component id="oc-a2">
         <name>.text:GPIO_setDirectionMode</name>
         <load_address>0x87ca</load_address>
         <run_address>0x87ca</run_address>
         <size>0x31</size>
         <input_file_ref idref="fl-15"/>
      </object_component>
      <object_component id="oc-144">
         <name>.text</name>
         <load_address>0x87fb</load_address>
         <run_address>0x87fb</run_address>
         <size>0x2</size>
         <input_file_ref idref="fl-30"/>
      </object_component>
      <object_component id="oc-1f5">
         <name>.text</name>
         <load_address>0x87fd</load_address>
         <run_address>0x87fd</run_address>
         <size>0x1</size>
         <input_file_ref idref="fl-3"/>
      </object_component>
      <object_component id="oc-1da">
         <name>.text</name>
         <load_address>0x87fe</load_address>
         <run_address>0x87fe</run_address>
         <size>0x1</size>
         <input_file_ref idref="fl-47"/>
      </object_component>
      <object_component id="oc-2dd">
         <name>.text</name>
         <load_address>0x8800</load_address>
         <run_address>0x8800</run_address>
         <size>0x431</size>
         <input_file_ref idref="fl-35"/>
      </object_component>
      <object_component id="oc-e3">
         <name>.text:SysCtl_setClock</name>
         <load_address>0x8c31</load_address>
         <run_address>0x8c31</run_address>
         <size>0x209</size>
         <input_file_ref idref="fl-17"/>
      </object_component>
      <object_component id="oc-2e3">
         <name>.text</name>
         <load_address>0x8e3a</load_address>
         <run_address>0x8e3a</run_address>
         <size>0x113</size>
         <input_file_ref idref="fl-3c"/>
      </object_component>
      <object_component id="oc-356">
         <name>.text</name>
         <load_address>0x8f4d</load_address>
         <run_address>0x8f4d</run_address>
         <size>0xa9</size>
         <input_file_ref idref="fl-3f"/>
      </object_component>
      <object_component id="oc-4a">
         <name>.text:Interrupt_illegalOperationHandler</name>
         <load_address>0x8ff6</load_address>
         <run_address>0x8ff6</run_address>
         <size>0xa</size>
         <input_file_ref idref="fl-16"/>
      </object_component>
      <object_component id="oc-7d">
         <name>.text</name>
         <load_address>0x9000</load_address>
         <run_address>0x9000</run_address>
         <size>0x3ff</size>
         <input_file_ref idref="fl-6"/>
      </object_component>
      <object_component id="oc-35c">
         <name>.text</name>
         <load_address>0x93ff</load_address>
         <run_address>0x93ff</run_address>
         <size>0xe8</size>
         <input_file_ref idref="fl-3e"/>
      </object_component>
      <object_component id="oc-277">
         <name>.text</name>
         <load_address>0x94e7</load_address>
         <run_address>0x94e7</run_address>
         <size>0xcb</size>
         <input_file_ref idref="fl-24"/>
      </object_component>
      <object_component id="oc-73">
         <name>.text</name>
         <load_address>0x95b2</load_address>
         <run_address>0x95b2</run_address>
         <size>0xbd</size>
         <input_file_ref idref="fl-8"/>
      </object_component>
      <object_component id="oc-27d">
         <name>.text</name>
         <load_address>0x966f</load_address>
         <run_address>0x966f</run_address>
         <size>0x9c</size>
         <input_file_ref idref="fl-26"/>
      </object_component>
      <object_component id="oc-1cf">
         <name>.text:SysCtl_selectXTAL</name>
         <load_address>0x970b</load_address>
         <run_address>0x970b</run_address>
         <size>0x90</size>
         <input_file_ref idref="fl-17"/>
      </object_component>
      <object_component id="oc-113">
         <name>.text:ADC_setOffsetTrim</name>
         <load_address>0x979b</load_address>
         <run_address>0x979b</run_address>
         <size>0x60</size>
         <input_file_ref idref="fl-13"/>
      </object_component>
      <object_component id="oc-272">
         <name>.text</name>
         <load_address>0x9800</load_address>
         <run_address>0x9800</run_address>
         <size>0x8b</size>
         <input_file_ref idref="fl-2f"/>
      </object_component>
      <object_component id="oc-d5">
         <name>.text</name>
         <load_address>0x988b</load_address>
         <run_address>0x988b</run_address>
         <size>0x88</size>
         <input_file_ref idref="fl-2b"/>
      </object_component>
      <object_component id="oc-26d">
         <name>.text</name>
         <load_address>0x9913</load_address>
         <run_address>0x9913</run_address>
         <size>0x83</size>
         <input_file_ref idref="fl-27"/>
      </object_component>
      <object_component id="oc-252">
         <name>.text</name>
         <load_address>0x9996</load_address>
         <run_address>0x9996</run_address>
         <size>0x79</size>
         <input_file_ref idref="fl-a"/>
      </object_component>
      <object_component id="oc-25b">
         <name>.text</name>
         <load_address>0x9a0f</load_address>
         <run_address>0x9a0f</run_address>
         <size>0x72</size>
         <input_file_ref idref="fl-9"/>
      </object_component>
      <object_component id="oc-10d">
         <name>.text:ADC_setINLTrim</name>
         <load_address>0x9a81</load_address>
         <run_address>0x9a81</run_address>
         <size>0x6f</size>
         <input_file_ref idref="fl-13"/>
      </object_component>
      <object_component id="oc-dd">
         <name>.text:SysCtl_getDeviceParametric</name>
         <load_address>0x9af0</load_address>
         <run_address>0x9af0</run_address>
         <size>0x68</size>
         <input_file_ref idref="fl-17"/>
      </object_component>
      <object_component id="oc-287">
         <name>.text</name>
         <load_address>0x9b58</load_address>
         <run_address>0x9b58</run_address>
         <size>0x66</size>
         <input_file_ref idref="fl-23"/>
      </object_component>
      <object_component id="oc-e9">
         <name>.text:SysCtl_getClock</name>
         <load_address>0x9bbe</load_address>
         <run_address>0x9bbe</run_address>
         <size>0x51</size>
         <input_file_ref idref="fl-17"/>
      </object_component>
      <object_component id="oc-32">
         <name>.text:retain</name>
         <load_address>0x9c0f</load_address>
         <run_address>0x9c0f</run_address>
         <size>0x50</size>
         <input_file_ref idref="fl-8"/>
      </object_component>
      <object_component id="oc-162">
         <name>.text:SysCtl_selectOscSource</name>
         <load_address>0x9c5f</load_address>
         <run_address>0x9c5f</run_address>
         <size>0x48</size>
         <input_file_ref idref="fl-17"/>
      </object_component>
      <object_component id="oc-1ef">
         <name>.text:Interrupt_initModule</name>
         <load_address>0x9ca7</load_address>
         <run_address>0x9ca7</run_address>
         <size>0x3d</size>
         <input_file_ref idref="fl-16"/>
      </object_component>
      <object_component id="oc-11b">
         <name>.text:EPWM_isBaseValid</name>
         <load_address>0x9ce4</load_address>
         <run_address>0x9ce4</run_address>
         <size>0x3b</size>
         <input_file_ref idref="fl-14"/>
      </object_component>
      <object_component id="oc-a8">
         <name>.text:GPIO_setControllerCore</name>
         <load_address>0x9d1f</load_address>
         <run_address>0x9d1f</run_address>
         <size>0x37</size>
         <input_file_ref idref="fl-15"/>
      </object_component>
      <object_component id="oc-83">
         <name>.text:GPIO_setPinConfig</name>
         <load_address>0x9d56</load_address>
         <run_address>0x9d56</run_address>
         <size>0x37</size>
         <input_file_ref idref="fl-15"/>
      </object_component>
      <object_component id="oc-8f">
         <name>.text:GPIO_setQualificationMode</name>
         <load_address>0x9d8d</load_address>
         <run_address>0x9d8d</run_address>
         <size>0x37</size>
         <input_file_ref idref="fl-15"/>
      </object_component>
      <object_component id="oc-ae">
         <name>.text:Interrupt_enable</name>
         <load_address>0x9dc4</load_address>
         <run_address>0x9dc4</run_address>
         <size>0x37</size>
         <input_file_ref idref="fl-16"/>
      </object_component>
      <object_component id="oc-1bb">
         <name>.text</name>
         <load_address>0x9dfb</load_address>
         <run_address>0x9dfb</run_address>
         <size>0x31</size>
         <input_file_ref idref="fl-4"/>
      </object_component>
      <object_component id="oc-20">
         <name>.text:decompress:lzss</name>
         <load_address>0x9e2c</load_address>
         <run_address>0x9e2c</run_address>
         <size>0x30</size>
         <input_file_ref idref="fl-34"/>
      </object_component>
      <object_component id="oc-95">
         <name>.text:ADC_setMode</name>
         <load_address>0x9e5c</load_address>
         <run_address>0x9e5c</run_address>
         <size>0x2f</size>
         <input_file_ref idref="fl-13"/>
      </object_component>
      <object_component id="oc-18b">
         <name>.text:__TI_auto_init_nobinit_nopinit</name>
         <load_address>0x9e8b</load_address>
         <run_address>0x9e8b</run_address>
         <size>0x2b</size>
         <input_file_ref idref="fl-31"/>
      </object_component>
      <object_component id="oc-28d">
         <name>.text</name>
         <load_address>0x9eb6</load_address>
         <run_address>0x9eb6</run_address>
         <size>0x2b</size>
         <input_file_ref idref="fl-3b"/>
      </object_component>
      <object_component id="oc-31f">
         <name>.text</name>
         <load_address>0x9ee1</load_address>
         <run_address>0x9ee1</run_address>
         <size>0x2a</size>
         <input_file_ref idref="fl-40"/>
      </object_component>
      <object_component id="oc-151">
         <name>.text</name>
         <load_address>0x9f0b</load_address>
         <run_address>0x9f0b</run_address>
         <size>0x29</size>
         <input_file_ref idref="fl-37"/>
      </object_component>
      <object_component id="oc-229">
         <name>.text:CPUTimer_selectClockSource</name>
         <load_address>0x9f34</load_address>
         <run_address>0x9f34</run_address>
         <size>0x28</size>
         <input_file_ref idref="fl-17"/>
      </object_component>
      <object_component id="oc-379">
         <name>.text</name>
         <load_address>0x9f5c</load_address>
         <run_address>0x9f5c</run_address>
         <size>0x24</size>
         <input_file_ref idref="fl-49"/>
      </object_component>
      <object_component id="oc-282">
         <name>.text</name>
         <load_address>0x9f80</load_address>
         <run_address>0x9f80</run_address>
         <size>0x23</size>
         <input_file_ref idref="fl-2e"/>
      </object_component>
      <object_component id="oc-34b">
         <name>.text</name>
         <load_address>0x9fa3</load_address>
         <run_address>0x9fa3</run_address>
         <size>0x22</size>
         <input_file_ref idref="fl-43"/>
      </object_component>
      <object_component id="oc-2cc">
         <name>.text</name>
         <load_address>0x9fc5</load_address>
         <run_address>0x9fc5</run_address>
         <size>0x21</size>
         <input_file_ref idref="fl-2a"/>
      </object_component>
      <object_component id="oc-235">
         <name>.text:CPUTimer_startTimer</name>
         <load_address>0x9fe6</load_address>
         <run_address>0x9fe6</run_address>
         <size>0x1a</size>
         <input_file_ref idref="fl-17"/>
      </object_component>
      <object_component id="oc-2ad">
         <name>.text:CPUTimer_getTimerOverflowStatus</name>
         <load_address>0xa000</load_address>
         <run_address>0xa000</run_address>
         <size>0x1f</size>
         <input_file_ref idref="fl-17"/>
      </object_component>
      <object_component id="oc-312">
         <name>.text</name>
         <load_address>0xa01f</load_address>
         <run_address>0xa01f</run_address>
         <size>0x1f</size>
         <input_file_ref idref="fl-41"/>
      </object_component>
      <object_component id="oc-44">
         <name>.text:Interrupt_initVectorTable</name>
         <load_address>0xa03e</load_address>
         <run_address>0xa03e</run_address>
         <size>0x1e</size>
         <input_file_ref idref="fl-16"/>
      </object_component>
      <object_component id="oc-59">
         <name>.text</name>
         <load_address>0xa05c</load_address>
         <run_address>0xa05c</run_address>
         <size>0x1d</size>
         <input_file_ref idref="fl-46"/>
      </object_component>
      <object_component id="oc-317">
         <name>.text</name>
         <load_address>0xa079</load_address>
         <run_address>0xa079</run_address>
         <size>0x1c</size>
         <input_file_ref idref="fl-44"/>
      </object_component>
      <object_component id="oc-106">
         <name>.text:ADC_isBaseValid</name>
         <load_address>0xa095</load_address>
         <run_address>0xa095</run_address>
         <size>0x1b</size>
         <input_file_ref idref="fl-13"/>
      </object_component>
      <object_component id="oc-f0">
         <name>.text:SysCtl_getLowSpeedClock</name>
         <load_address>0xa0b0</load_address>
         <run_address>0xa0b0</run_address>
         <size>0x1a</size>
         <input_file_ref idref="fl-17"/>
      </object_component>
      <object_component id="oc-30d">
         <name>.text</name>
         <load_address>0xa0ca</load_address>
         <run_address>0xa0ca</run_address>
         <size>0x18</size>
         <input_file_ref idref="fl-42"/>
      </object_component>
      <object_component id="oc-2a1">
         <name>.text:CPUTimer_isBaseValid</name>
         <load_address>0xa0e2</load_address>
         <run_address>0xa0e2</run_address>
         <size>0x17</size>
         <input_file_ref idref="fl-17"/>
      </object_component>
      <object_component id="oc-ce">
         <name>.text</name>
         <load_address>0xa0f9</load_address>
         <run_address>0xa0f9</run_address>
         <size>0x17</size>
         <input_file_ref idref="fl-25"/>
      </object_component>
      <object_component id="oc-267">
         <name>.text</name>
         <load_address>0xa110</load_address>
         <run_address>0xa110</run_address>
         <size>0x17</size>
         <input_file_ref idref="fl-2d"/>
      </object_component>
      <object_component id="oc-9c">
         <name>.text:EPWM_setEmulationMode</name>
         <load_address>0xa127</load_address>
         <run_address>0xa127</run_address>
         <size>0x16</size>
         <input_file_ref idref="fl-14"/>
      </object_component>
      <object_component id="oc-3e">
         <name>.text:Interrupt_defaultHandler</name>
         <load_address>0xa13d</load_address>
         <run_address>0xa13d</run_address>
         <size>0x16</size>
         <input_file_ref idref="fl-16"/>
      </object_component>
      <object_component id="oc-21d">
         <name>.text:CPUTimer_stopTimer</name>
         <load_address>0xa153</load_address>
         <run_address>0xa153</run_address>
         <size>0x14</size>
         <input_file_ref idref="fl-17"/>
      </object_component>
      <object_component id="oc-22f">
         <name>.text:CPUTimer_clearOverflowFlag</name>
         <load_address>0xa167</load_address>
         <run_address>0xa167</run_address>
         <size>0x12</size>
         <input_file_ref idref="fl-17"/>
      </object_component>
      <object_component id="oc-217">
         <name>.text:CPUTimer_disableInterrupt</name>
         <load_address>0xa179</load_address>
         <run_address>0xa179</run_address>
         <size>0x12</size>
         <input_file_ref idref="fl-17"/>
      </object_component>
      <object_component id="oc-223">
         <name>.text:CPUTimer_setPeriod</name>
         <load_address>0xa18b</load_address>
         <run_address>0xa18b</run_address>
         <size>0x11</size>
         <input_file_ref idref="fl-17"/>
      </object_component>
      <object_component id="oc-23b">
         <name>.text:SysCtl_pollCpuTimer</name>
         <load_address>0xa19c</load_address>
         <run_address>0xa19c</run_address>
         <size>0xf</size>
         <input_file_ref idref="fl-17"/>
      </object_component>
      <object_component id="oc-fd">
         <name>.text:GPIO_isPinValid</name>
         <load_address>0xa1ab</load_address>
         <run_address>0xa1ab</run_address>
         <size>0xe</size>
         <input_file_ref idref="fl-15"/>
      </object_component>
      <object_component id="oc-2d8">
         <name>.text</name>
         <load_address>0xa1b9</load_address>
         <run_address>0xa1b9</run_address>
         <size>0xe</size>
         <input_file_ref idref="fl-29"/>
      </object_component>
      <object_component id="oc-12c">
         <name>.text:Interrupt_enableGlobal</name>
         <load_address>0xa1c7</load_address>
         <run_address>0xa1c7</run_address>
         <size>0xd</size>
         <input_file_ref idref="fl-16"/>
      </object_component>
      <object_component id="oc-61">
         <name>.text:decompress:ZI:__TI_zero_init_nomemset</name>
         <load_address>0xa1d4</load_address>
         <run_address>0xa1d4</run_address>
         <size>0xd</size>
         <input_file_ref idref="fl-32"/>
      </object_component>
      <object_component id="oc-14b">
         <name>.text</name>
         <load_address>0xa1e1</load_address>
         <run_address>0xa1e1</run_address>
         <size>0xc</size>
         <input_file_ref idref="fl-39"/>
      </object_component>
      <object_component id="oc-15c">
         <name>.text:SysCtl_isMCDClockFailureDetected</name>
         <load_address>0xa1ed</load_address>
         <run_address>0xa1ed</run_address>
         <size>0xb</size>
         <input_file_ref idref="fl-17"/>
      </object_component>
      <object_component id="oc-50">
         <name>.text:Interrupt_nmiHandler</name>
         <load_address>0xa1f8</load_address>
         <run_address>0xa1f8</run_address>
         <size>0xa</size>
         <input_file_ref idref="fl-16"/>
      </object_component>
      <object_component id="oc-168">
         <name>.text:SysCtl_serviceWatchdog</name>
         <load_address>0xa202</load_address>
         <run_address>0xa202</run_address>
         <size>0x9</size>
         <input_file_ref idref="fl-17"/>
      </object_component>
      <object_component id="oc-20b">
         <name>.text</name>
         <load_address>0xa20b</load_address>
         <run_address>0xa20b</run_address>
         <size>0x9</size>
         <input_file_ref idref="fl-38"/>
      </object_component>
      <object_component id="oc-2e9">
         <name>.text</name>
         <load_address>0xa214</load_address>
         <run_address>0xa214</run_address>
         <size>0x9</size>
         <input_file_ref idref="fl-28"/>
      </object_component>
      <object_component id="oc-6d">
         <name>.text</name>
         <load_address>0xa21d</load_address>
         <run_address>0xa21d</run_address>
         <size>0x8</size>
         <input_file_ref idref="fl-5"/>
      </object_component>
      <object_component id="oc-26">
         <name>.text:decompress:none</name>
         <load_address>0xa225</load_address>
         <run_address>0xa225</run_address>
         <size>0x8</size>
         <input_file_ref idref="fl-33"/>
      </object_component>
      <object_component id="oc-241">
         <name>.text:SysCtl_resetMCD</name>
         <load_address>0xa22d</load_address>
         <run_address>0xa22d</run_address>
         <size>0x7</size>
         <input_file_ref idref="fl-17"/>
      </object_component>
      <object_component id="oc-324">
         <name>.text</name>
         <load_address>0xb000</load_address>
         <run_address>0xb000</run_address>
         <size>0x67c</size>
         <input_file_ref idref="fl-36"/>
      </object_component>
      <object_component id="oc-2d2">
         <name>.text</name>
         <load_address>0xb67c</load_address>
         <run_address>0xb67c</run_address>
         <size>0x125</size>
         <input_file_ref idref="fl-3d"/>
      </object_component>
      <object_component id="oc-89">
         <name>.text:GPIO_setPadConfig</name>
         <load_address>0xb7a1</load_address>
         <run_address>0xb7a1</run_address>
         <size>0x52</size>
         <input_file_ref idref="fl-15"/>
      </object_component>
      <object_component id="oc-126">
         <name>.text:Interrupt_disableGlobal</name>
         <load_address>0xb7f3</load_address>
         <run_address>0xb7f3</run_address>
         <size>0xd</size>
         <input_file_ref idref="fl-16"/>
      </object_component>
      <object_component id="oc-3d7">
         <name>.cinit..data.load</name>
         <load_address>0x128</load_address>
         <run_address>0x128</run_address>
         <size>0xa</size>
      </object_component>
      <object_component id="oc-3d4">
         <name>__TI_handler_table</name>
         <load_address>0x132</load_address>
         <run_address>0x132</run_address>
         <size>0x6</size>
      </object_component>
      <object_component id="oc-3d6">
         <name>.cinit..bss.load</name>
         <load_address>0x138</load_address>
         <run_address>0x138</run_address>
         <size>0x4</size>
      </object_component>
      <object_component id="oc-3d5">
         <name>__TI_cinit_table</name>
         <load_address>0x13c</load_address>
         <run_address>0x13c</run_address>
         <size>0x8</size>
      </object_component>
      <object_component id="oc-56">
         <name>.stack</name>
         <uninitialized>true</uninitialized>
         <run_address>0x400</run_address>
         <size>0x0</size>
         <input_file_ref idref="fl-25"/>
      </object_component>
      <object_component id="oc-3d8">
         <name>.stack</name>
         <uninitialized>true</uninitialized>
         <run_address>0x400</run_address>
         <size>0x0</size>
      </object_component>
      <object_component id="oc-201">
         <name>.bss</name>
         <uninitialized>true</uninitialized>
         <run_address>0xaf88</run_address>
         <size>0x2</size>
         <input_file_ref idref="fl-4"/>
      </object_component>
      <object_component id="oc-261">
         <name>.bss:sine_table</name>
         <uninitialized>true</uninitialized>
         <run_address>0xaec0</run_address>
         <size>0xc8</size>
         <input_file_ref idref="fl-7"/>
      </object_component>
      <object_component id="oc-264">
         <name>.bss:sineWithNoise_table</name>
         <uninitialized>true</uninitialized>
         <run_address>0xadf8</run_address>
         <size>0xc8</size>
         <input_file_ref idref="fl-7"/>
      </object_component>
      <object_component id="oc-79">
         <name>.bss</name>
         <uninitialized>true</uninitialized>
         <run_address>0xaf8a</run_address>
         <size>0x1</size>
         <input_file_ref idref="fl-8"/>
      </object_component>
      <object_component id="oc-15b">
         <name>.const:.string</name>
         <load_address>0xa800</load_address>
         <run_address>0xa800</run_address>
         <size>0xc2</size>
         <input_file_ref idref="fl-17"/>
      </object_component>
      <object_component id="oc-121">
         <name>.const:.string</name>
         <load_address>0xa8c2</load_address>
         <run_address>0xa8c2</run_address>
         <size>0xbc</size>
         <input_file_ref idref="fl-14"/>
      </object_component>
      <object_component id="oc-103">
         <name>.const:.string</name>
         <load_address>0xa97e</load_address>
         <run_address>0xa97e</run_address>
         <size>0xbc</size>
         <input_file_ref idref="fl-15"/>
      </object_component>
      <object_component id="oc-350">
         <name>.const:ipio2</name>
         <load_address>0xaa3a</load_address>
         <run_address>0xaa3a</run_address>
         <size>0x84</size>
         <input_file_ref idref="fl-36"/>
      </object_component>
      <object_component id="oc-7c">
         <name>.const:.string</name>
         <load_address>0xaabe</load_address>
         <run_address>0xaabe</run_address>
         <size>0x7c</size>
         <input_file_ref idref="fl-2"/>
      </object_component>
      <object_component id="oc-258">
         <name>.const:firCoeffs</name>
         <load_address>0xab3a</load_address>
         <run_address>0xab3a</run_address>
         <size>0x66</size>
         <input_file_ref idref="fl-7"/>
      </object_component>
      <object_component id="oc-362">
         <name>.const:PIo2</name>
         <load_address>0xaba0</load_address>
         <run_address>0xaba0</run_address>
         <size>0x20</size>
         <input_file_ref idref="fl-36"/>
      </object_component>
      <object_component id="oc-31c">
         <name>.const</name>
         <load_address>0xabc0</load_address>
         <run_address>0xabc0</run_address>
         <size>0x64</size>
         <input_file_ref idref="fl-35"/>
      </object_component>
      <object_component id="oc-10c">
         <name>.const:.string</name>
         <load_address>0xac24</load_address>
         <run_address>0xac24</run_address>
         <size>0x5d</size>
         <input_file_ref idref="fl-13"/>
      </object_component>
      <object_component id="oc-2be">
         <name>.const:.string</name>
         <load_address>0xac82</load_address>
         <run_address>0xac82</run_address>
         <size>0x3e</size>
         <input_file_ref idref="fl-a"/>
      </object_component>
      <object_component id="oc-d4">
         <name>.const:.string</name>
         <load_address>0xacc0</load_address>
         <run_address>0xacc0</run_address>
         <size>0x3d</size>
         <input_file_ref idref="fl-8"/>
      </object_component>
      <object_component id="oc-32c">
         <name>.const</name>
         <load_address>0xad00</load_address>
         <run_address>0xad00</run_address>
         <size>0x3c</size>
         <input_file_ref idref="fl-3c"/>
      </object_component>
      <object_component id="oc-348">
         <name>.const:init_jk</name>
         <load_address>0xad3c</load_address>
         <run_address>0xad3c</run_address>
         <size>0x4</size>
         <input_file_ref idref="fl-36"/>
      </object_component>
      <object_component id="oc-307">
         <name>.const</name>
         <load_address>0xad40</load_address>
         <run_address>0xad40</run_address>
         <size>0x38</size>
         <input_file_ref idref="fl-3d"/>
      </object_component>
      <object_component id="oc-2d1">
         <name>.const</name>
         <load_address>0xad78</load_address>
         <run_address>0xad78</run_address>
         <size>0x4</size>
         <input_file_ref idref="fl-24"/>
      </object_component>
      <object_component id="oc-353">
         <name>.const</name>
         <load_address>0xad80</load_address>
         <run_address>0xad80</run_address>
         <size>0x2c</size>
         <input_file_ref idref="fl-36"/>
      </object_component>
      <object_component id="oc-ef">
         <name>.const:.string</name>
         <load_address>0xadac</load_address>
         <run_address>0xadac</run_address>
         <size>0x13</size>
         <input_file_ref idref="fl-6"/>
      </object_component>
      <object_component id="oc-376">
         <name>.const</name>
         <load_address>0xadc0</load_address>
         <run_address>0xadc0</run_address>
         <size>0x1c</size>
         <input_file_ref idref="fl-3f"/>
      </object_component>
      <object_component id="oc-26c">
         <name>.const</name>
         <load_address>0xaddc</load_address>
         <run_address>0xaddc</run_address>
         <size>0x10</size>
         <input_file_ref idref="fl-7"/>
      </object_component>
      <object_component id="oc-384">
         <name>.const</name>
         <load_address>0xadec</load_address>
         <run_address>0xadec</run_address>
         <size>0xc</size>
         <input_file_ref idref="fl-3e"/>
      </object_component>
      <object_component id="oc-f6">
         <name>.data</name>
         <load_address>0xaf8c</load_address>
         <run_address>0xaf8c</run_address>
         <size>0x6</size>
         <input_file_ref idref="fl-6"/>
      </object_component>
      <object_component id="oc-1c3">
         <name>.data</name>
         <load_address>0xaf92</load_address>
         <run_address>0xaf92</run_address>
         <size>0x6</size>
         <input_file_ref idref="fl-37"/>
      </object_component>
      <object_component id="oc-1c6">
         <name>.data:_lock</name>
         <load_address>0xaf98</load_address>
         <run_address>0xaf98</run_address>
         <size>0x2</size>
         <input_file_ref idref="fl-38"/>
      </object_component>
      <object_component id="oc-29a">
         <name>.data:_unlock</name>
         <load_address>0xaf9a</load_address>
         <run_address>0xaf9a</run_address>
         <size>0x2</size>
         <input_file_ref idref="fl-38"/>
      </object_component>
      <object_component id="oc-2f4">
         <name>.data</name>
         <load_address>0xaf9c</load_address>
         <run_address>0xaf9c</run_address>
         <size>0x2</size>
         <input_file_ref idref="fl-3b"/>
      </object_component>
      <object_component id="oc-37f">
         <name>.data</name>
         <load_address>0xaf9e</load_address>
         <run_address>0xaf9e</run_address>
         <size>0x1</size>
         <input_file_ref idref="fl-48"/>
      </object_component>
      <object_component id="oc-9b">
         <name>.TI.ramfunc</name>
         <load_address>0x123</load_address>
         <run_address>0x123</run_address>
         <size>0x4</size>
         <input_file_ref idref="fl-17"/>
      </object_component>
      <object_component id="oc-b5">
         <name>.debug_types</name>
         <load_address>0x0</load_address>
         <run_address>0x0</run_address>
         <size>0x290c</size>
         <input_file_ref idref="fl-2"/>
      </object_component>
      <object_component id="oc-251">
         <name>.debug_types</name>
         <load_address>0x0</load_address>
         <run_address>0x0</run_address>
         <size>0x0</size>
         <input_file_ref idref="fl-3"/>
      </object_component>
      <object_component id="oc-205">
         <name>.debug_types</name>
         <load_address>0x290c</load_address>
         <run_address>0x290c</run_address>
         <size>0x346</size>
         <input_file_ref idref="fl-4"/>
      </object_component>
      <object_component id="oc-fa">
         <name>.debug_types</name>
         <load_address>0x2c52</load_address>
         <run_address>0x2c52</run_address>
         <size>0xe21</size>
         <input_file_ref idref="fl-6"/>
      </object_component>
      <object_component id="oc-294">
         <name>.debug_types</name>
         <load_address>0x3a73</load_address>
         <run_address>0x3a73</run_address>
         <size>0x16a</size>
         <input_file_ref idref="fl-7"/>
      </object_component>
      <object_component id="oc-b7">
         <name>.debug_types</name>
         <load_address>0x3bdd</load_address>
         <run_address>0x3bdd</run_address>
         <size>0x10f</size>
         <input_file_ref idref="fl-8"/>
      </object_component>
      <object_component id="oc-2c4">
         <name>.debug_types</name>
         <load_address>0x0</load_address>
         <run_address>0x0</run_address>
         <size>0x0</size>
         <input_file_ref idref="fl-9"/>
      </object_component>
      <object_component id="oc-2c0">
         <name>.debug_types</name>
         <load_address>0x0</load_address>
         <run_address>0x0</run_address>
         <size>0x0</size>
         <input_file_ref idref="fl-a"/>
      </object_component>
      <object_component id="oc-11a">
         <name>.debug_types</name>
         <load_address>0x3cec</load_address>
         <run_address>0x3cec</run_address>
         <size>0xc0</size>
         <input_file_ref idref="fl-13"/>
      </object_component>
      <object_component id="oc-123">
         <name>.debug_types</name>
         <load_address>0x3dac</load_address>
         <run_address>0x3dac</run_address>
         <size>0x25f</size>
         <input_file_ref idref="fl-14"/>
      </object_component>
      <object_component id="oc-fc">
         <name>.debug_types</name>
         <load_address>0x400b</load_address>
         <run_address>0x400b</run_address>
         <size>0x2c4</size>
         <input_file_ref idref="fl-15"/>
      </object_component>
      <object_component id="oc-b9">
         <name>.debug_types</name>
         <load_address>0x0</load_address>
         <run_address>0x0</run_address>
         <size>0x0</size>
         <input_file_ref idref="fl-16"/>
      </object_component>
      <object_component id="oc-15a">
         <name>.debug_types</name>
         <load_address>0x42cf</load_address>
         <run_address>0x42cf</run_address>
         <size>0x21d</size>
         <input_file_ref idref="fl-17"/>
      </object_component>
      <object_component id="oc-2f3">
         <name>.debug_types</name>
         <load_address>0x44ec</load_address>
         <run_address>0x44ec</run_address>
         <size>0x5e</size>
         <input_file_ref idref="fl-23"/>
      </object_component>
      <object_component id="oc-2ef">
         <name>.debug_types</name>
         <load_address>0x454a</load_address>
         <run_address>0x454a</run_address>
         <size>0x32</size>
         <input_file_ref idref="fl-24"/>
      </object_component>
      <object_component id="oc-18a">
         <name>.debug_types</name>
         <load_address>0x0</load_address>
         <run_address>0x0</run_address>
         <size>0x0</size>
         <input_file_ref idref="fl-30"/>
      </object_component>
      <object_component id="oc-1e1">
         <name>.debug_types</name>
         <load_address>0x457c</load_address>
         <run_address>0x457c</run_address>
         <size>0x49b</size>
         <input_file_ref idref="fl-31"/>
      </object_component>
      <object_component id="oc-c6">
         <name>.debug_types</name>
         <load_address>0x4a17</load_address>
         <run_address>0x4a17</run_address>
         <size>0x1f3</size>
         <input_file_ref idref="fl-32"/>
      </object_component>
      <object_component id="oc-60">
         <name>.debug_types</name>
         <load_address>0x0</load_address>
         <run_address>0x0</run_address>
         <size>0x0</size>
         <input_file_ref idref="fl-33"/>
      </object_component>
      <object_component id="oc-58">
         <name>.debug_types</name>
         <load_address>0x4c0a</load_address>
         <run_address>0x4c0a</run_address>
         <size>0x191</size>
         <input_file_ref idref="fl-34"/>
      </object_component>
      <object_component id="oc-32b">
         <name>.debug_types</name>
         <load_address>0x4d9b</load_address>
         <run_address>0x4d9b</run_address>
         <size>0xcb</size>
         <input_file_ref idref="fl-35"/>
      </object_component>
      <object_component id="oc-366">
         <name>.debug_types</name>
         <load_address>0x4e66</load_address>
         <run_address>0x4e66</run_address>
         <size>0x187</size>
         <input_file_ref idref="fl-36"/>
      </object_component>
      <object_component id="oc-1ca">
         <name>.debug_types</name>
         <load_address>0x4fed</load_address>
         <run_address>0x4fed</run_address>
         <size>0x90</size>
         <input_file_ref idref="fl-37"/>
      </object_component>
      <object_component id="oc-213">
         <name>.debug_types</name>
         <load_address>0x507d</load_address>
         <run_address>0x507d</run_address>
         <size>0x2f</size>
         <input_file_ref idref="fl-38"/>
      </object_component>
      <object_component id="oc-1c2">
         <name>.debug_types</name>
         <load_address>0x50ac</load_address>
         <run_address>0x50ac</run_address>
         <size>0xe1</size>
         <input_file_ref idref="fl-39"/>
      </object_component>
      <object_component id="oc-2f8">
         <name>.debug_types</name>
         <load_address>0x518d</load_address>
         <run_address>0x518d</run_address>
         <size>0x2f</size>
         <input_file_ref idref="fl-3b"/>
      </object_component>
      <object_component id="oc-330">
         <name>.debug_types</name>
         <load_address>0x0</load_address>
         <run_address>0x0</run_address>
         <size>0x0</size>
         <input_file_ref idref="fl-3c"/>
      </object_component>
      <object_component id="oc-30b">
         <name>.debug_types</name>
         <load_address>0x0</load_address>
         <run_address>0x0</run_address>
         <size>0x0</size>
         <input_file_ref idref="fl-3d"/>
      </object_component>
      <object_component id="oc-388">
         <name>.debug_types</name>
         <load_address>0x0</load_address>
         <run_address>0x0</run_address>
         <size>0x0</size>
         <input_file_ref idref="fl-3e"/>
      </object_component>
      <object_component id="oc-383">
         <name>.debug_types</name>
         <load_address>0x0</load_address>
         <run_address>0x0</run_address>
         <size>0x0</size>
         <input_file_ref idref="fl-3f"/>
      </object_component>
      <object_component id="oc-c1">
         <name>.debug_types</name>
         <load_address>0x51bc</load_address>
         <run_address>0x51bc</run_address>
         <size>0xb8</size>
         <input_file_ref idref="fl-46"/>
      </object_component>
      <object_component id="oc-249">
         <name>.debug_types</name>
         <load_address>0x0</load_address>
         <run_address>0x0</run_address>
         <size>0x0</size>
         <input_file_ref idref="fl-47"/>
      </object_component>
      <object_component id="oc-394">
         <name>.debug_types</name>
         <load_address>0x0</load_address>
         <run_address>0x0</run_address>
         <size>0x0</size>
         <input_file_ref idref="fl-48"/>
      </object_component>
      <object_component id="oc-391">
         <name>.debug_types</name>
         <load_address>0x0</load_address>
         <run_address>0x0</run_address>
         <size>0x0</size>
         <input_file_ref idref="fl-49"/>
      </object_component>
      <object_component id="oc-35">
         <name>.debug_info</name>
         <load_address>0x0</load_address>
         <run_address>0x0</run_address>
         <size>0x2f9f</size>
         <input_file_ref idref="fl-2"/>
      </object_component>
      <object_component id="oc-1f8">
         <name>.debug_info</name>
         <load_address>0x2f9f</load_address>
         <run_address>0x2f9f</run_address>
         <size>0x162</size>
         <input_file_ref idref="fl-3"/>
      </object_component>
      <object_component id="oc-202">
         <name>.debug_info</name>
         <load_address>0x3101</load_address>
         <run_address>0x3101</run_address>
         <size>0xff</size>
         <input_file_ref idref="fl-4"/>
      </object_component>
      <object_component id="oc-1be">
         <name>.debug_info</name>
         <load_address>0x3200</load_address>
         <run_address>0x3200</run_address>
         <size>0x2dc</size>
         <input_file_ref idref="fl-4"/>
      </object_component>
      <object_component id="oc-2f">
         <name>.debug_info</name>
         <load_address>0x34dc</load_address>
         <run_address>0x34dc</run_address>
         <size>0x12f</size>
         <input_file_ref idref="fl-5"/>
      </object_component>
      <object_component id="oc-6f">
         <name>.debug_info</name>
         <load_address>0x360b</load_address>
         <run_address>0x360b</run_address>
         <size>0x130</size>
         <input_file_ref idref="fl-5"/>
      </object_component>
      <object_component id="oc-f7">
         <name>.debug_info</name>
         <load_address>0x373b</load_address>
         <run_address>0x373b</run_address>
         <size>0x17a</size>
         <input_file_ref idref="fl-6"/>
      </object_component>
      <object_component id="oc-7f">
         <name>.debug_info</name>
         <load_address>0x38b5</load_address>
         <run_address>0x38b5</run_address>
         <size>0x1cd1</size>
         <input_file_ref idref="fl-6"/>
      </object_component>
      <object_component id="oc-259">
         <name>.debug_info</name>
         <load_address>0x5586</load_address>
         <run_address>0x5586</run_address>
         <size>0x112</size>
         <input_file_ref idref="fl-7"/>
      </object_component>
      <object_component id="oc-262">
         <name>.debug_info</name>
         <load_address>0x5698</load_address>
         <run_address>0x5698</run_address>
         <size>0x114</size>
         <input_file_ref idref="fl-7"/>
      </object_component>
      <object_component id="oc-265">
         <name>.debug_info</name>
         <load_address>0x57ac</load_address>
         <run_address>0x57ac</run_address>
         <size>0x126</size>
         <input_file_ref idref="fl-7"/>
      </object_component>
      <object_component id="oc-1fc">
         <name>.debug_info</name>
         <load_address>0x58d2</load_address>
         <run_address>0x58d2</run_address>
         <size>0x89d</size>
         <input_file_ref idref="fl-7"/>
      </object_component>
      <object_component id="oc-7a">
         <name>.debug_info</name>
         <load_address>0x616f</load_address>
         <run_address>0x616f</run_address>
         <size>0x10a</size>
         <input_file_ref idref="fl-8"/>
      </object_component>
      <object_component id="oc-74">
         <name>.debug_info</name>
         <load_address>0x6279</load_address>
         <run_address>0x6279</run_address>
         <size>0x6b1</size>
         <input_file_ref idref="fl-8"/>
      </object_component>
      <object_component id="oc-39">
         <name>.debug_info</name>
         <load_address>0x692a</load_address>
         <run_address>0x692a</run_address>
         <size>0x1fe</size>
         <input_file_ref idref="fl-8"/>
      </object_component>
      <object_component id="oc-25f">
         <name>.debug_info</name>
         <load_address>0x6b28</load_address>
         <run_address>0x6b28</run_address>
         <size>0x247</size>
         <input_file_ref idref="fl-9"/>
      </object_component>
      <object_component id="oc-253">
         <name>.debug_info</name>
         <load_address>0x6d6f</load_address>
         <run_address>0x6d6f</run_address>
         <size>0x47e</size>
         <input_file_ref idref="fl-a"/>
      </object_component>
      <object_component id="oc-108">
         <name>.debug_info</name>
         <load_address>0x71ed</load_address>
         <run_address>0x71ed</run_address>
         <size>0x207</size>
         <input_file_ref idref="fl-13"/>
      </object_component>
      <object_component id="oc-97">
         <name>.debug_info</name>
         <load_address>0x73f4</load_address>
         <run_address>0x73f4</run_address>
         <size>0x2bc</size>
         <input_file_ref idref="fl-13"/>
      </object_component>
      <object_component id="oc-10f">
         <name>.debug_info</name>
         <load_address>0x76b0</load_address>
         <run_address>0x76b0</run_address>
         <size>0x24a</size>
         <input_file_ref idref="fl-13"/>
      </object_component>
      <object_component id="oc-115">
         <name>.debug_info</name>
         <load_address>0x78fa</load_address>
         <run_address>0x78fa</run_address>
         <size>0x288</size>
         <input_file_ref idref="fl-13"/>
      </object_component>
      <object_component id="oc-11d">
         <name>.debug_info</name>
         <load_address>0x7b82</load_address>
         <run_address>0x7b82</run_address>
         <size>0x20b</size>
         <input_file_ref idref="fl-14"/>
      </object_component>
      <object_component id="oc-9e">
         <name>.debug_info</name>
         <load_address>0x7d8d</load_address>
         <run_address>0x7d8d</run_address>
         <size>0x263</size>
         <input_file_ref idref="fl-14"/>
      </object_component>
      <object_component id="oc-fe">
         <name>.debug_info</name>
         <load_address>0x7ff0</load_address>
         <run_address>0x7ff0</run_address>
         <size>0x205</size>
         <input_file_ref idref="fl-15"/>
      </object_component>
      <object_component id="oc-a3">
         <name>.debug_info</name>
         <load_address>0x81f5</load_address>
         <run_address>0x81f5</run_address>
         <size>0x27d</size>
         <input_file_ref idref="fl-15"/>
      </object_component>
      <object_component id="oc-8b">
         <name>.debug_info</name>
         <load_address>0x8472</load_address>
         <run_address>0x8472</run_address>
         <size>0x266</size>
         <input_file_ref idref="fl-15"/>
      </object_component>
      <object_component id="oc-91">
         <name>.debug_info</name>
         <load_address>0x86d8</load_address>
         <run_address>0x86d8</run_address>
         <size>0x2ae</size>
         <input_file_ref idref="fl-15"/>
      </object_component>
      <object_component id="oc-aa">
         <name>.debug_info</name>
         <load_address>0x8986</load_address>
         <run_address>0x8986</run_address>
         <size>0x296</size>
         <input_file_ref idref="fl-15"/>
      </object_component>
      <object_component id="oc-86">
         <name>.debug_info</name>
         <load_address>0x8c1c</load_address>
         <run_address>0x8c1c</run_address>
         <size>0x24f</size>
         <input_file_ref idref="fl-15"/>
      </object_component>
      <object_component id="oc-12f">
         <name>.debug_info</name>
         <load_address>0x8e6b</load_address>
         <run_address>0x8e6b</run_address>
         <size>0x1fe</size>
         <input_file_ref idref="fl-16"/>
      </object_component>
      <object_component id="oc-128">
         <name>.debug_info</name>
         <load_address>0x9069</load_address>
         <run_address>0x9069</run_address>
         <size>0x200</size>
         <input_file_ref idref="fl-16"/>
      </object_component>
      <object_component id="oc-1f1">
         <name>.debug_info</name>
         <load_address>0x9269</load_address>
         <run_address>0x9269</run_address>
         <size>0x20f</size>
         <input_file_ref idref="fl-16"/>
      </object_component>
      <object_component id="oc-40">
         <name>.debug_info</name>
         <load_address>0x9478</load_address>
         <run_address>0x9478</run_address>
         <size>0x21c</size>
         <input_file_ref idref="fl-16"/>
      </object_component>
      <object_component id="oc-4d">
         <name>.debug_info</name>
         <load_address>0x9694</load_address>
         <run_address>0x9694</run_address>
         <size>0x202</size>
         <input_file_ref idref="fl-16"/>
      </object_component>
      <object_component id="oc-52">
         <name>.debug_info</name>
         <load_address>0x9896</load_address>
         <run_address>0x9896</run_address>
         <size>0x1e8</size>
         <input_file_ref idref="fl-16"/>
      </object_component>
      <object_component id="oc-48">
         <name>.debug_info</name>
         <load_address>0x9a7e</load_address>
         <run_address>0x9a7e</run_address>
         <size>0x20c</size>
         <input_file_ref idref="fl-16"/>
      </object_component>
      <object_component id="oc-b1">
         <name>.debug_info</name>
         <load_address>0x9c8a</load_address>
         <run_address>0x9c8a</run_address>
         <size>0x2b3</size>
         <input_file_ref idref="fl-16"/>
      </object_component>
      <object_component id="oc-16a">
         <name>.debug_info</name>
         <load_address>0x9f3d</load_address>
         <run_address>0x9f3d</run_address>
         <size>0x1f2</size>
         <input_file_ref idref="fl-17"/>
      </object_component>
      <object_component id="oc-15d">
         <name>.debug_info</name>
         <load_address>0xa12f</load_address>
         <run_address>0xa12f</run_address>
         <size>0x20e</size>
         <input_file_ref idref="fl-17"/>
      </object_component>
      <object_component id="oc-242">
         <name>.debug_info</name>
         <load_address>0xa33d</load_address>
         <run_address>0xa33d</run_address>
         <size>0x1e4</size>
         <input_file_ref idref="fl-17"/>
      </object_component>
      <object_component id="oc-2a2">
         <name>.debug_info</name>
         <load_address>0xa521</load_address>
         <run_address>0xa521</run_address>
         <size>0x217</size>
         <input_file_ref idref="fl-17"/>
      </object_component>
      <object_component id="oc-231">
         <name>.debug_info</name>
         <load_address>0xa738</load_address>
         <run_address>0xa738</run_address>
         <size>0x244</size>
         <input_file_ref idref="fl-17"/>
      </object_component>
      <object_component id="oc-218">
         <name>.debug_info</name>
         <load_address>0xa97c</load_address>
         <run_address>0xa97c</run_address>
         <size>0x242</size>
         <input_file_ref idref="fl-17"/>
      </object_component>
      <object_component id="oc-21f">
         <name>.debug_info</name>
         <load_address>0xabbe</load_address>
         <run_address>0xabbe</run_address>
         <size>0x24a</size>
         <input_file_ref idref="fl-17"/>
      </object_component>
      <object_component id="oc-237">
         <name>.debug_info</name>
         <load_address>0xae08</load_address>
         <run_address>0xae08</run_address>
         <size>0x24d</size>
         <input_file_ref idref="fl-17"/>
      </object_component>
      <object_component id="oc-224">
         <name>.debug_info</name>
         <load_address>0xb055</load_address>
         <run_address>0xb055</run_address>
         <size>0x24e</size>
         <input_file_ref idref="fl-17"/>
      </object_component>
      <object_component id="oc-2ae">
         <name>.debug_info</name>
         <load_address>0xb2a3</load_address>
         <run_address>0xb2a3</run_address>
         <size>0x258</size>
         <input_file_ref idref="fl-17"/>
      </object_component>
      <object_component id="oc-22a">
         <name>.debug_info</name>
         <load_address>0xb4fb</load_address>
         <run_address>0xb4fb</run_address>
         <size>0x27c</size>
         <input_file_ref idref="fl-17"/>
      </object_component>
      <object_component id="oc-23c">
         <name>.debug_info</name>
         <load_address>0xb777</load_address>
         <run_address>0xb777</run_address>
         <size>0x241</size>
         <input_file_ref idref="fl-17"/>
      </object_component>
      <object_component id="oc-ea">
         <name>.debug_info</name>
         <load_address>0xb9b8</load_address>
         <run_address>0xb9b8</run_address>
         <size>0x277</size>
         <input_file_ref idref="fl-17"/>
      </object_component>
      <object_component id="oc-e4">
         <name>.debug_info</name>
         <load_address>0xbc2f</load_address>
         <run_address>0xbc2f</run_address>
         <size>0x519</size>
         <input_file_ref idref="fl-17"/>
      </object_component>
      <object_component id="oc-1d0">
         <name>.debug_info</name>
         <load_address>0xc148</load_address>
         <run_address>0xc148</run_address>
         <size>0x3ba</size>
         <input_file_ref idref="fl-17"/>
      </object_component>
      <object_component id="oc-163">
         <name>.debug_info</name>
         <load_address>0xc502</load_address>
         <run_address>0xc502</run_address>
         <size>0x243</size>
         <input_file_ref idref="fl-17"/>
      </object_component>
      <object_component id="oc-f1">
         <name>.debug_info</name>
         <load_address>0xc745</load_address>
         <run_address>0xc745</run_address>
         <size>0x251</size>
         <input_file_ref idref="fl-17"/>
      </object_component>
      <object_component id="oc-de">
         <name>.debug_info</name>
         <load_address>0xc996</load_address>
         <run_address>0xc996</run_address>
         <size>0x241</size>
         <input_file_ref idref="fl-17"/>
      </object_component>
      <object_component id="oc-289">
         <name>.debug_info</name>
         <load_address>0xcbd7</load_address>
         <run_address>0xcbd7</run_address>
         <size>0x17f</size>
         <input_file_ref idref="fl-23"/>
      </object_component>
      <object_component id="oc-27b">
         <name>.debug_info</name>
         <load_address>0xcd56</load_address>
         <run_address>0xcd56</run_address>
         <size>0x238</size>
         <input_file_ref idref="fl-24"/>
      </object_component>
      <object_component id="oc-d1">
         <name>.debug_info</name>
         <load_address>0xcf8e</load_address>
         <run_address>0xcf8e</run_address>
         <size>0x158</size>
         <input_file_ref idref="fl-25"/>
      </object_component>
      <object_component id="oc-27e">
         <name>.debug_info</name>
         <load_address>0xd0e6</load_address>
         <run_address>0xd0e6</run_address>
         <size>0x127</size>
         <input_file_ref idref="fl-26"/>
      </object_component>
      <object_component id="oc-26e">
         <name>.debug_info</name>
         <load_address>0xd20d</load_address>
         <run_address>0xd20d</run_address>
         <size>0x127</size>
         <input_file_ref idref="fl-27"/>
      </object_component>
      <object_component id="oc-2eb">
         <name>.debug_info</name>
         <load_address>0xd334</load_address>
         <run_address>0xd334</run_address>
         <size>0x127</size>
         <input_file_ref idref="fl-28"/>
      </object_component>
      <object_component id="oc-2da">
         <name>.debug_info</name>
         <load_address>0xd45b</load_address>
         <run_address>0xd45b</run_address>
         <size>0x13b</size>
         <input_file_ref idref="fl-29"/>
      </object_component>
      <object_component id="oc-2cf">
         <name>.debug_info</name>
         <load_address>0xd596</load_address>
         <run_address>0xd596</run_address>
         <size>0x127</size>
         <input_file_ref idref="fl-2a"/>
      </object_component>
      <object_component id="oc-d8">
         <name>.debug_info</name>
         <load_address>0xd6bd</load_address>
         <run_address>0xd6bd</run_address>
         <size>0x127</size>
         <input_file_ref idref="fl-2b"/>
      </object_component>
      <object_component id="oc-269">
         <name>.debug_info</name>
         <load_address>0xd7e4</load_address>
         <run_address>0xd7e4</run_address>
         <size>0x12b</size>
         <input_file_ref idref="fl-2d"/>
      </object_component>
      <object_component id="oc-285">
         <name>.debug_info</name>
         <load_address>0xd90f</load_address>
         <run_address>0xd90f</run_address>
         <size>0x12b</size>
         <input_file_ref idref="fl-2e"/>
      </object_component>
      <object_component id="oc-274">
         <name>.debug_info</name>
         <load_address>0xda3a</load_address>
         <run_address>0xda3a</run_address>
         <size>0x127</size>
         <input_file_ref idref="fl-2f"/>
      </object_component>
      <object_component id="oc-147">
         <name>.debug_info</name>
         <load_address>0xdb61</load_address>
         <run_address>0xdb61</run_address>
         <size>0x14d</size>
         <input_file_ref idref="fl-30"/>
      </object_component>
      <object_component id="oc-18e">
         <name>.debug_info</name>
         <load_address>0xdcae</load_address>
         <run_address>0xdcae</run_address>
         <size>0x1bf</size>
         <input_file_ref idref="fl-31"/>
      </object_component>
      <object_component id="oc-62">
         <name>.debug_info</name>
         <load_address>0xde6d</load_address>
         <run_address>0xde6d</run_address>
         <size>0x1b6</size>
         <input_file_ref idref="fl-32"/>
      </object_component>
      <object_component id="oc-2a">
         <name>.debug_info</name>
         <load_address>0xe023</load_address>
         <run_address>0xe023</run_address>
         <size>0x1b7</size>
         <input_file_ref idref="fl-33"/>
      </object_component>
      <object_component id="oc-23">
         <name>.debug_info</name>
         <load_address>0xe1da</load_address>
         <run_address>0xe1da</run_address>
         <size>0x219</size>
         <input_file_ref idref="fl-34"/>
      </object_component>
      <object_component id="oc-31d">
         <name>.debug_info</name>
         <load_address>0xe3f3</load_address>
         <run_address>0xe3f3</run_address>
         <size>0x210</size>
         <input_file_ref idref="fl-35"/>
      </object_component>
      <object_component id="oc-2de">
         <name>.debug_info</name>
         <load_address>0xe603</load_address>
         <run_address>0xe603</run_address>
         <size>0x76d</size>
         <input_file_ref idref="fl-35"/>
      </object_component>
      <object_component id="oc-349">
         <name>.debug_info</name>
         <load_address>0xed70</load_address>
         <run_address>0xed70</run_address>
         <size>0x110</size>
         <input_file_ref idref="fl-36"/>
      </object_component>
      <object_component id="oc-354">
         <name>.debug_info</name>
         <load_address>0xee80</load_address>
         <run_address>0xee80</run_address>
         <size>0x166</size>
         <input_file_ref idref="fl-36"/>
      </object_component>
      <object_component id="oc-363">
         <name>.debug_info</name>
         <load_address>0xefe6</load_address>
         <run_address>0xefe6</run_address>
         <size>0x10b</size>
         <input_file_ref idref="fl-36"/>
      </object_component>
      <object_component id="oc-351">
         <name>.debug_info</name>
         <load_address>0xf0f1</load_address>
         <run_address>0xf0f1</run_address>
         <size>0x10c</size>
         <input_file_ref idref="fl-36"/>
      </object_component>
      <object_component id="oc-325">
         <name>.debug_info</name>
         <load_address>0xf1fd</load_address>
         <run_address>0xf1fd</run_address>
         <size>0x823</size>
         <input_file_ref idref="fl-36"/>
      </object_component>
      <object_component id="oc-1c4">
         <name>.debug_info</name>
         <load_address>0xfa20</load_address>
         <run_address>0xfa20</run_address>
         <size>0x19e</size>
         <input_file_ref idref="fl-37"/>
      </object_component>
      <object_component id="oc-153">
         <name>.debug_info</name>
         <load_address>0xfbbe</load_address>
         <run_address>0xfbbe</run_address>
         <size>0x1a9</size>
         <input_file_ref idref="fl-37"/>
      </object_component>
      <object_component id="oc-1c7">
         <name>.debug_info</name>
         <load_address>0xfd67</load_address>
         <run_address>0xfd67</run_address>
         <size>0x107</size>
         <input_file_ref idref="fl-38"/>
      </object_component>
      <object_component id="oc-29b">
         <name>.debug_info</name>
         <load_address>0xfe6e</load_address>
         <run_address>0xfe6e</run_address>
         <size>0x10b</size>
         <input_file_ref idref="fl-38"/>
      </object_component>
      <object_component id="oc-20c">
         <name>.debug_info</name>
         <load_address>0xff79</load_address>
         <run_address>0xff79</run_address>
         <size>0x203</size>
         <input_file_ref idref="fl-38"/>
      </object_component>
      <object_component id="oc-14f">
         <name>.debug_info</name>
         <load_address>0x1017c</load_address>
         <run_address>0x1017c</run_address>
         <size>0x15d</size>
         <input_file_ref idref="fl-39"/>
      </object_component>
      <object_component id="oc-2f5">
         <name>.debug_info</name>
         <load_address>0x102d9</load_address>
         <run_address>0x102d9</run_address>
         <size>0x104</size>
         <input_file_ref idref="fl-3b"/>
      </object_component>
      <object_component id="oc-28e">
         <name>.debug_info</name>
         <load_address>0x103dd</load_address>
         <run_address>0x103dd</run_address>
         <size>0x198</size>
         <input_file_ref idref="fl-3b"/>
      </object_component>
      <object_component id="oc-32d">
         <name>.debug_info</name>
         <load_address>0x10575</load_address>
         <run_address>0x10575</run_address>
         <size>0x193</size>
         <input_file_ref idref="fl-3c"/>
      </object_component>
      <object_component id="oc-2e5">
         <name>.debug_info</name>
         <load_address>0x10708</load_address>
         <run_address>0x10708</run_address>
         <size>0x350</size>
         <input_file_ref idref="fl-3c"/>
      </object_component>
      <object_component id="oc-308">
         <name>.debug_info</name>
         <load_address>0x10a58</load_address>
         <run_address>0x10a58</run_address>
         <size>0x195</size>
         <input_file_ref idref="fl-3d"/>
      </object_component>
      <object_component id="oc-2d3">
         <name>.debug_info</name>
         <load_address>0x10bed</load_address>
         <run_address>0x10bed</run_address>
         <size>0x3a9</size>
         <input_file_ref idref="fl-3d"/>
      </object_component>
      <object_component id="oc-385">
         <name>.debug_info</name>
         <load_address>0x10f96</load_address>
         <run_address>0x10f96</run_address>
         <size>0x107</size>
         <input_file_ref idref="fl-3e"/>
      </object_component>
      <object_component id="oc-35d">
         <name>.debug_info</name>
         <load_address>0x1109d</load_address>
         <run_address>0x1109d</run_address>
         <size>0x235</size>
         <input_file_ref idref="fl-3e"/>
      </object_component>
      <object_component id="oc-377">
         <name>.debug_info</name>
         <load_address>0x112d2</load_address>
         <run_address>0x112d2</run_address>
         <size>0x146</size>
         <input_file_ref idref="fl-3f"/>
      </object_component>
      <object_component id="oc-359">
         <name>.debug_info</name>
         <load_address>0x11418</load_address>
         <run_address>0x11418</run_address>
         <size>0x208</size>
         <input_file_ref idref="fl-3f"/>
      </object_component>
      <object_component id="oc-322">
         <name>.debug_info</name>
         <load_address>0x11620</load_address>
         <run_address>0x11620</run_address>
         <size>0x131</size>
         <input_file_ref idref="fl-40"/>
      </object_component>
      <object_component id="oc-313">
         <name>.debug_info</name>
         <load_address>0x11751</load_address>
         <run_address>0x11751</run_address>
         <size>0x127</size>
         <input_file_ref idref="fl-41"/>
      </object_component>
      <object_component id="oc-30e">
         <name>.debug_info</name>
         <load_address>0x11878</load_address>
         <run_address>0x11878</run_address>
         <size>0x1a5</size>
         <input_file_ref idref="fl-42"/>
      </object_component>
      <object_component id="oc-34c">
         <name>.debug_info</name>
         <load_address>0x11a1d</load_address>
         <run_address>0x11a1d</run_address>
         <size>0x163</size>
         <input_file_ref idref="fl-43"/>
      </object_component>
      <object_component id="oc-318">
         <name>.debug_info</name>
         <load_address>0x11b80</load_address>
         <run_address>0x11b80</run_address>
         <size>0x12b</size>
         <input_file_ref idref="fl-44"/>
      </object_component>
      <object_component id="oc-5a">
         <name>.debug_info</name>
         <load_address>0x11cab</load_address>
         <run_address>0x11cab</run_address>
         <size>0x19b</size>
         <input_file_ref idref="fl-46"/>
      </object_component>
      <object_component id="oc-1db">
         <name>.debug_info</name>
         <load_address>0x11e46</load_address>
         <run_address>0x11e46</run_address>
         <size>0x147</size>
         <input_file_ref idref="fl-47"/>
      </object_component>
      <object_component id="oc-380">
         <name>.debug_info</name>
         <load_address>0x11f8d</load_address>
         <run_address>0x11f8d</run_address>
         <size>0x106</size>
         <input_file_ref idref="fl-48"/>
      </object_component>
      <object_component id="oc-37b">
         <name>.debug_info</name>
         <load_address>0x12093</load_address>
         <run_address>0x12093</run_address>
         <size>0x189</size>
         <input_file_ref idref="fl-49"/>
      </object_component>
      <object_component id="oc-3df">
         <name>.debug_info</name>
         <load_address>0x1221c</load_address>
         <run_address>0x1221c</run_address>
         <size>0xcf</size>
      </object_component>
      <object_component id="oc-37">
         <name>.debug_line</name>
         <load_address>0x0</load_address>
         <run_address>0x0</run_address>
         <size>0x6a9</size>
         <input_file_ref idref="fl-2"/>
      </object_component>
      <object_component id="oc-134">
         <name>.debug_line</name>
         <load_address>0x6a9</load_address>
         <run_address>0x6a9</run_address>
         <size>0xe4</size>
         <input_file_ref idref="fl-2"/>
      </object_component>
      <object_component id="oc-1f6">
         <name>.debug_line</name>
         <load_address>0x78d</load_address>
         <run_address>0x78d</run_address>
         <size>0x4f</size>
         <input_file_ref idref="fl-3"/>
      </object_component>
      <object_component id="oc-2bc">
         <name>.debug_line</name>
         <load_address>0x7dc</load_address>
         <run_address>0x7dc</run_address>
         <size>0x21</size>
         <input_file_ref idref="fl-3"/>
      </object_component>
      <object_component id="oc-296">
[...]
         <value>0xffffffff</value>
      </symbol>
      <symbol id="sm-a8">
         <name>INTERRUPT_init</name>
         <value>0x8603</value>
         <object_component_ref idref="oc-33"/>
      </symbol>
      <symbol id="sm-a9">
         <name>PinMux_init</name>
         <value>0x84b3</value>
         <object_component_ref idref="oc-33"/>
      </symbol>
      <symbol id="sm-aa">
         <name>Led_Blink_init</name>
         <value>0x85ef</value>
         <object_component_ref idref="oc-33"/>
      </symbol>
      <symbol id="sm-ab">
         <name>Board_init</name>
         <value>0x84a4</value>
         <object_component_ref idref="oc-33"/>
      </symbol>
      <symbol id="sm-ac">
         <name>ADC_Sine_init</name>
         <value>0x84d9</value>
         <object_component_ref idref="oc-33"/>
      </symbol>
      <symbol id="sm-ad">
         <name>GPIO_init</name>
         <value>0x85ec</value>
         <object_component_ref idref="oc-33"/>
      </symbol>
      <symbol id="sm-ae">
         <name>ADC_init</name>
         <value>0x84d6</value>
         <object_component_ref idref="oc-33"/>
      </symbol>
      <symbol id="sm-af">
         <name>SYNC_init</name>
         <value>0x8610</value>
         <object_component_ref idref="oc-33"/>
      </symbol>
      <symbol id="sm-b0">
         <name>EPWM_init</name>
         <value>0x8522</value>
         <object_component_ref idref="oc-33"/>
      </symbol>
      <symbol id="sm-bd">
         <name>C2000Ware_libraries_init</name>
         <value>0x87fd</value>
         <object_component_ref idref="oc-1f5"/>
      </symbol>
      <symbol id="sm-d1">
         <name>Signal</name>
         <value>0xaf88</value>
         <object_component_ref idref="oc-201"/>
      </symbol>
      <symbol id="sm-d2">
         <name>main</name>
         <value>0x9e02</value>
         <object_component_ref idref="oc-1bb"/>
      </symbol>
      <symbol id="sm-e1">
         <name>code_start</name>
         <value>0x0</value>
         <object_component_ref idref="oc-2d"/>
      </symbol>
      <symbol id="sm-113">
         <name>Device_enableAllPeripherals</name>
         <value>0x90f0</value>
         <object_component_ref idref="oc-7d"/>
      </symbol>
      <symbol id="sm-114">
         <name>Device_initGPIO</name>
         <value>0x91db</value>
         <object_component_ref idref="oc-7d"/>
      </symbol>
      <symbol id="sm-115">
         <name>Example_Fail</name>
         <value>0xaf90</value>
         <object_component_ref idref="oc-f6"/>
      </symbol>
      <symbol id="sm-116">
         <name>Example_setResultFail</name>
         <value>0x93f9</value>
         <object_component_ref idref="oc-7d"/>
      </symbol>
      <symbol id="sm-117">
         <name>Device_bootCPU2</name>
         <value>0x9273</value>
         <object_component_ref idref="oc-7d"/>
      </symbol>
      <symbol id="sm-118">
         <name>Device_init</name>
         <value>0x90ae</value>
         <object_component_ref idref="oc-7d"/>
      </symbol>
      <symbol id="sm-119">
         <name>Example_Result</name>
         <value>0xaf8c</value>
         <object_component_ref idref="oc-f6"/>
      </symbol>
      <symbol id="sm-11a">
         <name>Device_enableUnbondedGPIOPullups</name>
         <value>0x922c</value>
         <object_component_ref idref="oc-7d"/>
      </symbol>
      <symbol id="sm-11b">
         <name>__error__</name>
         <value>0x93ed</value>
         <object_component_ref idref="oc-7d"/>
      </symbol>
      <symbol id="sm-11c">
         <name>Example_setResultPass</name>
         <value>0x93f4</value>
         <object_component_ref idref="oc-7d"/>
      </symbol>
      <symbol id="sm-11d">
         <name>Device_configureTMXAnalogTrim</name>
         <value>0x9242</value>
         <object_component_ref idref="oc-7d"/>
      </symbol>
      <symbol id="sm-11e">
         <name>Device_enableUnbondedGPIOPullupsFor176Pin</name>
         <value>0x91fc</value>
         <object_component_ref idref="oc-7d"/>
      </symbol>
      <symbol id="sm-11f">
         <name>Example_done</name>
         <value>0x93fe</value>
         <object_component_ref idref="oc-7d"/>
      </symbol>
      <symbol id="sm-120">
         <name>Example_PassCount</name>
         <value>0xaf8e</value>
         <object_component_ref idref="oc-f6"/>
      </symbol>
      <symbol id="sm-121">
         <name>Device_enableUnbondedGPIOPullupsFor100Pin</name>
         <value>0x920f</value>
         <object_component_ref idref="oc-7d"/>
      </symbol>
      <symbol id="sm-151">
         <name>SignalManager_ConfigAdc</name>
         <value>0x866e</value>
         <object_component_ref idref="oc-1fb"/>
      </symbol>
      <symbol id="sm-152">
         <name>firCoeffs</name>
         <value>0xab3a</value>
         <object_component_ref idref="oc-258"/>
      </symbol>
      <symbol id="sm-153">
         <name>sineWithNoise_table</name>
         <value>0xadf8</value>
         <object_component_ref idref="oc-264"/>
      </symbol>
      <symbol id="sm-154">
         <name>SignalManager_ConfigPwm</name>
         <value>0x8647</value>
         <object_component_ref idref="oc-1fb"/>
      </symbol>
      <symbol id="sm-155">
         <name>SignalManager_TestSineWithNoise</name>
         <value>0x86dc</value>
         <object_component_ref idref="oc-1fb"/>
      </symbol>
      <symbol id="sm-156">
         <name>SignalManager_Init</name>
         <value>0x862e</value>
         <object_component_ref idref="oc-1fb"/>
      </symbol>
      <symbol id="sm-157">
         <name>SignalManager_TestSineNoisePwm</name>
         <value>0x86a8</value>
         <object_component_ref idref="oc-1fb"/>
      </symbol>
      <symbol id="sm-158">
         <name>sine_table</name>
         <value>0xaec0</value>
         <object_component_ref idref="oc-261"/>
      </symbol>
      <symbol id="sm-159">
         <name>SignalManager_ConfigFir</name>
         <value>0x8672</value>
         <object_component_ref idref="oc-1fb"/>
      </symbol>
      <symbol id="sm-15a">
         <name>SignalManager_TestSinePwm</name>
         <value>0x867d</value>
         <object_component_ref idref="oc-1fb"/>
      </symbol>
      <symbol id="sm-186">
         <name>sensorTemp</name>
         <value>0xaf8a</value>
         <object_component_ref idref="oc-79"/>
      </symbol>
      <symbol id="sm-187">
         <name>INT_ADC_Sine_1_ISR</name>
         <value>0x9c0f</value>
         <object_component_ref idref="oc-32"/>
      </symbol>
      <symbol id="sm-19b">
         <name>FIR_Update</name>
         <value>0x9a33</value>
         <object_component_ref idref="oc-25b"/>
      </symbol>
      <symbol id="sm-19c">
         <name>FIR_Init</name>
         <value>0x9a0f</value>
         <object_component_ref idref="oc-25b"/>
      </symbol>
      <symbol id="sm-1b3">
         <name>pwmDuty</name>
         <value>0x99f7</value>
         <object_component_ref idref="oc-252"/>
      </symbol>
      <symbol id="sm-1b4">
         <name>pwmSetFreq</name>
         <value>0x9a0b</value>
         <object_component_ref idref="oc-252"/>
      </symbol>
      <symbol id="sm-1b5">
         <name>pwmInit</name>
         <value>0x99f3</value>
         <object_component_ref idref="oc-252"/>
      </symbol>
      <symbol id="sm-1b6">
         <name>pwmDutyB</name>
         <value>0x9a01</value>
         <object_component_ref idref="oc-252"/>
      </symbol>
      <symbol id="sm-1f7">
         <name>ADC_setOffsetTrim</name>
         <value>0x979b</value>
         <object_component_ref idref="oc-113"/>
      </symbol>
      <symbol id="sm-1f8">
         <name>ADC_setMode</name>
         <value>0x9e5c</value>
         <object_component_ref idref="oc-95"/>
      </symbol>
      <symbol id="sm-1f9">
         <name>ADC_setINLTrim</name>
         <value>0x9a81</value>
         <object_component_ref idref="oc-10d"/>
      </symbol>
      <symbol id="sm-214">
         <name>EPWM_setEmulationMode</name>
         <value>0xa127</value>
         <object_component_ref idref="oc-9c"/>
      </symbol>
      <symbol id="sm-256">
         <name>GPIO_setQualificationMode</name>
         <value>0x9d8d</value>
         <object_component_ref idref="oc-8f"/>
      </symbol>
      <symbol id="sm-257">
         <name>GPIO_setPadConfig</name>
         <value>0xb7a1</value>
         <object_component_ref idref="oc-89"/>
      </symbol>
      <symbol id="sm-258">
         <name>GPIO_setDirectionMode</name>
         <value>0x87ca</value>
         <object_component_ref idref="oc-a2"/>
      </symbol>
      <symbol id="sm-259">
         <name>GPIO_setPinConfig</name>
         <value>0x9d56</value>
         <object_component_ref idref="oc-83"/>
      </symbol>
      <symbol id="sm-25a">
         <name>GPIO_setControllerCore</name>
         <value>0x9d1f</value>
         <object_component_ref idref="oc-a8"/>
      </symbol>
      <symbol id="sm-2a9">
         <name>Interrupt_defaultHandler</name>
         <value>0xa13d</value>
         <object_component_ref idref="oc-3e"/>
      </symbol>
      <symbol id="sm-2aa">
         <name>Interrupt_initModule</name>
         <value>0x9ca7</value>
         <object_component_ref idref="oc-1ef"/>
      </symbol>
      <symbol id="sm-2ab">
         <name>Interrupt_nmiHandler</name>
         <value>0xa1f8</value>
         <object_component_ref idref="oc-50"/>
      </symbol>
      <symbol id="sm-2ac">
         <name>Interrupt_enable</name>
         <value>0x9dc4</value>
         <object_component_ref idref="oc-ae"/>
      </symbol>
      <symbol id="sm-2ad">
         <name>Interrupt_initVectorTable</name>
         <value>0xa03e</value>
         <object_component_ref idref="oc-44"/>
      </symbol>
      <symbol id="sm-2ae">
         <name>Interrupt_illegalOperationHandler</name>
         <value>0x8ff6</value>
         <object_component_ref idref="oc-4a"/>
      </symbol>
      <symbol id="sm-387">
         <name>SysCtl_delay</name>
         <value>0x123</value>
         <object_component_ref idref="oc-9b"/>
      </symbol>
      <symbol id="sm-388">
         <name>SysCtl_getDeviceParametric</name>
         <value>0x9af0</value>
         <object_component_ref idref="oc-dd"/>
      </symbol>
      <symbol id="sm-389">
         <name>SysCtl_selectXTAL</name>
         <value>0x970b</value>
         <object_component_ref idref="oc-1cf"/>
      </symbol>
      <symbol id="sm-38a">
         <name>SysCtl_selectOscSource</name>
         <value>0x9c5f</value>
         <object_component_ref idref="oc-162"/>
      </symbol>
      <symbol id="sm-38b">
         <name>SysCtl_getLowSpeedClock</name>
         <value>0xa0b0</value>
         <object_component_ref idref="oc-f0"/>
      </symbol>
      <symbol id="sm-38c">
         <name>SysCtl_setClock</name>
         <value>0x8c31</value>
         <object_component_ref idref="oc-e3"/>
      </symbol>
      <symbol id="sm-38d">
         <name>SysCtl_getClock</name>
         <value>0x9bbe</value>
         <object_component_ref idref="oc-e9"/>
      </symbol>
      <symbol id="sm-39b">
         <name>sinf</name>
         <value>0x9b58</value>
         <object_component_ref idref="oc-287"/>
      </symbol>
      <symbol id="sm-3b5">
         <name>sin</name>
         <value>0x94e7</value>
         <object_component_ref idref="oc-277"/>
      </symbol>
      <symbol id="sm-3b6">
         <name>sinl</name>
         <value>0x94e7</value>
         <object_component_ref idref="oc-277"/>
      </symbol>
      <symbol id="sm-3c0">
         <name>_c_int00</name>
         <value>0xa0f9</value>
         <object_component_ref idref="oc-ce"/>
      </symbol>
      <symbol id="sm-3c1">
         <name>__stack</name>
         <value>0x400</value>
         <object_component_ref idref="oc-56"/>
      </symbol>
      <symbol id="sm-3d8">
         <name>__c28xabi_addd</name>
         <value>0x966f</value>
         <object_component_ref idref="oc-27d"/>
      </symbol>
      <symbol id="sm-3e6">
         <name>__c28xabi_mpyd</name>
         <value>0x9913</value>
         <object_component_ref idref="oc-26d"/>
      </symbol>
      <symbol id="sm-3ef">
         <name>__c28xabi_negd</name>
         <value>0xa214</value>
         <object_component_ref idref="oc-2e9"/>
      </symbol>
      <symbol id="sm-3f7">
         <name>__c28xabi_subd</name>
         <value>0xa1b9</value>
         <object_component_ref idref="oc-2d8"/>
      </symbol>
      <symbol id="sm-402">
         <name>__c28xabi_dtoi</name>
         <value>0x9fc5</value>
         <object_component_ref idref="oc-2cc"/>
      </symbol>
      <symbol id="sm-40f">
         <name>__c28xabi_divf</name>
         <value>0x988b</value>
         <object_component_ref idref="oc-d5"/>
      </symbol>
      <symbol id="sm-41d">
         <name>__c28xabi_utod</name>
         <value>0xa110</value>
         <object_component_ref idref="oc-267"/>
      </symbol>
      <symbol id="sm-429">
         <name>__c28xabi_dtof</name>
         <value>0x9f80</value>
         <object_component_ref idref="oc-282"/>
      </symbol>
      <symbol id="sm-43c">
         <name>__c28xabi_divd</name>
         <value>0x9800</value>
         <object_component_ref idref="oc-272"/>
      </symbol>
      <symbol id="sm-449">
         <name>_system_pre_init</name>
         <value>0x87fb</value>
         <object_component_ref idref="oc-144"/>
      </symbol>
      <symbol id="sm-458">
         <name>__TI_auto_init_nobinit_nopinit</name>
         <value>0x9e8b</value>
         <object_component_ref idref="oc-18b"/>
      </symbol>
      <symbol id="sm-467">
         <name>__TI_zero_init_nomemset</name>
         <value>0xa1d4</value>
         <object_component_ref idref="oc-61"/>
      </symbol>
      <symbol id="sm-474">
         <name>__TI_decompress_none</name>
         <value>0xa225</value>
         <object_component_ref idref="oc-26"/>
      </symbol>
      <symbol id="sm-488">
         <name>__TI_decompress_lzss</name>
         <value>0x9e2c</value>
         <object_component_ref idref="oc-20"/>
      </symbol>
      <symbol id="sm-4c3">
         <name>__rem_pio2</name>
         <value>0x8800</value>
         <object_component_ref idref="oc-2dd"/>
      </symbol>
      <symbol id="sm-534">
         <name>__kernel_rem_pio2</name>
         <value>0xb000</value>
         <object_component_ref idref="oc-324"/>
      </symbol>
      <symbol id="sm-54a">
         <name>C$$EXIT</name>
         <value>0x9f0b</value>
         <object_component_ref idref="oc-151"/>
      </symbol>
      <symbol id="sm-54b">
         <name>abort</name>
         <value>0x9f0b</value>
         <object_component_ref idref="oc-151"/>
      </symbol>
      <symbol id="sm-54c">
         <name>exit</name>
         <value>0x9f0d</value>
         <object_component_ref idref="oc-151"/>
      </symbol>
      <symbol id="sm-54d">
         <name>__TI_dtors_ptr</name>
         <value>0xaf96</value>
         <object_component_ref idref="oc-1c3"/>
      </symbol>
      <symbol id="sm-54e">
         <name>__TI_cleanup_ptr</name>
         <value>0xaf94</value>
         <object_component_ref idref="oc-1c3"/>
      </symbol>
      <symbol id="sm-54f">
         <name>__TI_enable_exit_profile_output</name>
         <value>0xaf92</value>
         <object_component_ref idref="oc-1c3"/>
      </symbol>
      <symbol id="sm-566">
         <name>_nop</name>
         <value>0xa213</value>
         <object_component_ref idref="oc-20b"/>
      </symbol>
      <symbol id="sm-567">
         <name>_lock</name>
         <value>0xaf98</value>
         <object_component_ref idref="oc-1c6"/>
      </symbol>
      <symbol id="sm-568">
         <name>_unlock</name>
         <value>0xaf9a</value>
         <object_component_ref idref="oc-29a"/>
      </symbol>
      <symbol id="sm-569">
         <name>_register_lock</name>
         <value>0xa20f</value>
         <object_component_ref idref="oc-20b"/>
      </symbol>
      <symbol id="sm-56a">
         <name>_register_unlock</name>
         <value>0xa20b</value>
         <object_component_ref idref="oc-20b"/>
      </symbol>
      <symbol id="sm-579">
         <name>_args_main</name>
         <value>0xa1e1</value>
         <object_component_ref idref="oc-14b"/>
      </symbol>
      <symbol id="sm-58d">
         <name>rand</name>
         <value>0x9ec6</value>
         <object_component_ref idref="oc-28d"/>
      </symbol>
      <symbol id="sm-58e">
         <name>srand</name>
         <value>0x9eb6</value>
         <object_component_ref idref="oc-28d"/>
      </symbol>
      <symbol id="sm-5b0">
         <name>__kernel_cos</name>
         <value>0x8e3a</value>
         <object_component_ref idref="oc-2e3"/>
      </symbol>
      <symbol id="sm-5d3">
         <name>__kernel_sin</name>
         <value>0xb67c</value>
         <object_component_ref idref="oc-2d2"/>
      </symbol>
      <symbol id="sm-5f6">
         <name>floorl</name>
         <value>0x93ff</value>
         <object_component_ref idref="oc-35c"/>
      </symbol>
      <symbol id="sm-5f7">
         <name>floor</name>
         <value>0x93ff</value>
         <object_component_ref idref="oc-35c"/>
      </symbol>
      <symbol id="sm-619">
         <name>scalbn</name>
         <value>0x8f4d</value>
         <object_component_ref idref="oc-356"/>
      </symbol>
      <symbol id="sm-61a">
         <name>scalbnl</name>
         <value>0x8f4d</value>
         <object_component_ref idref="oc-356"/>
      </symbol>
      <symbol id="sm-61b">
         <name>ldexpl</name>
         <value>0x8f4d</value>
         <object_component_ref idref="oc-356"/>
      </symbol>
      <symbol id="sm-61c">
         <name>ldexp</name>
         <value>0x8f4d</value>
         <object_component_ref idref="oc-356"/>
      </symbol>
      <symbol id="sm-628">
         <name>__c28xabi_cmpd</name>
         <value>0x9ee1</value>
         <object_component_ref idref="oc-31f"/>
      </symbol>
      <symbol id="sm-633">
         <name>__c28xabi_dtol</name>
         <value>0xa01f</value>
         <object_component_ref idref="oc-312"/>
      </symbol>
      <symbol id="sm-63b">
         <name>__c28xabi_orll</name>
         <value>0xa0d2</value>
         <object_component_ref idref="oc-30d"/>
      </symbol>
      <symbol id="sm-63c">
         <name>__c28xabi_xorll</name>
         <value>0xa0da</value>
         <object_component_ref idref="oc-30d"/>
      </symbol>
      <symbol id="sm-63d">
         <name>__c28xabi_andll</name>
         <value>0xa0ca</value>
         <object_component_ref idref="oc-30d"/>
      </symbol>
      <symbol id="sm-647">
         <name>__c28xabi_modi</name>
         <value>0x9fb4</value>
         <object_component_ref idref="oc-34b"/>
      </symbol>
      <symbol id="sm-648">
         <name>__c28xabi_divi</name>
         <value>0x9fa3</value>
         <object_component_ref idref="oc-34b"/>
      </symbol>
      <symbol id="sm-654">
         <name>__c28xabi_ltod</name>
         <value>0xa079</value>
         <object_component_ref idref="oc-317"/>
      </symbol>
      <symbol id="sm-667">
         <name>memcpy</name>
         <value>0xa05c</value>
         <object_component_ref idref="oc-59"/>
      </symbol>
      <symbol id="sm-674">
         <name>_system_post_cinit</name>
         <value>0x87fe</value>
         <object_component_ref idref="oc-1da"/>
      </symbol>
      <symbol id="sm-67f">
         <name>errno</name>
         <value>0xaf9e</value>
         <object_component_ref idref="oc-37f"/>
      </symbol>
      <symbol id="sm-68d">
         <name>copysign</name>
         <value>0x9f5c</value>
         <object_component_ref idref="oc-379"/>
      </symbol>
      <symbol id="sm-68e">
         <name>copysignl</name>
         <value>0x9f5c</value>
         <object_component_ref idref="oc-379"/>
      </symbol>
      <symbol id="sm-690">
         <name>__c_args__</name>
         <value>0x0</value>
      </symbol>
   </symbol_table>
   <title>Link successful</title>
</link_info>
